Archive member included because of file (symbol)

/work/tools/arm-2012.09/bin/../arm-none-eabi/lib/thumb2/libc.a(lib_a-iprintf.o)
                              obj/flash_main.o (iprintf)
/work/tools/arm-2012.09/bin/../arm-none-eabi/lib/thumb2/libc.a(lib_a-vfiprintf.o)
                              /work/tools/arm-2012.09/bin/../arm-none-eabi/lib/thumb2/libc.a(lib_a-iprintf.o) (_vfiprintf_r)
/work/tools/arm-2012.09/bin/../arm-none-eabi/lib/thumb2/libc.a(lib_a-wsetup.o)
                              /work/tools/arm-2012.09/bin/../arm-none-eabi/lib/thumb2/libc.a(lib_a-vfiprintf.o) (__swsetup_r)
/work/tools/arm-2012.09/bin/../arm-none-eabi/lib/thumb2/libc.a(lib_a-fflush.o)
                              /work/tools/arm-2012.09/bin/../arm-none-eabi/lib/thumb2/libc.a(lib_a-vfiprintf.o) (_fflush_r)
/work/tools/arm-2012.09/bin/../arm-none-eabi/lib/thumb2/libc.a(lib_a-findfp.o)
                              /work/tools/arm-2012.09/bin/../arm-none-eabi/lib/thumb2/libc.a(lib_a-iprintf.o) (__sinit)
/work/tools/arm-2012.09/bin/../arm-none-eabi/lib/thumb2/libc.a(lib_a-fputwc.o)
                              /work/tools/arm-2012.09/bin/../arm-none-eabi/lib/thumb2/libc.a(lib_a-vfiprintf.o) (_fputwc_r)
/work/tools/arm-2012.09/bin/../arm-none-eabi/lib/thumb2/libc.a(lib_a-freer.o)
                              /work/tools/arm-2012.09/bin/../arm-none-eabi/lib/thumb2/libc.a(lib_a-wsetup.o) (_free_r)
/work/tools/arm-2012.09/bin/../arm-none-eabi/lib/thumb2/libc.a(lib_a-fvwrite.o)
                              /work/tools/arm-2012.09/bin/../arm-none-eabi/lib/thumb2/libc.a(lib_a-vfiprintf.o) (__sfvwrite_r)
/work/tools/arm-2012.09/bin/../arm-none-eabi/lib/thumb2/libc.a(lib_a-fwalk.o)
                              /work/tools/arm-2012.09/bin/../arm-none-eabi/lib/thumb2/libc.a(lib_a-findfp.o) (_fwalk)
/work/tools/arm-2012.09/bin/../arm-none-eabi/lib/thumb2/libc.a(lib_a-impure.o)
                              /work/tools/arm-2012.09/bin/../arm-none-eabi/lib/thumb2/libc.a(lib_a-fflush.o) (_global_impure_ptr)
/work/tools/arm-2012.09/bin/../arm-none-eabi/lib/thumb2/libc.a(lib_a-locale.o)
                              /work/tools/arm-2012.09/bin/../arm-none-eabi/lib/thumb2/libc.a(lib_a-fputwc.o) (__locale_mb_cur_max)
/work/tools/arm-2012.09/bin/../arm-none-eabi/lib/thumb2/libc.a(lib_a-makebuf.o)
                              /work/tools/arm-2012.09/bin/../arm-none-eabi/lib/thumb2/libc.a(lib_a-wsetup.o) (__smakebuf_r)
/work/tools/arm-2012.09/bin/../arm-none-eabi/lib/thumb2/libc.a(lib_a-mallocr.o)
                              /work/tools/arm-2012.09/bin/../arm-none-eabi/lib/thumb2/libc.a(lib_a-findfp.o) (_malloc_r)
/work/tools/arm-2012.09/bin/../arm-none-eabi/lib/thumb2/libc.a(lib_a-memchr.o)
                              /work/tools/arm-2012.09/bin/../arm-none-eabi/lib/thumb2/libc.a(lib_a-vfiprintf.o) (memchr)
/work/tools/arm-2012.09/bin/../arm-none-eabi/lib/thumb2/libc.a(lib_a-memcpy.o)
                              /work/tools/arm-2012.09/bin/../arm-none-eabi/lib/thumb2/libc.a(lib_a-fvwrite.o) (memcpy)
/work/tools/arm-2012.09/bin/../arm-none-eabi/lib/thumb2/libc.a(lib_a-memmove.o)
                              /work/tools/arm-2012.09/bin/../arm-none-eabi/lib/thumb2/libc.a(lib_a-fvwrite.o) (memmove)
/work/tools/arm-2012.09/bin/../arm-none-eabi/lib/thumb2/libc.a(lib_a-memset.o)
                              /work/tools/arm-2012.09/bin/../arm-none-eabi/lib/thumb2/libc.a(lib_a-findfp.o) (memset)
/work/tools/arm-2012.09/bin/../arm-none-eabi/lib/thumb2/libc.a(lib_a-mlock.o)
                              /work/tools/arm-2012.09/bin/../arm-none-eabi/lib/thumb2/libc.a(lib_a-freer.o) (__malloc_lock)
/work/tools/arm-2012.09/bin/../arm-none-eabi/lib/thumb2/libc.a(lib_a-reallocr.o)
                              /work/tools/arm-2012.09/bin/../arm-none-eabi/lib/thumb2/libc.a(lib_a-fvwrite.o) (_realloc_r)
/work/tools/arm-2012.09/bin/../arm-none-eabi/lib/thumb2/libc.a(lib_a-sbrkr.o)
                              /work/tools/arm-2012.09/bin/../arm-none-eabi/lib/thumb2/libc.a(lib_a-freer.o) (_sbrk_r)
/work/tools/arm-2012.09/bin/../arm-none-eabi/lib/thumb2/libc.a(lib_a-stdio.o)
                              /work/tools/arm-2012.09/bin/../arm-none-eabi/lib/thumb2/libc.a(lib_a-findfp.o) (__sread)
/work/tools/arm-2012.09/bin/../arm-none-eabi/lib/thumb2/libc.a(lib_a-strcmp.o)
                              /work/tools/arm-2012.09/bin/../arm-none-eabi/lib/thumb2/libc.a(lib_a-locale.o) (strcmp)
/work/tools/arm-2012.09/bin/../arm-none-eabi/lib/thumb2/libc.a(lib_a-strlen.o)
                              /work/tools/arm-2012.09/bin/../arm-none-eabi/lib/thumb2/libc.a(lib_a-vfiprintf.o) (strlen)
/work/tools/arm-2012.09/bin/../arm-none-eabi/lib/thumb2/libc.a(lib_a-wbuf.o)
                              /work/tools/arm-2012.09/bin/../arm-none-eabi/lib/thumb2/libc.a(lib_a-fputwc.o) (__swbuf_r)
/work/tools/arm-2012.09/bin/../arm-none-eabi/lib/thumb2/libc.a(lib_a-wcrtomb.o)
[...]
Memory Configuration

Name             Origin             Length             Attributes
rom              0x00400000         0x00040000         xr
ram              0x20000000         0x0000c000         xrw
*default*        0x00000000         0xffffffff

Linker script and memory map

LOAD /work/tools/arm-2012.09/bin/../lib/gcc/arm-none-eabi/4.7.2/thumb2/crti.o
LOAD /work/tools/arm-2012.09/bin/../lib/gcc/arm-none-eabi/4.7.2/thumb2/crtbegin.o
LOAD obj/flash_main.o
START GROUP
LOAD /work/tools/arm-2012.09/bin/../lib/gcc/arm-none-eabi/4.7.2/thumb2/libgcc.a
LOAD /work/tools/arm-2012.09/bin/../arm-none-eabi/lib/thumb2/libc.a
LOAD ../../../../libraries/libchip_sam3s/lib/libchip_sam3s4_gcc_dbg.a
LOAD ../../../../libraries/libboard_sam3s-ek/lib/libboard_sam3s_ek_gcc_dbg.a
END GROUP
START GROUP
LOAD /work/tools/arm-2012.09/bin/../lib/gcc/arm-none-eabi/4.7.2/thumb2/libgcc.a
LOAD /work/tools/arm-2012.09/bin/../arm-none-eabi/lib/thumb2/libc.a
END GROUP
LOAD /work/tools/arm-2012.09/bin/../lib/gcc/arm-none-eabi/4.7.2/thumb2/crtend.o
LOAD /work/tools/arm-2012.09/bin/../lib/gcc/arm-none-eabi/4.7.2/thumb2/crtn.o

.text           0x00400000     0x77a0
                0x00400000                . = ALIGN (0x4)
                0x00400000                _sfixed = .
 *(.vectors .vectors.*)
 .vectors       0x00400000       0xd0 ../../../../libraries/libboard_sam3s-ek/lib/libboard_sam3s_ek_gcc_dbg.a(board_cstartup_gnu.o)
                0x00400000                exception_table
 *(.text .text.* .gnu.linkonce.t.*)
 .text          0x004000d0       0xc8 /work/tools/arm-2012.09/bin/../lib/gcc/arm-none-eabi/4.7.2/thumb2/crtbegin.o
 .text.SysTick_Handler
                0x00400198       0x10 obj/flash_main.o
                0x00400198                SysTick_Handler
 .text.TC0_IrqHandler
                0x004001a8       0x20 obj/flash_main.o
                0x004001a8                TC0_IrqHandler
 .text.startup.main
                0x004001c8      0x1a4 obj/flash_main.o
                0x004001c8                main
 .text          0x0040036c       0x64 /work/tools/arm-2012.09/bin/../arm-none-eabi/lib/thumb2/libc.a(lib_a-iprintf.o)
                0x0040036c                iprintf
                0x004003a4                _iprintf_r
 .text          0x004003d0      0xd10 /work/tools/arm-2012.09/bin/../arm-none-eabi/lib/thumb2/libc.a(lib_a-vfiprintf.o)
                0x004003d0                __sprint_r
                0x0040044c                _vfiprintf_r
                0x004010c4                vfiprintf
 .text          0x004010e0      0x104 /work/tools/arm-2012.09/bin/../arm-none-eabi/lib/thumb2/libc.a(lib_a-wsetup.o)
                0x004010e0                __swsetup_r
 .text          0x004011e4      0x1c0 /work/tools/arm-2012.09/bin/../arm-none-eabi/lib/thumb2/libc.a(lib_a-fflush.o)
                0x004011e4                _fflush_r
                0x0040137c                fflush
 .text          0x004013a4      0x1c8 /work/tools/arm-2012.09/bin/../arm-none-eabi/lib/thumb2/libc.a(lib_a-findfp.o)
                0x004013ac                _cleanup_r
                0x00401408                __sfmoreglue
                0x00401438                _cleanup
                0x00401448                __sinit
                0x004014a4                __sfp
                0x0040152c                __sfp_lock_acquire
                0x00401530                __sfp_lock_release
                0x00401534                __sinit_lock_acquire
                0x00401538                __sinit_lock_release
                0x0040153c                __fp_lock_all
                0x00401554                __fp_unlock_all
 .text          0x0040156c      0x12c /work/tools/arm-2012.09/bin/../arm-none-eabi/lib/thumb2/libc.a(lib_a-fputwc.o)
                0x0040156c                _fputwc_r
                0x00401640                fputwc
 .text          0x00401698      0x238 /work/tools/arm-2012.09/bin/../arm-none-eabi/lib/thumb2/libc.a(lib_a-freer.o)
                0x00401698                _malloc_trim_r
                0x0040173c                _free_r
 .text          0x004018d0      0x31c /work/tools/arm-2012.09/bin/../arm-none-eabi/lib/thumb2/libc.a(lib_a-fvwrite.o)
                0x004018d0                __sfvwrite_r
 .text          0x00401bec       0xa0 /work/tools/arm-2012.09/bin/../arm-none-eabi/lib/thumb2/libc.a(lib_a-fwalk.o)
                0x00401bec                _fwalk
                0x00401c38                _fwalk_reent
 .text          0x00401c8c       0x9c /work/tools/arm-2012.09/bin/../arm-none-eabi/lib/thumb2/libc.a(lib_a-locale.o)
                0x00401c8c                _setlocale_r
                0x00401ce0                __locale_charset
                0x00401cec                __locale_mb_cur_max
                0x00401cf8                __locale_msgcharset
                0x00401d00                __locale_cjk_lang
                0x00401d04                _localeconv_r
                0x00401d0c                setlocale
                0x00401d20                localeconv
 .text          0x00401d28       0xf0 /work/tools/arm-2012.09/bin/../arm-none-eabi/lib/thumb2/libc.a(lib_a-makebuf.o)
                0x00401d28                __smakebuf_r
 .text          0x00401e18      0x598 /work/tools/arm-2012.09/bin/../arm-none-eabi/lib/thumb2/libc.a(lib_a-mallocr.o)
                0x00401e18                _malloc_r
 .text          0x004023b0       0x94 /work/tools/arm-2012.09/bin/../arm-none-eabi/lib/thumb2/libc.a(lib_a-memchr.o)
                0x004023b0                memchr
 .text          0x00402444      0x174 /work/tools/arm-2012.09/bin/../arm-none-eabi/lib/thumb2/libc.a(lib_a-memcpy.o)
                0x00402444                memcpy
 .text          0x004025b8       0xcc /work/tools/arm-2012.09/bin/../arm-none-eabi/lib/thumb2/libc.a(lib_a-memmove.o)
                0x004025b8                memmove
 .text          0x00402684       0xcc /work/tools/arm-2012.09/bin/../arm-none-eabi/lib/thumb2/libc.a(lib_a-memset.o)
                0x00402684                memset
 .text          0x00402750        0x8 /work/tools/arm-2012.09/bin/../arm-none-eabi/lib/thumb2/libc.a(lib_a-mlock.o)
                0x00402750                __malloc_lock
                0x00402754                __malloc_unlock
 .text          0x00402758      0x3cc /work/tools/arm-2012.09/bin/../arm-none-eabi/lib/thumb2/libc.a(lib_a-reallocr.o)
                0x00402758                _realloc_r
 .text          0x00402b24       0x28 /work/tools/arm-2012.09/bin/../arm-none-eabi/lib/thumb2/libc.a(lib_a-sbrkr.o)
                0x00402b24                _sbrk_r
 .text          0x00402b4c       0x8c /work/tools/arm-2012.09/bin/../arm-none-eabi/lib/thumb2/libc.a(lib_a-stdio.o)
                0x00402b4c                __sread
                0x00402b70                __seofread
                0x00402b74                __swrite
                0x00402bb0                __sseek
                0x00402bd0                __sclose
 .text          0x00402bd8      0x1dc /work/tools/arm-2012.09/bin/../arm-none-eabi/lib/thumb2/libc.a(lib_a-strcmp.o)
                0x00402bd8                strcmp
 .text          0x00402db4       0x60 /work/tools/arm-2012.09/bin/../arm-none-eabi/lib/thumb2/libc.a(lib_a-strlen.o)
                0x00402db4                strlen
 .text          0x00402e14      0x100 /work/tools/arm-2012.09/bin/../arm-none-eabi/lib/thumb2/libc.a(lib_a-wbuf.o)
                0x00402e14                __swbuf_r
                0x00402f00                __swbuf
 .text          0x00402f14       0xbc /work/tools/arm-2012.09/bin/../arm-none-eabi/lib/thumb2/libc.a(lib_a-wcrtomb.o)
                0x00402f14                _wcrtomb_r
                0x00402f6c                wcrtomb
 .text          0x00402fd0       0x48 /work/tools/arm-2012.09/bin/../arm-none-eabi/lib/thumb2/libc.a(lib_a-wctomb_r.o)
                0x00402fd0                __ascii_wctomb
                0x00402fe8                _wctomb_r
 .text          0x00403018       0x2c /work/tools/arm-2012.09/bin/../arm-none-eabi/lib/thumb2/libc.a(lib_a-writer.o)
                0x00403018                _write_r
 .text          0x00403044       0x28 /work/tools/arm-2012.09/bin/../arm-none-eabi/lib/thumb2/libc.a(lib_a-closer.o)
                0x00403044                _close_r
 .text          0x0040306c       0xc8 /work/tools/arm-2012.09/bin/../arm-none-eabi/lib/thumb2/libc.a(lib_a-fclose.o)
                0x0040306c                _fclose_r
                0x00403124                fclose
 .text          0x00403134       0x28 /work/tools/arm-2012.09/bin/../arm-none-eabi/lib/thumb2/libc.a(lib_a-fstatr.o)
                0x00403134                _fstat_r
 .text          0x0040315c       0x28 /work/tools/arm-2012.09/bin/../arm-none-eabi/lib/thumb2/libc.a(lib_a-isattyr.o)
                0x0040315c                _isatty_r
 .text          0x00403184       0x2c /work/tools/arm-2012.09/bin/../arm-none-eabi/lib/thumb2/libc.a(lib_a-lseekr.o)
                0x00403184                _lseek_r
 .text          0x004031b0       0x2c /work/tools/arm-2012.09/bin/../arm-none-eabi/lib/thumb2/libc.a(lib_a-readr.o)
                0x004031b0                _read_r
 .text.PioInterruptHandler
                0x004031dc       0xe8 ../../../../libraries/libchip_sam3s/lib/libchip_sam3s4_gcc_dbg.a(pio_it.o)
                0x004031dc                PioInterruptHandler
 .text.PIOA_IrqHandler
                0x004032c4       0x38 ../../../../libraries/libchip_sam3s/lib/libchip_sam3s4_gcc_dbg.a(pio_it.o)
                0x004032c4                PIOA_IrqHandler
 .text.PIOB_IrqHandler
                0x004032fc       0x20 ../../../../libraries/libchip_sam3s/lib/libchip_sam3s4_gcc_dbg.a(pio_it.o)
                0x004032fc                PIOB_IrqHandler
 .text.PIOC_IrqHandler
                0x0040331c       0x20 ../../../../libraries/libchip_sam3s/lib/libchip_sam3s4_gcc_dbg.a(pio_it.o)
                0x0040331c                PIOC_IrqHandler
 .text.PIO_InitializeInterrupts
                0x0040333c      0x140 ../../../../libraries/libchip_sam3s/lib/libchip_sam3s4_gcc_dbg.a(pio_it.o)
                0x0040333c                PIO_InitializeInterrupts
 .text.NVIC_DisableIRQ
                0x0040347c       0x38 ../../../../libraries/libchip_sam3s/lib/libchip_sam3s4_gcc_dbg.a(pio_it.o)
 .text.NVIC_ClearPendingIRQ
                0x004034b4       0x38 ../../../../libraries/libchip_sam3s/lib/libchip_sam3s4_gcc_dbg.a(pio_it.o)
 .text.NVIC_SetPriority
                0x004034ec       0x58 ../../../../libraries/libchip_sam3s/lib/libchip_sam3s4_gcc_dbg.a(pio_it.o)
 .text.NVIC_EnableIRQ
                0x00403544       0x34 ../../../../libraries/libchip_sam3s/lib/libchip_sam3s4_gcc_dbg.a(pio_it.o)
 .text.PIO_SetPeripheralA
                0x00403578       0x74 ../../../../libraries/libchip_sam3s/lib/libchip_sam3s4_gcc_dbg.a(pio.o)
 .text.PIO_SetPeripheralB
                0x004035ec       0x68 ../../../../libraries/libchip_sam3s/lib/libchip_sam3s4_gcc_dbg.a(pio.o)
 .text.PIO_SetPeripheralC
                0x00403654       0x68 ../../../../libraries/libchip_sam3s/lib/libchip_sam3s4_gcc_dbg.a(pio.o)
 .text.PIO_SetPeripheralD
                0x004036bc       0x5c ../../../../libraries/libchip_sam3s/lib/libchip_sam3s4_gcc_dbg.a(pio.o)
 .text.PIO_SetInput
                0x00403718       0x84 ../../../../libraries/libchip_sam3s/lib/libchip_sam3s4_gcc_dbg.a(pio.o)
 .text.PIO_SetOutput
                0x0040379c       0x6c ../../../../libraries/libchip_sam3s/lib/libchip_sam3s4_gcc_dbg.a(pio.o)
 .text.PIO_Configure
                0x00403808      0x158 ../../../../libraries/libchip_sam3s/lib/libchip_sam3s4_gcc_dbg.a(pio.o)
                0x00403808                PIO_Configure
 .text.PIO_Set  0x00403960       0x1c ../../../../libraries/libchip_sam3s/lib/libchip_sam3s4_gcc_dbg.a(pio.o)
                0x00403960                PIO_Set
 .text.PIO_Clear
                0x0040397c       0x1c ../../../../libraries/libchip_sam3s/lib/libchip_sam3s4_gcc_dbg.a(pio.o)
                0x0040397c                PIO_Clear
 .text.PIO_GetOutputDataStatus
                0x00403998       0x38 ../../../../libraries/libchip_sam3s/lib/libchip_sam3s4_gcc_dbg.a(pio.o)
                0x00403998                PIO_GetOutputDataStatus
 .text.PMC_EnablePeripheral
                0x004039d0       0xc4 ../../../../libraries/libchip_sam3s/lib/libchip_sam3s4_gcc_dbg.a(pmc.o)
                0x004039d0                PMC_EnablePeripheral
 .text.TC_Configure
                0x00403a94       0x68 ../../../../libraries/libchip_sam3s/lib/libchip_sam3s4_gcc_dbg.a(tc.o)
                0x00403a94                TC_Configure
 .text.TC_Start
                0x00403afc       0x54 ../../../../libraries/libchip_sam3s/lib/libchip_sam3s4_gcc_dbg.a(tc.o)
                0x00403afc                TC_Start
 .text.TC_FindMckDivisor
                0x00403b50       0xd8 ../../../../libraries/libchip_sam3s/lib/libchip_sam3s4_gcc_dbg.a(tc.o)
                0x00403b50                TC_FindMckDivisor
 .text.WDT_Disable
                0x00403c28       0x1c ../../../../libraries/libchip_sam3s/lib/libchip_sam3s4_gcc_dbg.a(wdt.o)
                0x00403c28                WDT_Disable
 .text.PIO_CaptureHandler
                0x00403c44      0x104 ../../../../libraries/libchip_sam3s/lib/libchip_sam3s4_gcc_dbg.a(pio_capture.o)
                0x00403c44                PIO_CaptureHandler
 .text.USART_Configure
                0x00403d48       0x90 ../../../../libraries/libchip_sam3s/lib/libchip_sam3s4_gcc_dbg.a(usart.o)
                0x00403d48                USART_Configure
 .text.USART_SetTransmitterEnabled
                0x00403dd8       0x30 ../../../../libraries/libchip_sam3s/lib/libchip_sam3s4_gcc_dbg.a(usart.o)
                0x00403dd8                USART_SetTransmitterEnabled
 .text.USART_SetReceiverEnabled
                0x00403e08       0x30 ../../../../libraries/libchip_sam3s/lib/libchip_sam3s4_gcc_dbg.a(usart.o)
                0x00403e08                USART_SetReceiverEnabled
 .text.USART_PutChar
                0x00403e38       0x34 ../../../../libraries/libchip_sam3s/lib/libchip_sam3s4_gcc_dbg.a(usart.o)
                0x00403e38                USART_PutChar
 .text._sbrk    0x00403e6c       0x40 ../../../../libraries/libboard_sam3s-ek/lib/libboard_sam3s_ek_gcc_dbg.a(syscalls.o)
                0x00403e6c                _sbrk
 .text._close   0x00403eac       0x18 ../../../../libraries/libboard_sam3s-ek/lib/libboard_sam3s_ek_gcc_dbg.a(syscalls.o)
                0x00403eac                _close
 .text._fstat   0x00403ec4       0x24 ../../../../libraries/libboard_sam3s-ek/lib/libboard_sam3s_ek_gcc_dbg.a(syscalls.o)
                0x00403ec4                _fstat
 .text._isatty  0x00403ee8       0x18 ../../../../libraries/libboard_sam3s-ek/lib/libboard_sam3s_ek_gcc_dbg.a(syscalls.o)
                0x00403ee8                _isatty
 .text._lseek   0x00403f00       0x1c ../../../../libraries/libboard_sam3s-ek/lib/libboard_sam3s_ek_gcc_dbg.a(syscalls.o)
                0x00403f00                _lseek
 .text._read    0x00403f1c       0x1c ../../../../libraries/libboard_sam3s-ek/lib/libboard_sam3s_ek_gcc_dbg.a(syscalls.o)
                0x00403f1c                _read
 .text._write   0x00403f38       0x4c ../../../../libraries/libboard_sam3s-ek/lib/libboard_sam3s_ek_gcc_dbg.a(syscalls.o)
                0x00403f38                _write
 .text._exit    0x00403f84       0x1c ../../../../libraries/libboard_sam3s-ek/lib/libboard_sam3s_ek_gcc_dbg.a(syscalls.o)
                0x00403f84                _exit
 .text._kill    0x00403fa0       0x18 ../../../../libraries/libboard_sam3s-ek/lib/libboard_sam3s_ek_gcc_dbg.a(syscalls.o)
                0x00403fa0                _kill
 .text._getpid  0x00403fb8       0x10 ../../../../libraries/libboard_sam3s-ek/lib/libboard_sam3s_ek_gcc_dbg.a(syscalls.o)
                0x00403fb8                _getpid
 .text.ResetException
                0x00403fc8       0xc0 ../../../../libraries/libboard_sam3s-ek/lib/libboard_sam3s_ek_gcc_dbg.a(board_cstartup_gnu.o)
                0x00403fc8                ResetException
 .text.LowLevelInit
                0x00404088      0x184 ../../../../libraries/libboard_sam3s-ek/lib/libboard_sam3s_ek_gcc_dbg.a(board_lowlevel.o)
                0x00404088                LowLevelInit
 .text.LED_Configure
                0x0040420c       0x4c ../../../../libraries/libboard_sam3s-ek/lib/libboard_sam3s_ek_gcc_dbg.a(led.o)
                0x0040420c                LED_Configure
 .text.LED_Toggle
                0x00404258       0x8c ../../../../libraries/libboard_sam3s-ek/lib/libboard_sam3s_ek_gcc_dbg.a(led.o)
                0x00404258                LED_Toggle
 .text          0x004042e4       0x2c /work/tools/arm-2012.09/bin/../lib/gcc/arm-none-eabi/4.7.2/thumb2/libgcc.a(_aeabi_uldivmod.o)
                0x004042e4                __aeabi_uldivmod
 .text          0x00404310       0x60 /work/tools/arm-2012.09/bin/../lib/gcc/arm-none-eabi/4.7.2/thumb2/libgcc.a(bpabi.o)
                0x00404310                __gnu_ldivmod_helper
                0x00404340                __gnu_uldivmod_helper
 .text          0x00404370      0xa34 /work/tools/arm-2012.09/bin/../lib/gcc/arm-none-eabi/4.7.2/thumb2/libgcc.a(unwind-arm.o)
                0x00404648                _Unwind_GetCFA
                0x0040464c                __gnu_Unwind_RaiseException
                0x004046ac                __gnu_Unwind_ForcedUnwind
                0x004046c4                __gnu_Unwind_Resume
                0x00404708                __gnu_Unwind_Resume_or_Rethrow
                0x00404720                _Unwind_Complete
                0x00404724                _Unwind_DeleteException
                0x00404734                _Unwind_VRS_Get
                0x0040477c                _Unwind_VRS_Set
                0x00404ab0                __aeabi_unwind_cpp_pr2
                0x00404ab8                __aeabi_unwind_cpp_pr1
                0x00404ac0                __aeabi_unwind_cpp_pr0
                0x00404ac8                __gnu_Unwind_Backtrace
                0x00404b38                _Unwind_VRS_Pop
 .text          0x00404da4      0x1ac /work/tools/arm-2012.09/bin/../lib/gcc/arm-none-eabi/4.7.2/thumb2/libgcc.a(libunwind.o)
                0x00404da4                __restore_core_regs
                0x00404da4                restore_core_regs
                0x00404dbc                __gnu_Unwind_Restore_VFP
                0x00404dc4                __gnu_Unwind_Save_VFP
                0x00404dcc                __gnu_Unwind_Restore_VFP_D
                0x00404dd4                __gnu_Unwind_Save_VFP_D
                0x00404ddc                __gnu_Unwind_Restore_VFP_D_16_to_31
                0x00404de4                __gnu_Unwind_Save_VFP_D_16_to_31
                0x00404dec                __gnu_Unwind_Restore_WMMXD
                0x00404e30                __gnu_Unwind_Save_WMMXD
                0x00404e74                __gnu_Unwind_Restore_WMMXC
                0x00404e88                __gnu_Unwind_Save_WMMXC
                0x00404e9c                ___Unwind_RaiseException
                0x00404e9c                _Unwind_RaiseException
                0x00404ec0                ___Unwind_Resume
                0x00404ec0                _Unwind_Resume
                0x00404ee4                _Unwind_Resume_or_Rethrow
                0x00404ee4                ___Unwind_Resume_or_Rethrow
                0x00404f08                ___Unwind_ForcedUnwind
                0x00404f08                _Unwind_ForcedUnwind
                0x00404f2c                _Unwind_Backtrace
                0x00404f2c                ___Unwind_Backtrace
 .text          0x00404f50      0x3a8 /work/tools/arm-2012.09/bin/../lib/gcc/arm-none-eabi/4.7.2/thumb2/libgcc.a(pr-support.o)
                0x00404fa0                __gnu_unwind_execute
                0x0040529c                __gnu_unwind_frame
                0x004052c8                _Unwind_GetRegionStart
                0x004052d4                _Unwind_GetLanguageSpecificData
                0x004052e8                _Unwind_GetDataRelBase
                0x004052f0                _Unwind_GetTextRelBase
 .text          0x004052f8        0x4 /work/tools/arm-2012.09/bin/../lib/gcc/arm-none-eabi/4.7.2/thumb2/libgcc.a(_dvmd_tls.o)
                0x004052f8                __aeabi_ldiv0
                0x004052f8                __aeabi_idiv0
 .text          0x004052fc      0x36c /work/tools/arm-2012.09/bin/../lib/gcc/arm-none-eabi/4.7.2/thumb2/libgcc.a(_divdi3.o)
                0x004052fc                __divdi3
 .text          0x00405668      0x314 /work/tools/arm-2012.09/bin/../lib/gcc/arm-none-eabi/4.7.2/thumb2/libgcc.a(_udivdi3.o)
                0x00405668                __udivdi3
 *fill*         0x0040597c        0x4 
 .text          0x00405980      0x278 /work/tools/arm-2012.09/bin/../lib/gcc/arm-none-eabi/4.7.2/thumb2/libgcc.a(_udivsi3.o)
                0x00405980                __udivsi3
                0x00405980                __aeabi_uidiv
                0x00405bdc                __aeabi_uidivmod
 .text          0x00405bf8       0x10 /work/tools/arm-2012.09/bin/../arm-none-eabi/lib/thumb2/libc.a(lib_a-abort.o)
                0x00405bf8                abort
 .text          0x00405c08       0x58 /work/tools/arm-2012.09/bin/../arm-none-eabi/lib/thumb2/libc.a(lib_a-init.o)
                0x00405c08                __libc_init_array
 .text          0x00405c60      0x150 /work/tools/arm-2012.09/bin/../arm-none-eabi/lib/thumb2/libc.a(lib_a-signal.o)
                0x00405c60                _init_signal_r
                0x00405c90                _signal_r
                0x00405ccc                _raise_r
                0x00405d20                __sigtramp_r
                0x00405d6c                raise
                0x00405d7c                signal
                0x00405d90                _init_signal
                0x00405da0                __sigtramp
 .text          0x00405db0       0x2c /work/tools/arm-2012.09/bin/../arm-none-eabi/lib/thumb2/libc.a(lib_a-signalr.o)
                0x00405db0                _kill_r
                0x00405dd8                _getpid_r
 .text.UDP_EndOfTransfer
                0x00405ddc      0x118 ../../../../libraries/libchip_sam3s/lib/libchip_sam3s4_gcc_dbg.a(USBD_HAL.o)
 .text.UDP_ClearRxFlag
                0x00405ef4      0x11c ../../../../libraries/libchip_sam3s/lib/libchip_sam3s4_gcc_dbg.a(USBD_HAL.o)
 .text.UDP_MblUpdate
                0x00406010       0xd8 ../../../../libraries/libchip_sam3s/lib/libchip_sam3s4_gcc_dbg.a(USBD_HAL.o)
 .text.UDP_MblWriteFifo
                0x004060e8      0x22c ../../../../libraries/libchip_sam3s/lib/libchip_sam3s4_gcc_dbg.a(USBD_HAL.o)
 .text.UDP_WritePayload
                0x00406314       0xa4 ../../../../libraries/libchip_sam3s/lib/libchip_sam3s4_gcc_dbg.a(USBD_HAL.o)
 .text.UDP_ReadPayload
                0x004063b8       0xb8 ../../../../libraries/libchip_sam3s/lib/libchip_sam3s4_gcc_dbg.a(USBD_HAL.o)
 .text.UDP_ReadRequest
                0x00406470       0x44 ../../../../libraries/libchip_sam3s/lib/libchip_sam3s4_gcc_dbg.a(USBD_HAL.o)
 .text.UDP_IsTransferFinished
                0x004064b4       0x98 ../../../../libraries/libchip_sam3s/lib/libchip_sam3s4_gcc_dbg.a(USBD_HAL.o)
 .text.UDP_EndpointHandler
                0x0040654c      0x95c ../../../../libraries/libchip_sam3s/lib/libchip_sam3s4_gcc_dbg.a(USBD_HAL.o)
 .text.USBD_IrqHandler
                0x00406ea8      0x16c ../../../../libraries/libchip_sam3s/lib/libchip_sam3s4_gcc_dbg.a(USBD_HAL.o)
                0x00406ea8                USBD_IrqHandler
 .text.IrqHandlerNotUsed
                0x00407014        0x8 ../../../../libraries/libchip_sam3s/lib/libchip_sam3s4_gcc_dbg.a(exceptions.o)
                0x00407014                IrqHandlerNotUsed
 .text.NMI_Handler
                0x0040701c        0x8 ../../../../libraries/libchip_sam3s/lib/libchip_sam3s4_gcc_dbg.a(exceptions.o)
                0x0040701c                NMI_Handler
 .text.HardFault_Handler
                0x00407024        0x8 ../../../../libraries/libchip_sam3s/lib/libchip_sam3s4_gcc_dbg.a(exceptions.o)
                0x00407024                HardFault_Handler
 .text.MemManage_Handler
                0x0040702c        0x8 ../../../../libraries/libchip_sam3s/lib/libchip_sam3s4_gcc_dbg.a(exceptions.o)
                0x0040702c                MemManage_Handler
 .text.BusFault_Handler
                0x00407034        0x8 ../../../../libraries/libchip_sam3s/lib/libchip_sam3s4_gcc_dbg.a(exceptions.o)
                0x00407034                BusFault_Handler
 .text.UsageFault_Handler
                0x0040703c        0x8 ../../../../libraries/libchip_sam3s/lib/libchip_sam3s4_gcc_dbg.a(exceptions.o)
                0x0040703c                UsageFault_Handler
 .text.SVC_Handler
                0x00407044        0x8 ../../../../libraries/libchip_sam3s/lib/libchip_sam3s4_gcc_dbg.a(exceptions.o)
                0x00407044                SVC_Handler
 .text.DebugMon_Handler
                0x0040704c        0x8 ../../../../libraries/libchip_sam3s/lib/libchip_sam3s4_gcc_dbg.a(exceptions.o)
                0x0040704c                DebugMon_Handler
 .text.PendSV_Handler
                0x00407054        0x8 ../../../../libraries/libchip_sam3s/lib/libchip_sam3s4_gcc_dbg.a(exceptions.o)
                0x00407054                PendSV_Handler
 .text.SUPC_IrqHandler
                0x0040705c        0x8 ../../../../libraries/libchip_sam3s/lib/libchip_sam3s4_gcc_dbg.a(exceptions.o)
                0x0040705c                SUPC_IrqHandler
 .text.RSTC_IrqHandler
                0x00407064        0x8 ../../../../libraries/libchip_sam3s/lib/libchip_sam3s4_gcc_dbg.a(exceptions.o)
                0x00407064                RSTC_IrqHandler
 .text.RTC_IrqHandler
                0x0040706c        0x8 ../../../../libraries/libchip_sam3s/lib/libchip_sam3s4_gcc_dbg.a(exceptions.o)
                0x0040706c                RTC_IrqHandler
 .text.RTT_IrqHandler
                0x00407074        0x8 ../../../../libraries/libchip_sam3s/lib/libchip_sam3s4_gcc_dbg.a(exceptions.o)
                0x00407074                RTT_IrqHandler
 .text.WDT_IrqHandler
                0x0040707c        0x8 ../../../../libraries/libchip_sam3s/lib/libchip_sam3s4_gcc_dbg.a(exceptions.o)
                0x0040707c                WDT_IrqHandler
 .text.PMC_IrqHandler
                0x00407084        0x8 ../../../../libraries/libchip_sam3s/lib/libchip_sam3s4_gcc_dbg.a(exceptions.o)
                0x00407084                PMC_IrqHandler
 .text.EEFC_IrqHandler
                0x0040708c        0x8 ../../../../libraries/libchip_sam3s/lib/libchip_sam3s4_gcc_dbg.a(exceptions.o)
                0x0040708c                EEFC_IrqHandler
 .text.UART0_IrqHandler
                0x00407094        0x8 ../../../../libraries/libchip_sam3s/lib/libchip_sam3s4_gcc_dbg.a(exceptions.o)
                0x00407094                UART0_IrqHandler
 .text.UART1_IrqHandler
                0x0040709c        0x8 ../../../../libraries/libchip_sam3s/lib/libchip_sam3s4_gcc_dbg.a(exceptions.o)
                0x0040709c                UART1_IrqHandler
 .text.SMC_IrqHandler
                0x004070a4        0x8 ../../../../libraries/libchip_sam3s/lib/libchip_sam3s4_gcc_dbg.a(exceptions.o)
                0x004070a4                SMC_IrqHandler
 .text.USART0_IrqHandler
                0x004070ac        0x8 ../../../../libraries/libchip_sam3s/lib/libchip_sam3s4_gcc_dbg.a(exceptions.o)
                0x004070ac                USART0_IrqHandler
 .text.USART1_IrqHandler
                0x004070b4        0x8 ../../../../libraries/libchip_sam3s/lib/libchip_sam3s4_gcc_dbg.a(exceptions.o)
                0x004070b4                USART1_IrqHandler
 .text.MCI_IrqHandler
                0x004070bc        0x8 ../../../../libraries/libchip_sam3s/lib/libchip_sam3s4_gcc_dbg.a(exceptions.o)
                0x004070bc                MCI_IrqHandler
 .text.TWI0_IrqHandler
                0x004070c4        0x8 ../../../../libraries/libchip_sam3s/lib/libchip_sam3s4_gcc_dbg.a(exceptions.o)
                0x004070c4                TWI0_IrqHandler
 .text.TWI1_IrqHandler
                0x004070cc        0x8 ../../../../libraries/libchip_sam3s/lib/libchip_sam3s4_gcc_dbg.a(exceptions.o)
                0x004070cc                TWI1_IrqHandler
 .text.SPI_IrqHandler
                0x004070d4        0x8 ../../../../libraries/libchip_sam3s/lib/libchip_sam3s4_gcc_dbg.a(exceptions.o)
                0x004070d4                SPI_IrqHandler
 .text.SSC_IrqHandler
                0x004070dc        0x8 ../../../../libraries/libchip_sam3s/lib/libchip_sam3s4_gcc_dbg.a(exceptions.o)
                0x004070dc                SSC_IrqHandler
 .text.TC1_IrqHandler
                0x004070e4        0x8 ../../../../libraries/libchip_sam3s/lib/libchip_sam3s4_gcc_dbg.a(exceptions.o)
                0x004070e4                TC1_IrqHandler
 .text.TC2_IrqHandler
                0x004070ec        0x8 ../../../../libraries/libchip_sam3s/lib/libchip_sam3s4_gcc_dbg.a(exceptions.o)
                0x004070ec                TC2_IrqHandler
 .text.TC3_IrqHandler
                0x004070f4        0x8 ../../../../libraries/libchip_sam3s/lib/libchip_sam3s4_gcc_dbg.a(exceptions.o)
                0x004070f4                TC3_IrqHandler
 .text.TC4_IrqHandler
                0x004070fc        0x8 ../../../../libraries/libchip_sam3s/lib/libchip_sam3s4_gcc_dbg.a(exceptions.o)
                0x004070fc                TC4_IrqHandler
 .text.TC5_IrqHandler
                0x00407104        0x8 ../../../../libraries/libchip_sam3s/lib/libchip_sam3s4_gcc_dbg.a(exceptions.o)
                0x00407104                TC5_IrqHandler
 .text.ADC_IrqHandler
                0x0040710c        0x8 ../../../../libraries/libchip_sam3s/lib/libchip_sam3s4_gcc_dbg.a(exceptions.o)
                0x0040710c                ADC_IrqHandler
 .text.DAC_IrqHandler
                0x00407114        0x8 ../../../../libraries/libchip_sam3s/lib/libchip_sam3s4_gcc_dbg.a(exceptions.o)
                0x00407114                DAC_IrqHandler
 .text.PWM_IrqHandler
                0x0040711c        0x8 ../../../../libraries/libchip_sam3s/lib/libchip_sam3s4_gcc_dbg.a(exceptions.o)
                0x0040711c                PWM_IrqHandler
 .text.CRCCU_IrqHandler
                0x00407124        0x8 ../../../../libraries/libchip_sam3s/lib/libchip_sam3s4_gcc_dbg.a(exceptions.o)
                0x00407124                CRCCU_IrqHandler
 .text.ACC_IrqHandler
                0x0040712c        0x8 ../../../../libraries/libchip_sam3s/lib/libchip_sam3s4_gcc_dbg.a(exceptions.o)
                0x0040712c                ACC_IrqHandler
 *(.glue_7t)
 .glue_7t       0x00000000        0x0 linker stubs
 *(.glue_7)
 .glue_7        0x00000000        0x0 linker stubs
 *(.rodata .rodata* .gnu.linkonce.r.*)
 .rodata        0x00407134       0x3c obj/flash_main.o
                0x0040714c                pinPCK
                0x00407158                pinPB2
                0x00407164                pinPB1
 .rodata.str1.1
                0x00407170      0x130 obj/flash_main.o
 .rodata        0x004072a0       0x20 /work/tools/arm-2012.09/bin/../arm-none-eabi/lib/thumb2/libc.a(lib_a-vfiprintf.o)
 .rodata.str1.4
                0x004072c0       0x2f /work/tools/arm-2012.09/bin/../arm-none-eabi/lib/thumb2/libc.a(lib_a-vfiprintf.o)
                                 0x30 (size before relaxing)
 *fill*         0x004072ef        0x1 
 .rodata        0x004072f0       0x60 /work/tools/arm-2012.09/bin/../arm-none-eabi/lib/thumb2/libc.a(lib_a-findfp.o)
                0x004072f0                __sf_fake_stderr
                0x00407310                __sf_fake_stdout
                0x00407330                __sf_fake_stdin
 .rodata        0x00407350        0x4 /work/tools/arm-2012.09/bin/../arm-none-eabi/lib/thumb2/libc.a(lib_a-impure.o)
                0x00407350                _global_impure_ptr
 .rodata.str1.4
                0x00407354        0x2 /work/tools/arm-2012.09/bin/../arm-none-eabi/lib/thumb2/libc.a(lib_a-impure.o)
                                  0x4 (size before relaxing)
 *fill*         0x00407356        0x2 
 .rodata.str1.4
                0x00407358        0xc /work/tools/arm-2012.09/bin/../arm-none-eabi/lib/thumb2/libc.a(lib_a-locale.o)
                                 0x14 (size before relaxing)
 .rodata        0x00407364       0xb0 ../../../../libraries/libchip_sam3s/lib/libchip_sam3s4_gcc_dbg.a(pio_it.o)
 .rodata        0x00407414       0x64 ../../../../libraries/libchip_sam3s/lib/libchip_sam3s4_gcc_dbg.a(pmc.o)
 .rodata        0x00407478       0x80 ../../../../libraries/libchip_sam3s/lib/libchip_sam3s4_gcc_dbg.a(tc.o)
 .rodata        0x004074f8       0x1c ../../../../libraries/libboard_sam3s-ek/lib/libboard_sam3s_ek_gcc_dbg.a(syscalls.o)
 .rodata        0x00407514       0x28 ../../../../libraries/libboard_sam3s-ek/lib/libboard_sam3s_ek_gcc_dbg.a(led.o)
 .rodata        0x0040753c       0x64 ../../../../libraries/libchip_sam3s/lib/libchip_sam3s4_gcc_dbg.a(USBD_HAL.o)
 *(.ARM.extab* .gnu.linkonce.armextab.*)
 .ARM.extab.text.PioInterruptHandler
                0x004075a0        0xc ../../../../libraries/libchip_sam3s/lib/libchip_sam3s4_gcc_dbg.a(pio_it.o)
 .ARM.extab.text.PIO_InitializeInterrupts
                0x004075ac        0xc ../../../../libraries/libchip_sam3s/lib/libchip_sam3s4_gcc_dbg.a(pio_it.o)
 .ARM.extab.text.NVIC_DisableIRQ
                0x004075b8        0xc ../../../../libraries/libchip_sam3s/lib/libchip_sam3s4_gcc_dbg.a(pio_it.o)
 .ARM.extab.text.NVIC_ClearPendingIRQ
                0x004075c4        0xc ../../../../libraries/libchip_sam3s/lib/libchip_sam3s4_gcc_dbg.a(pio_it.o)
 .ARM.extab.text.NVIC_SetPriority
                0x004075d0        0xc ../../../../libraries/libchip_sam3s/lib/libchip_sam3s4_gcc_dbg.a(pio_it.o)
 .ARM.extab.text.NVIC_EnableIRQ
                0x004075dc        0xc ../../../../libraries/libchip_sam3s/lib/libchip_sam3s4_gcc_dbg.a(pio_it.o)
 .ARM.extab.text.PIO_SetPeripheralA
                0x004075e8        0xc ../../../../libraries/libchip_sam3s/lib/libchip_sam3s4_gcc_dbg.a(pio.o)
 .ARM.extab.text.PIO_SetPeripheralB
                0x004075f4        0xc ../../../../libraries/libchip_sam3s/lib/libchip_sam3s4_gcc_dbg.a(pio.o)
 .ARM.extab.text.PIO_SetPeripheralC
                0x00407600        0xc ../../../../libraries/libchip_sam3s/lib/libchip_sam3s4_gcc_dbg.a(pio.o)
 .ARM.extab.text.PIO_SetPeripheralD
                0x0040760c        0xc ../../../../libraries/libchip_sam3s/lib/libchip_sam3s4_gcc_dbg.a(pio.o)
 .ARM.extab.text.PIO_SetInput
                0x00407618        0xc ../../../../libraries/libchip_sam3s/lib/libchip_sam3s4_gcc_dbg.a(pio.o)
 .ARM.extab.text.PIO_SetOutput
                0x00407624        0xc ../../../../libraries/libchip_sam3s/lib/libchip_sam3s4_gcc_dbg.a(pio.o)
 .ARM.extab.text.PIO_Configure
                0x00407630        0xc ../../../../libraries/libchip_sam3s/lib/libchip_sam3s4_gcc_dbg.a(pio.o)
 .ARM.extab.text.PIO_Set
                0x0040763c        0xc ../../../../libraries/libchip_sam3s/lib/libchip_sam3s4_gcc_dbg.a(pio.o)
 .ARM.extab.text.PIO_Clear
                0x00407648        0xc ../../../../libraries/libchip_sam3s/lib/libchip_sam3s4_gcc_dbg.a(pio.o)
 .ARM.extab.text.PIO_GetOutputDataStatus
                0x00407654        0xc ../../../../libraries/libchip_sam3s/lib/libchip_sam3s4_gcc_dbg.a(pio.o)
 .ARM.extab.text.PMC_EnablePeripheral
                0x00407660        0xc ../../../../libraries/libchip_sam3s/lib/libchip_sam3s4_gcc_dbg.a(pmc.o)
 .ARM.extab.text.TC_Configure
                0x0040766c        0xc ../../../../libraries/libchip_sam3s/lib/libchip_sam3s4_gcc_dbg.a(tc.o)
 .ARM.extab.text.TC_Start
                0x00407678        0xc ../../../../libraries/libchip_sam3s/lib/libchip_sam3s4_gcc_dbg.a(tc.o)
 .ARM.extab.text.TC_FindMckDivisor
                0x00407684        0xc ../../../../libraries/libchip_sam3s/lib/libchip_sam3s4_gcc_dbg.a(tc.o)
 .ARM.extab.text.WDT_Disable
                0x00407690        0xc ../../../../libraries/libchip_sam3s/lib/libchip_sam3s4_gcc_dbg.a(wdt.o)
 .ARM.extab.text.PIO_CaptureHandler
                0x0040769c        0xc ../../../../libraries/libchip_sam3s/lib/libchip_sam3s4_gcc_dbg.a(pio_capture.o)
 .ARM.extab.text.USART_Configure
                0x004076a8        0xc ../../../../libraries/libchip_sam3s/lib/libchip_sam3s4_gcc_dbg.a(usart.o)
 .ARM.extab.text.USART_SetTransmitterEnabled
                0x004076b4        0xc ../../../../libraries/libchip_sam3s/lib/libchip_sam3s4_gcc_dbg.a(usart.o)
 .ARM.extab.text.USART_SetReceiverEnabled
                0x004076c0        0xc ../../../../libraries/libchip_sam3s/lib/libchip_sam3s4_gcc_dbg.a(usart.o)
 .ARM.extab.text.USART_PutChar
                0x004076cc        0xc ../../../../libraries/libchip_sam3s/lib/libchip_sam3s4_gcc_dbg.a(usart.o)
 .ARM.extab     0x004076d8       0x18 /work/tools/arm-2012.09/bin/../lib/gcc/arm-none-eabi/4.7.2/thumb2/libgcc.a(unwind-arm.o)
 .ARM.extab     0x004076f0       0x18 /work/tools/arm-2012.09/bin/../lib/gcc/arm-none-eabi/4.7.2/thumb2/libgcc.a(pr-support.o)
 .ARM.extab.text.UDP_EndOfTransfer
                0x00407708        0xc ../../../../libraries/libchip_sam3s/lib/libchip_sam3s4_gcc_dbg.a(USBD_HAL.o)
 .ARM.extab.text.UDP_ClearRxFlag
                0x00407714        0xc ../../../../libraries/libchip_sam3s/lib/libchip_sam3s4_gcc_dbg.a(USBD_HAL.o)
 .ARM.extab.text.UDP_MblUpdate
                0x00407720        0xc ../../../../libraries/libchip_sam3s/lib/libchip_sam3s4_gcc_dbg.a(USBD_HAL.o)
 .ARM.extab.text.UDP_MblWriteFifo
                0x0040772c        0xc ../../../../libraries/libchip_sam3s/lib/libchip_sam3s4_gcc_dbg.a(USBD_HAL.o)
 .ARM.extab.text.UDP_WritePayload
                0x00407738        0xc ../../../../libraries/libchip_sam3s/lib/libchip_sam3s4_gcc_dbg.a(USBD_HAL.o)
 .ARM.extab.text.UDP_ReadPayload
                0x00407744        0xc ../../../../libraries/libchip_sam3s/lib/libchip_sam3s4_gcc_dbg.a(USBD_HAL.o)
 .ARM.extab.text.UDP_ReadRequest
                0x00407750        0xc ../../../../libraries/libchip_sam3s/lib/libchip_sam3s4_gcc_dbg.a(USBD_HAL.o)
 .ARM.extab.text.UDP_IsTransferFinished
                0x0040775c        0xc ../../../../libraries/libchip_sam3s/lib/libchip_sam3s4_gcc_dbg.a(USBD_HAL.o)
 .ARM.extab.text.UDP_EndpointHandler
                0x00407768        0xc ../../../../libraries/libchip_sam3s/lib/libchip_sam3s4_gcc_dbg.a(USBD_HAL.o)
 .ARM.extab.text.USBD_IrqHandler
                0x00407774        0xc ../../../../libraries/libchip_sam3s/lib/libchip_sam3s4_gcc_dbg.a(USBD_HAL.o)
                0x00407780                . = ALIGN (0x4)
 *(.init)
 .init          0x00407780        0x4 /work/tools/arm-2012.09/bin/../lib/gcc/arm-none-eabi/4.7.2/thumb2/crti.o
                0x00407780                _init
 .init          0x00407784        0x8 /work/tools/arm-2012.09/bin/../lib/gcc/arm-none-eabi/4.7.2/thumb2/crtn.o
                0x0040778c                . = ALIGN (0x4)
                0x0040778c                __preinit_array_start = .
 *(.preinit_array)
                0x0040778c                __preinit_array_end = .
                0x0040778c                . = ALIGN (0x4)
                0x0040778c                __init_array_start = .
 *(SORT(.init_array.*))
 *(.init_array)
 .init_array    0x0040778c        0x4 /work/tools/arm-2012.09/bin/../lib/gcc/arm-none-eabi/4.7.2/thumb2/crtbegin.o
                0x00407790                __init_array_end = .
                0x00407790                . = ALIGN (0x4)
 *crtbegin.o(.ctors)
 *(EXCLUDE_FILE(*crtend.o) .ctors)
 *(SORT(.ctors.*))
 *crtend.o(.ctors)
                0x00407790                . = ALIGN (0x4)
 *(.fini)
 .fini          0x00407790        0x4 /work/tools/arm-2012.09/bin/../lib/gcc/arm-none-eabi/4.7.2/thumb2/crti.o
                0x00407790                _fini
 .fini          0x00407794        0x8 /work/tools/arm-2012.09/bin/../lib/gcc/arm-none-eabi/4.7.2/thumb2/crtn.o
                0x0040779c                . = ALIGN (0x4)
                0x0040779c                __fini_array_start = .
 *(.fini_array)
 .fini_array    0x0040779c        0x4 /work/tools/arm-2012.09/bin/../lib/gcc/arm-none-eabi/4.7.2/thumb2/crtbegin.o
 *(SORT(.fini_array.*))
                0x004077a0                __fini_array_end = .
 *crtbegin.o(.dtors)
 *(EXCLUDE_FILE(*crtend.o) .dtors)
 *(SORT(.dtors.*))
 *crtend.o(.dtors)
                0x004077a0                . = ALIGN (0x4)
                0x004077a0                _efixed = .
                0x004077a0                PROVIDE (__exidx_start, .)

.vfp11_veneer   0x004077a0        0x0
 .vfp11_veneer  0x00000000        0x0 linker stubs

.v4_bx          0x004077a0        0x0
 .v4_bx         0x00000000        0x0 linker stubs

.iplt           0x004077a0        0x0
 .iplt          0x00000000        0x0 /work/tools/arm-2012.09/bin/../lib/gcc/arm-none-eabi/4.7.2/thumb2/crtbegin.o

.ARM.exidx      0x004077a0      0x200
 *(.ARM.exidx* .gnu.linkonce.armexidx.*)
 .ARM.exidx.text.PioInterruptHandler
                0x004077a0        0x8 ../../../../libraries/libchip_sam3s/lib/libchip_sam3s4_gcc_dbg.a(pio_it.o)
 .ARM.exidx.text.PIOA_IrqHandler
                0x004077a8        0x8 ../../../../libraries/libchip_sam3s/lib/libchip_sam3s4_gcc_dbg.a(pio_it.o)
 .ARM.exidx.text.PIOB_IrqHandler
                0x004077b0        0x0 ../../../../libraries/libchip_sam3s/lib/libchip_sam3s4_gcc_dbg.a(pio_it.o)
                                  0x8 (size before relaxing)
 .ARM.exidx.text.PIOC_IrqHandler
                0x004077b0        0x0 ../../../../libraries/libchip_sam3s/lib/libchip_sam3s4_gcc_dbg.a(pio_it.o)
                                  0x8 (size before relaxing)
 .ARM.exidx.text.PIO_InitializeInterrupts
                0x004077b0        0x8 ../../../../libraries/libchip_sam3s/lib/libchip_sam3s4_gcc_dbg.a(pio_it.o)
 .ARM.exidx.text.NVIC_DisableIRQ
                0x004077b8        0x8 ../../../../libraries/libchip_sam3s/lib/libchip_sam3s4_gcc_dbg.a(pio_it.o)
 .ARM.exidx.text.NVIC_ClearPendingIRQ
                0x004077c0        0x8 ../../../../libraries/libchip_sam3s/lib/libchip_sam3s4_gcc_dbg.a(pio_it.o)
 .ARM.exidx.text.NVIC_SetPriority
                0x004077c8        0x8 ../../../../libraries/libchip_sam3s/lib/libchip_sam3s4_gcc_dbg.a(pio_it.o)
 .ARM.exidx.text.NVIC_EnableIRQ
                0x004077d0        0x8 ../../../../libraries/libchip_sam3s/lib/libchip_sam3s4_gcc_dbg.a(pio_it.o)
 .ARM.exidx.text.PIO_SetPeripheralA
                0x004077d8        0x8 ../../../../libraries/libchip_sam3s/lib/libchip_sam3s4_gcc_dbg.a(pio.o)
 .ARM.exidx.text.PIO_SetPeripheralB
                0x004077e0        0x8 ../../../../libraries/libchip_sam3s/lib/libchip_sam3s4_gcc_dbg.a(pio.o)
 .ARM.exidx.text.PIO_SetPeripheralC
                0x004077e8        0x8 ../../../../libraries/libchip_sam3s/lib/libchip_sam3s4_gcc_dbg.a(pio.o)
 .ARM.exidx.text.PIO_SetPeripheralD
                0x004077f0        0x8 ../../../../libraries/libchip_sam3s/lib/libchip_sam3s4_gcc_dbg.a(pio.o)
 .ARM.exidx.text.PIO_SetInput
                0x004077f8        0x8 ../../../../libraries/libchip_sam3s/lib/libchip_sam3s4_gcc_dbg.a(pio.o)
 .ARM.exidx.text.PIO_SetOutput
                0x00407800        0x8 ../../../../libraries/libchip_sam3s/lib/libchip_sam3s4_gcc_dbg.a(pio.o)
 .ARM.exidx.text.PIO_Configure
                0x00407808        0x8 ../../../../libraries/libchip_sam3s/lib/libchip_sam3s4_gcc_dbg.a(pio.o)
 .ARM.exidx.text.PIO_Set
                0x00407810        0x8 ../../../../libraries/libchip_sam3s/lib/libchip_sam3s4_gcc_dbg.a(pio.o)
 .ARM.exidx.text.PIO_Clear
                0x00407818        0x8 ../../../../libraries/libchip_sam3s/lib/libchip_sam3s4_gcc_dbg.a(pio.o)
 .ARM.exidx.text.PIO_GetOutputDataStatus
                0x00407820        0x8 ../../../../libraries/libchip_sam3s/lib/libchip_sam3s4_gcc_dbg.a(pio.o)
 .ARM.exidx.text.PMC_EnablePeripheral
                0x00407828        0x8 ../../../../libraries/libchip_sam3s/lib/libchip_sam3s4_gcc_dbg.a(pmc.o)
 .ARM.exidx.text.TC_Configure
                0x00407830        0x8 ../../../../libraries/libchip_sam3s/lib/libchip_sam3s4_gcc_dbg.a(tc.o)
 .ARM.exidx.text.TC_Start
                0x00407838        0x8 ../../../../libraries/libchip_sam3s/lib/libchip_sam3s4_gcc_dbg.a(tc.o)
 .ARM.exidx.text.TC_FindMckDivisor
                0x00407840        0x8 ../../../../libraries/libchip_sam3s/lib/libchip_sam3s4_gcc_dbg.a(tc.o)
 .ARM.exidx.text.WDT_Disable
                0x00407848        0x8 ../../../../libraries/libchip_sam3s/lib/libchip_sam3s4_gcc_dbg.a(wdt.o)
 .ARM.exidx.text.PIO_CaptureHandler
                0x00407850        0x8 ../../../../libraries/libchip_sam3s/lib/libchip_sam3s4_gcc_dbg.a(pio_capture.o)
 .ARM.exidx.text.USART_Configure
                0x00407858        0x8 ../../../../libraries/libchip_sam3s/lib/libchip_sam3s4_gcc_dbg.a(usart.o)
 .ARM.exidx.text.USART_SetTransmitterEnabled
                0x00407860        0x8 ../../../../libraries/libchip_sam3s/lib/libchip_sam3s4_gcc_dbg.a(usart.o)
 .ARM.exidx.text.USART_SetReceiverEnabled
                0x00407868        0x8 ../../../../libraries/libchip_sam3s/lib/libchip_sam3s4_gcc_dbg.a(usart.o)
 .ARM.exidx.text.USART_PutChar
                0x00407870       0x10 ../../../../libraries/libchip_sam3s/lib/libchip_sam3s4_gcc_dbg.a(usart.o)
                                  0x8 (size before relaxing)
 .ARM.exidx     0x00407880       0x88 /work/tools/arm-2012.09/bin/../lib/gcc/arm-none-eabi/4.7.2/thumb2/libgcc.a(unwind-arm.o)
                                 0xd8 (size before relaxing)
 .ARM.exidx     0x00407908       0x38 /work/tools/arm-2012.09/bin/../lib/gcc/arm-none-eabi/4.7.2/thumb2/libgcc.a(pr-support.o)
                                 0x48 (size before relaxing)
 .ARM.exidx     0x00407940        0x0 /work/tools/arm-2012.09/bin/../lib/gcc/arm-none-eabi/4.7.2/thumb2/libgcc.a(_divdi3.o)
                                  0x8 (size before relaxing)
 .ARM.exidx     0x00407940        0x0 /work/tools/arm-2012.09/bin/../lib/gcc/arm-none-eabi/4.7.2/thumb2/libgcc.a(_udivdi3.o)
                                  0x8 (size before relaxing)
 .ARM.exidx.text.UDP_EndOfTransfer
                0x00407940        0x8 ../../../../libraries/libchip_sam3s/lib/libchip_sam3s4_gcc_dbg.a(USBD_HAL.o)
 .ARM.exidx.text.UDP_ClearRxFlag
                0x00407948        0x8 ../../../../libraries/libchip_sam3s/lib/libchip_sam3s4_gcc_dbg.a(USBD_HAL.o)
 .ARM.exidx.text.UDP_MblUpdate
                0x00407950        0x8 ../../../../libraries/libchip_sam3s/lib/libchip_sam3s4_gcc_dbg.a(USBD_HAL.o)
 .ARM.exidx.text.UDP_MblWriteFifo
                0x00407958        0x8 ../../../../libraries/libchip_sam3s/lib/libchip_sam3s4_gcc_dbg.a(USBD_HAL.o)
 .ARM.exidx.text.UDP_WritePayload
                0x00407960        0x8 ../../../../libraries/libchip_sam3s/lib/libchip_sam3s4_gcc_dbg.a(USBD_HAL.o)
 .ARM.exidx.text.UDP_ReadPayload
                0x00407968        0x8 ../../../../libraries/libchip_sam3s/lib/libchip_sam3s4_gcc_dbg.a(USBD_HAL.o)
 .ARM.exidx.text.UDP_ReadRequest
                0x00407970        0x8 ../../../../libraries/libchip_sam3s/lib/libchip_sam3s4_gcc_dbg.a(USBD_HAL.o)
 .ARM.exidx.text.UDP_IsTransferFinished
                0x00407978        0x8 ../../../../libraries/libchip_sam3s/lib/libchip_sam3s4_gcc_dbg.a(USBD_HAL.o)
 .ARM.exidx.text.UDP_EndpointHandler
                0x00407980        0x8 ../../../../libraries/libchip_sam3s/lib/libchip_sam3s4_gcc_dbg.a(USBD_HAL.o)
 .ARM.exidx.text.USBD_IrqHandler
                0x00407988        0x8 ../../../../libraries/libchip_sam3s/lib/libchip_sam3s4_gcc_dbg.a(USBD_HAL.o)
 .ARM.exidx.text.IrqHandlerNotUsed
                0x00407990        0x8 ../../../../libraries/libchip_sam3s/lib/libchip_sam3s4_gcc_dbg.a(exceptions.o)
 .ARM.exidx.text.NMI_Handler
                0x00407998        0x0 ../../../../libraries/libchip_sam3s/lib/libchip_sam3s4_gcc_dbg.a(exceptions.o)
                                  0x8 (size before relaxing)
 .ARM.exidx.text.HardFault_Handler
                0x00407998        0x0 ../../../../libraries/libchip_sam3s/lib/libchip_sam3s4_gcc_dbg.a(exceptions.o)
                                  0x8 (size before relaxing)
 .ARM.exidx.text.MemManage_Handler
                0x00407998        0x0 ../../../../libraries/libchip_sam3s/lib/libchip_sam3s4_gcc_dbg.a(exceptions.o)
                                  0x8 (size before relaxing)
 .ARM.exidx.text.BusFault_Handler
                0x00407998        0x0 ../../../../libraries/libchip_sam3s/lib/libchip_sam3s4_gcc_dbg.a(exceptions.o)
                                  0x8 (size before relaxing)
 .ARM.exidx.text.UsageFault_Handler
                0x00407998        0x0 ../../../../libraries/libchip_sam3s/lib/libchip_sam3s4_gcc_dbg.a(exceptions.o)
                                  0x8 (size before relaxing)
 .ARM.exidx.text.SVC_Handler
                0x00407998        0x0 ../../../../libraries/libchip_sam3s/lib/libchip_sam3s4_gcc_dbg.a(exceptions.o)
                                  0x8 (size before relaxing)
 .ARM.exidx.text.DebugMon_Handler
                0x00407998        0x0 ../../../../libraries/libchip_sam3s/lib/libchip_sam3s4_gcc_dbg.a(exceptions.o)
                                  0x8 (size before relaxing)
 .ARM.exidx.text.PendSV_Handler
                0x00407998        0x0 ../../../../libraries/libchip_sam3s/lib/libchip_sam3s4_gcc_dbg.a(exceptions.o)
                                  0x8 (size before relaxing)
 .ARM.exidx.text.SUPC_IrqHandler
                0x00407998        0x0 ../../../../libraries/libchip_sam3s/lib/libchip_sam3s4_gcc_dbg.a(exceptions.o)
                                  0x8 (size before relaxing)
 .ARM.exidx.text.RSTC_IrqHandler
                0x00407998        0x0 ../../../../libraries/libchip_sam3s/lib/libchip_sam3s4_gcc_dbg.a(exceptions.o)
                                  0x8 (size before relaxing)
 .ARM.exidx.text.RTC_IrqHandler
                0x00407998        0x0 ../../../../libraries/libchip_sam3s/lib/libchip_sam3s4_gcc_dbg.a(exceptions.o)
                                  0x8 (size before relaxing)
 .ARM.exidx.text.RTT_IrqHandler
                0x00407998        0x0 ../../../../libraries/libchip_sam3s/lib/libchip_sam3s4_gcc_dbg.a(exceptions.o)
                                  0x8 (size before relaxing)
 .ARM.exidx.text.WDT_IrqHandler
                0x00407998        0x0 ../../../../libraries/libchip_sam3s/lib/libchip_sam3s4_gcc_dbg.a(exceptions.o)
                                  0x8 (size before relaxing)
 .ARM.exidx.text.PMC_IrqHandler
                0x00407998        0x0 ../../../../libraries/libchip_sam3s/lib/libchip_sam3s4_gcc_dbg.a(exceptions.o)
                                  0x8 (size before relaxing)
 .ARM.exidx.text.EEFC_IrqHandler
                0x00407998        0x0 ../../../../libraries/libchip_sam3s/lib/libchip_sam3s4_gcc_dbg.a(exceptions.o)
                                  0x8 (size before relaxing)
 .ARM.exidx.text.UART0_IrqHandler
                0x00407998        0x0 ../../../../libraries/libchip_sam3s/lib/libchip_sam3s4_gcc_dbg.a(exceptions.o)
                                  0x8 (size before relaxing)
 .ARM.exidx.text.UART1_IrqHandler
                0x00407998        0x0 ../../../../libraries/libchip_sam3s/lib/libchip_sam3s4_gcc_dbg.a(exceptions.o)
                                  0x8 (size before relaxing)
 .ARM.exidx.text.SMC_IrqHandler
                0x00407998        0x0 ../../../../libraries/libchip_sam3s/lib/libchip_sam3s4_gcc_dbg.a(exceptions.o)
                                  0x8 (size before relaxing)
 .ARM.exidx.text.USART0_IrqHandler
                0x00407998        0x0 ../../../../libraries/libchip_sam3s/lib/libchip_sam3s4_gcc_dbg.a(exceptions.o)
                                  0x8 (size before relaxing)
 .ARM.exidx.text.USART1_IrqHandler
                0x00407998        0x0 ../../../../libraries/libchip_sam3s/lib/libchip_sam3s4_gcc_dbg.a(exceptions.o)
                                  0x8 (size before relaxing)
 .ARM.exidx.text.MCI_IrqHandler
                0x00407998        0x0 ../../../../libraries/libchip_sam3s/lib/libchip_sam3s4_gcc_dbg.a(exceptions.o)
                                  0x8 (size before relaxing)
 .ARM.exidx.text.TWI0_IrqHandler
                0x00407998        0x0 ../../../../libraries/libchip_sam3s/lib/libchip_sam3s4_gcc_dbg.a(exceptions.o)
                                  0x8 (size before relaxing)
 .ARM.exidx.text.TWI1_IrqHandler
                0x00407998        0x0 ../../../../libraries/libchip_sam3s/lib/libchip_sam3s4_gcc_dbg.a(exceptions.o)
                                  0x8 (size before relaxing)
 .ARM.exidx.text.SPI_IrqHandler
                0x00407998        0x0 ../../../../libraries/libchip_sam3s/lib/libchip_sam3s4_gcc_dbg.a(exceptions.o)
                                  0x8 (size before relaxing)
 .ARM.exidx.text.SSC_IrqHandler
                0x00407998        0x0 ../../../../libraries/libchip_sam3s/lib/libchip_sam3s4_gcc_dbg.a(exceptions.o)
                                  0x8 (size before relaxing)
 .ARM.exidx.text.TC1_IrqHandler
                0x00407998        0x0 ../../../../libraries/libchip_sam3s/lib/libchip_sam3s4_gcc_dbg.a(exceptions.o)
                                  0x8 (size before relaxing)
 .ARM.exidx.text.TC2_IrqHandler
                0x00407998        0x0 ../../../../libraries/libchip_sam3s/lib/libchip_sam3s4_gcc_dbg.a(exceptions.o)
                                  0x8 (size before relaxing)
 .ARM.exidx.text.TC3_IrqHandler
                0x00407998        0x0 ../../../../libraries/libchip_sam3s/lib/libchip_sam3s4_gcc_dbg.a(exceptions.o)
                                  0x8 (size before relaxing)
 .ARM.exidx.text.TC4_IrqHandler
                0x00407998        0x0 ../../../../libraries/libchip_sam3s/lib/libchip_sam3s4_gcc_dbg.a(exceptions.o)
                                  0x8 (size before relaxing)
 .ARM.exidx.text.TC5_IrqHandler
                0x00407998        0x0 ../../../../libraries/libchip_sam3s/lib/libchip_sam3s4_gcc_dbg.a(exceptions.o)
                                  0x8 (size before relaxing)
 .ARM.exidx.text.ADC_IrqHandler
                0x00407998        0x0 ../../../../libraries/libchip_sam3s/lib/libchip_sam3s4_gcc_dbg.a(exceptions.o)
                                  0x8 (size before relaxing)
 .ARM.exidx.text.DAC_IrqHandler
                0x00407998        0x0 ../../../../libraries/libchip_sam3s/lib/libchip_sam3s4_gcc_dbg.a(exceptions.o)
                                  0x8 (size before relaxing)
 .ARM.exidx.text.PWM_IrqHandler
                0x00407998        0x0 ../../../../libraries/libchip_sam3s/lib/libchip_sam3s4_gcc_dbg.a(exceptions.o)
                                  0x8 (size before relaxing)
 .ARM.exidx.text.CRCCU_IrqHandler
                0x00407998        0x0 ../../../../libraries/libchip_sam3s/lib/libchip_sam3s4_gcc_dbg.a(exceptions.o)
                                  0x8 (size before relaxing)
 .ARM.exidx.text.ACC_IrqHandler
                0x00407998        0x8 ../../../../libraries/libchip_sam3s/lib/libchip_sam3s4_gcc_dbg.a(exceptions.o)
                0x004079a0                PROVIDE (__exidx_end, .)

.eh_frame       0x004079a0        0x0
 .eh_frame      0x004079a0        0x0 /work/tools/arm-2012.09/bin/../lib/gcc/arm-none-eabi/4.7.2/thumb2/crtbegin.o

.rel.dyn        0x004079a0        0x0
 .rel.iplt      0x00000000        0x0 /work/tools/arm-2012.09/bin/../lib/gcc/arm-none-eabi/4.7.2/thumb2/crtbegin.o

.jcr            0x004079a0        0x0
 .jcr           0x004079a0        0x0 /work/tools/arm-2012.09/bin/../lib/gcc/arm-none-eabi/4.7.2/thumb2/crtbegin.o

.tm_clone_table
                0x004079a0        0x0
 .tm_clone_table
                0x004079a0        0x0 /work/tools/arm-2012.09/bin/../lib/gcc/arm-none-eabi/4.7.2/thumb2/crtbegin.o
 .tm_clone_table
                0x004079a0        0x0 /work/tools/arm-2012.09/bin/../lib/gcc/arm-none-eabi/4.7.2/thumb2/crtend.o

.igot.plt       0x004079a0        0x0
 .igot.plt      0x00000000        0x0 /work/tools/arm-2012.09/bin/../lib/gcc/arm-none-eabi/4.7.2/thumb2/crtbegin.o
                0x004079a0                . = ALIGN (0x4)
                0x004079a0                _etext = .

.relocate       0x20000000      0x588 load address 0x004079a0
                0x20000000                . = ALIGN (0x4)
                0x20000000                _srelocate = .
 *(.ramfunc .ramfunc.*)
 *(.data .data.*)
 .data          0x20000000        0x2 obj/flash_main.o
                0x20000000                bLed1Active
                0x20000001                bLed0Active
 *fill*         0x20000002        0x2 
 .data          0x20000004       0xf4 /work/tools/arm-2012.09/bin/../arm-none-eabi/lib/thumb2/libc.a(lib_a-impure.o)
                0x20000004                _impure_ptr
 .data          0x200000f8       0x7c /work/tools/arm-2012.09/bin/../arm-none-eabi/lib/thumb2/libc.a(lib_a-locale.o)
                0x20000118                __mb_cur_max
 .data          0x20000174      0x410 /work/tools/arm-2012.09/bin/../arm-none-eabi/lib/thumb2/libc.a(lib_a-mallocr.o)
                0x20000174                __malloc_av_
                0x2000057c                __malloc_sbrk_base
                0x20000580                __malloc_trim_threshold
 .data          0x20000584        0x4 /work/tools/arm-2012.09/bin/../arm-none-eabi/lib/thumb2/libc.a(lib_a-wctomb_r.o)
                0x20000584                __wctomb
                0x20000588                . = ALIGN (0x4)
                0x20000588                _erelocate = .

.bss            0x20000588      0x17c load address 0x00407f28
                0x20000588                . = ALIGN (0x4)
                0x20000588                _sbss = .
                0x20000588                _szero = .
 *(.bss .bss.*)
 .bss           0x20000588       0x1c /work/tools/arm-2012.09/bin/../lib/gcc/arm-none-eabi/4.7.2/thumb2/crtbegin.o
 .bss           0x200005a4        0x4 obj/flash_main.o
                0x200005a4                dwTimeStamp
 .bss           0x200005a8       0x34 /work/tools/arm-2012.09/bin/../arm-none-eabi/lib/thumb2/libc.a(lib_a-mallocr.o)
                0x200005a8                __malloc_top_pad
                0x200005ac                __malloc_current_mallinfo
                0x200005d4                __malloc_max_sbrked_mem
                0x200005d8                __malloc_max_total_mem
 .bss           0x200005dc       0x3c ../../../../libraries/libchip_sam3s/lib/libchip_sam3s4_gcc_dbg.a(pio_it.o)
 .bss           0x20000618        0x4 ../../../../libraries/libchip_sam3s/lib/libchip_sam3s4_gcc_dbg.a(pio_capture.o)
 .bss           0x2000061c        0x4 ../../../../libraries/libboard_sam3s-ek/lib/libboard_sam3s_ek_gcc_dbg.a(syscalls.o)
 .bss           0x20000620       0xe0 ../../../../libraries/libchip_sam3s/lib/libchip_sam3s4_gcc_dbg.a(USBD_HAL.o)
 *(COMMON)
 COMMON         0x20000700        0x4 /work/tools/arm-2012.09/bin/../arm-none-eabi/lib/thumb2/libc.a(lib_a-reent.o)
                0x20000700                errno
                0x20000704                . = ALIGN (0x4)
                0x20000704                _ebss = .
                0x20000704                _ezero = .

.stack          0x20000708     0x2400 load address 0x004080a8
                0x20000708                . = ALIGN (0x8)
 *(.stack .stack.*)
 .stack         0x20000708     0x2400 ../../../../libraries/libboard_sam3s-ek/lib/libboard_sam3s_ek_gcc_dbg.a(board_cstartup_gnu.o)
                0x20000708                pdwStack
                0x20002b08                . = ALIGN (0x4)
                0x20002b08                _end = .
OUTPUT(bin/getting_started_sam3s_ek_sam3s4-flash.elf elf32-littlearm)

.ARM.attributes
                0x00000000       0x29
 .ARM.attributes
                0x00000000       0x19 /work/tools/arm-2012.09/bin/../lib/gcc/arm-none-eabi/4.7.2/thumb2/crti.o
 .ARM.attributes
                0x00000019       0x29 /work/tools/arm-2012.09/bin/../lib/gcc/arm-none-eabi/4.7.2/thumb2/crtbegin.o
 .ARM.attributes
                0x00000042       0x33 obj/flash_main.o
 .ARM.attributes
                0x00000075       0x29 /work/tools/arm-2012.09/bin/../arm-none-eabi/lib/thumb2/libc.a(lib_a-iprintf.o)
 .ARM.attributes
                0x0000009e       0x29 /work/tools/arm-2012.09/bin/../arm-none-eabi/lib/thumb2/libc.a(lib_a-vfiprintf.o)
 .ARM.attributes
                0x000000c7       0x29 /work/tools/arm-2012.09/bin/../arm-none-eabi/lib/thumb2/libc.a(lib_a-wsetup.o)
 .ARM.attributes
                0x000000f0       0x29 /work/tools/arm-2012.09/bin/../arm-none-eabi/lib/thumb2/libc.a(lib_a-fflush.o)
 .ARM.attributes
                0x00000119       0x29 /work/tools/arm-2012.09/bin/../arm-none-eabi/lib/thumb2/libc.a(lib_a-findfp.o)
 .ARM.attributes
                0x00000142       0x29 /work/tools/arm-2012.09/bin/../arm-none-eabi/lib/thumb2/libc.a(lib_a-fputwc.o)
 .ARM.attributes
                0x0000016b       0x29 /work/tools/arm-2012.09/bin/../arm-none-eabi/lib/thumb2/libc.a(lib_a-freer.o)
 .ARM.attributes
                0x00000194       0x29 /work/tools/arm-2012.09/bin/../arm-none-eabi/lib/thumb2/libc.a(lib_a-fvwrite.o)
 .ARM.attributes
                0x000001bd       0x29 /work/tools/arm-2012.09/bin/../arm-none-eabi/lib/thumb2/libc.a(lib_a-fwalk.o)
 .ARM.attributes
                0x000001e6       0x29 /work/tools/arm-2012.09/bin/../arm-none-eabi/lib/thumb2/libc.a(lib_a-impure.o)
 .ARM.attributes
                0x0000020f       0x29 /work/tools/arm-2012.09/bin/../arm-none-eabi/lib/thumb2/libc.a(lib_a-locale.o)
 .ARM.attributes
                0x00000238       0x29 /work/tools/arm-2012.09/bin/../arm-none-eabi/lib/thumb2/libc.a(lib_a-makebuf.o)
 .ARM.attributes
                0x00000261       0x29 /work/tools/arm-2012.09/bin/../arm-none-eabi/lib/thumb2/libc.a(lib_a-mallocr.o)
 .ARM.attributes
                0x0000028a       0x29 /work/tools/arm-2012.09/bin/../arm-none-eabi/lib/thumb2/libc.a(lib_a-memchr.o)
 .ARM.attributes
                0x000002b3       0x29 /work/tools/arm-2012.09/bin/../arm-none-eabi/lib/thumb2/libc.a(lib_a-memcpy.o)
 .ARM.attributes
                0x000002dc       0x29 /work/tools/arm-2012.09/bin/../arm-none-eabi/lib/thumb2/libc.a(lib_a-memmove.o)
 .ARM.attributes
                0x00000305       0x29 /work/tools/arm-2012.09/bin/../arm-none-eabi/lib/thumb2/libc.a(lib_a-memset.o)
 .ARM.attributes
                0x0000032e       0x29 /work/tools/arm-2012.09/bin/../arm-none-eabi/lib/thumb2/libc.a(lib_a-mlock.o)
 .ARM.attributes
                0x00000357       0x29 /work/tools/arm-2012.09/bin/../arm-none-eabi/lib/thumb2/libc.a(lib_a-reallocr.o)
 .ARM.attributes
                0x00000380       0x29 /work/tools/arm-2012.09/bin/../arm-none-eabi/lib/thumb2/libc.a(lib_a-sbrkr.o)
 .ARM.attributes
                0x000003a9       0x29 /work/tools/arm-2012.09/bin/../arm-none-eabi/lib/thumb2/libc.a(lib_a-stdio.o)
 .ARM.attributes
                0x000003d2       0x29 /work/tools/arm-2012.09/bin/../arm-none-eabi/lib/thumb2/libc.a(lib_a-strcmp.o)
 .ARM.attributes
                0x000003fb       0x29 /work/tools/arm-2012.09/bin/../arm-none-eabi/lib/thumb2/libc.a(lib_a-strlen.o)
 .ARM.attributes
                0x00000424       0x29 /work/tools/arm-2012.09/bin/../arm-none-eabi/lib/thumb2/libc.a(lib_a-wbuf.o)
 .ARM.attributes
                0x0000044d       0x29 /work/tools/arm-2012.09/bin/../arm-none-eabi/lib/thumb2/libc.a(lib_a-wcrtomb.o)
 .ARM.attributes
                0x00000476       0x29 /work/tools/arm-2012.09/bin/../arm-none-eabi/lib/thumb2/libc.a(lib_a-wctomb_r.o)
 .ARM.attributes
                0x0000049f       0x29 /work/tools/arm-2012.09/bin/../arm-none-eabi/lib/thumb2/libc.a(lib_a-writer.o)
 .ARM.attributes
                0x000004c8       0x29 /work/tools/arm-2012.09/bin/../arm-none-eabi/lib/thumb2/libc.a(lib_a-closer.o)
 .ARM.attributes
                0x000004f1       0x29 /work/tools/arm-2012.09/bin/../arm-none-eabi/lib/thumb2/libc.a(lib_a-fclose.o)
 .ARM.attributes
                0x0000051a       0x29 /work/tools/arm-2012.09/bin/../arm-none-eabi/lib/thumb2/libc.a(lib_a-fstatr.o)
 .ARM.attributes
                0x00000543       0x29 /work/tools/arm-2012.09/bin/../arm-none-eabi/lib/thumb2/libc.a(lib_a-isattyr.o)
 .ARM.attributes
                0x0000056c       0x29 /work/tools/arm-2012.09/bin/../arm-none-eabi/lib/thumb2/libc.a(lib_a-lseekr.o)
 .ARM.attributes
                0x00000595       0x29 /work/tools/arm-2012.09/bin/../arm-none-eabi/lib/thumb2/libc.a(lib_a-readr.o)
 .ARM.attributes
                0x000005be       0x29 /work/tools/arm-2012.09/bin/../arm-none-eabi/lib/thumb2/libc.a(lib_a-reent.o)
 .ARM.attributes
                0x000005e7       0x31 ../../../../libraries/libchip_sam3s/lib/libchip_sam3s4_gcc_dbg.a(pio_it.o)
 .ARM.attributes
                0x00000618       0x31 ../../../../libraries/libchip_sam3s/lib/libchip_sam3s4_gcc_dbg.a(pio.o)
 .ARM.attributes
                0x00000649       0x31 ../../../../libraries/libchip_sam3s/lib/libchip_sam3s4_gcc_dbg.a(pmc.o)
 .ARM.attributes
                0x0000067a       0x31 ../../../../libraries/libchip_sam3s/lib/libchip_sam3s4_gcc_dbg.a(tc.o)
 .ARM.attributes
                0x000006ab       0x31 ../../../../libraries/libchip_sam3s/lib/libchip_sam3s4_gcc_dbg.a(wdt.o)
 .ARM.attributes
                0x000006dc       0x31 ../../../../libraries/libchip_sam3s/lib/libchip_sam3s4_gcc_dbg.a(pio_capture.o)
 .ARM.attributes
                0x0000070d       0x31 ../../../../libraries/libchip_sam3s/lib/libchip_sam3s4_gcc_dbg.a(usart.o)
 .ARM.attributes
                0x0000073e       0x33 ../../../../libraries/libboard_sam3s-ek/lib/libboard_sam3s_ek_gcc_dbg.a(syscalls.o)
 .ARM.attributes
                0x00000771       0x33 ../../../../libraries/libboard_sam3s-ek/lib/libboard_sam3s_ek_gcc_dbg.a(board_cstartup_gnu.o)
 .ARM.attributes
                0x000007a4       0x33 ../../../../libraries/libboard_sam3s-ek/lib/libboard_sam3s_ek_gcc_dbg.a(board_lowlevel.o)
 .ARM.attributes
                0x000007d7       0x33 ../../../../libraries/libboard_sam3s-ek/lib/libboard_sam3s_ek_gcc_dbg.a(led.o)
 .ARM.attributes
                0x0000080a       0x19 /work/tools/arm-2012.09/bin/../lib/gcc/arm-none-eabi/4.7.2/thumb2/libgcc.a(_aeabi_uldivmod.o)
 .ARM.attributes
                0x00000823       0x29 /work/tools/arm-2012.09/bin/../lib/gcc/arm-none-eabi/4.7.2/thumb2/libgcc.a(bpabi.o)
 .ARM.attributes
                0x0000084c       0x19 /work/tools/arm-2012.09/bin/../lib/gcc/arm-none-eabi/4.7.2/thumb2/libgcc.a(_dvmd_tls.o)
 .ARM.attributes
                0x00000865       0x29 /work/tools/arm-2012.09/bin/../lib/gcc/arm-none-eabi/4.7.2/thumb2/libgcc.a(_divdi3.o)
 .ARM.attributes
                0x0000088e       0x29 /work/tools/arm-2012.09/bin/../lib/gcc/arm-none-eabi/4.7.2/thumb2/libgcc.a(_udivdi3.o)
 .ARM.attributes
                0x000008b7       0x19 /work/tools/arm-2012.09/bin/../lib/gcc/arm-none-eabi/4.7.2/thumb2/libgcc.a(_udivsi3.o)
 .ARM.attributes
                0x000008d0       0x29 /work/tools/arm-2012.09/bin/../arm-none-eabi/lib/thumb2/libc.a(lib_a-init.o)
 .ARM.attributes
                0x000008f9       0x31 ../../../../libraries/libchip_sam3s/lib/libchip_sam3s4_gcc_dbg.a(USBD_HAL.o)
 .ARM.attributes
                0x0000092a       0x31 ../../../../libraries/libchip_sam3s/lib/libchip_sam3s4_gcc_dbg.a(exceptions.o)
 .ARM.attributes
                0x0000095b       0x29 /work/tools/arm-2012.09/bin/../lib/gcc/arm-none-eabi/4.7.2/thumb2/crtend.o
 .ARM.attributes
                0x00000984       0x19 /work/tools/arm-2012.09/bin/../lib/gcc/arm-none-eabi/4.7.2/thumb2/crtn.o

.comment        0x00000000      0x1b3
 .comment       0x00000000       0x30 obj/flash_main.o
                                 0x31 (size before relaxing)
 .comment       0x00000030       0x2b ../../../../libraries/libchip_sam3s/lib/libchip_sam3s4_gcc_dbg.a(pio_it.o)
 .comment       0x0000005b       0x2b ../../../../libraries/libchip_sam3s/lib/libchip_sam3s4_gcc_dbg.a(pio.o)
 .comment       0x00000086       0x2b ../../../../libraries/libchip_sam3s/lib/libchip_sam3s4_gcc_dbg.a(pmc.o)
 .comment       0x000000b1       0x2b ../../../../libraries/libchip_sam3s/lib/libchip_sam3s4_gcc_dbg.a(tc.o)
 .comment       0x000000dc       0x2b ../../../../libraries/libchip_sam3s/lib/libchip_sam3s4_gcc_dbg.a(wdt.o)
 .comment       0x00000107       0x2b ../../../../libraries/libchip_sam3s/lib/libchip_sam3s4_gcc_dbg.a(pio_capture.o)
 .comment       0x00000132       0x2b ../../../../libraries/libchip_sam3s/lib/libchip_sam3s4_gcc_dbg.a(usart.o)
 .comment       0x00000000       0x31 ../../../../libraries/libboard_sam3s-ek/lib/libboard_sam3s_ek_gcc_dbg.a(syscalls.o)
 .comment       0x00000000       0x31 ../../../../libraries/libboard_sam3s-ek/lib/libboard_sam3s_ek_gcc_dbg.a(board_cstartup_gnu.o)
 .comment       0x00000000       0x31 ../../../../libraries/libboard_sam3s-ek/lib/libboard_sam3s_ek_gcc_dbg.a(board_lowlevel.o)
 .comment       0x00000000       0x31 ../../../../libraries/libboard_sam3s-ek/lib/libboard_sam3s_ek_gcc_dbg.a(led.o)
 .comment       0x0000015d       0x2b ../../../../libraries/libchip_sam3s/lib/libchip_sam3s4_gcc_dbg.a(USBD_HAL.o)
 .comment       0x00000188       0x2b ../../../../libraries/libchip_sam3s/lib/libchip_sam3s4_gcc_dbg.a(exceptions.o)

.note.GNU-stack
                0x00000000        0x0
 .note.GNU-stack
                0x00000000        0x0 ../../../../libraries/libchip_sam3s/lib/libchip_sam3s4_gcc_dbg.a(pio_it.o)
 .note.GNU-stack
                0x00000000        0x0 ../../../../libraries/libchip_sam3s/lib/libchip_sam3s4_gcc_dbg.a(pio.o)
 .note.GNU-stack
                0x00000000        0x0 ../../../../libraries/libchip_sam3s/lib/libchip_sam3s4_gcc_dbg.a(pmc.o)
 .note.GNU-stack
                0x00000000        0x0 ../../../../libraries/libchip_sam3s/lib/libchip_sam3s4_gcc_dbg.a(tc.o)
 .note.GNU-stack
                0x00000000        0x0 ../../../../libraries/libchip_sam3s/lib/libchip_sam3s4_gcc_dbg.a(wdt.o)
 .note.GNU-stack
                0x00000000        0x0 ../../../../libraries/libchip_sam3s/lib/libchip_sam3s4_gcc_dbg.a(pio_capture.o)
 .note.GNU-stack
                0x00000000        0x0 ../../../../libraries/libchip_sam3s/lib/libchip_sam3s4_gcc_dbg.a(usart.o)
 .note.GNU-stack
                0x00000000        0x0 ../../../../libraries/libchip_sam3s/lib/libchip_sam3s4_gcc_dbg.a(USBD_HAL.o)
 .note.GNU-stack
                0x00000000        0x0 ../../../../libraries/libchip_sam3s/lib/libchip_sam3s4_gcc_dbg.a(exceptions.o)

.debug_info     0x00000000     0x77b8
 .debug_info    0x00000000     0x185a obj/flash_main.o
 .debug_info    0x0000185a      0xd5d ../../../../libraries/libchip_sam3s/lib/libchip_sam3s4_gcc_dbg.a(pio_it.o)
 .debug_info    0x000025b7      0x984 ../../../../libraries/libchip_sam3s/lib/libchip_sam3s4_gcc_dbg.a(pio.o)
 .debug_info    0x00002f3b      0x435 ../../../../libraries/libchip_sam3s/lib/libchip_sam3s4_gcc_dbg.a(pmc.o)
 .debug_info    0x00003370      0x46e ../../../../libraries/libchip_sam3s/lib/libchip_sam3s4_gcc_dbg.a(tc.o)
 .debug_info    0x000037de      0x1c9 ../../../../libraries/libchip_sam3s/lib/libchip_sam3s4_gcc_dbg.a(wdt.o)
 .debug_info    0x000039a7      0x7c8 ../../../../libraries/libchip_sam3s/lib/libchip_sam3s4_gcc_dbg.a(pio_capture.o)
 .debug_info    0x0000416f      0x690 ../../../../libraries/libchip_sam3s/lib/libchip_sam3s4_gcc_dbg.a(usart.o)
 .debug_info    0x000047ff      0x73c ../../../../libraries/libboard_sam3s-ek/lib/libboard_sam3s_ek_gcc_dbg.a(syscalls.o)
 .debug_info    0x00004f3b      0x31a ../../../../libraries/libboard_sam3s-ek/lib/libboard_sam3s_ek_gcc_dbg.a(board_cstartup_gnu.o)
 .debug_info    0x00005255      0x3e3 ../../../../libraries/libboard_sam3s-ek/lib/libboard_sam3s_ek_gcc_dbg.a(board_lowlevel.o)
 .debug_info    0x00005638      0x769 ../../../../libraries/libboard_sam3s-ek/lib/libboard_sam3s_ek_gcc_dbg.a(led.o)
 .debug_info    0x00005da1     0x1608 ../../../../libraries/libchip_sam3s/lib/libchip_sam3s4_gcc_dbg.a(USBD_HAL.o)
 .debug_info    0x000073a9      0x40f ../../../../libraries/libchip_sam3s/lib/libchip_sam3s4_gcc_dbg.a(exceptions.o)

.debug_abbrev   0x00000000     0x12ef
 .debug_abbrev  0x00000000      0x31b obj/flash_main.o
 .debug_abbrev  0x0000031b      0x1f8 ../../../../libraries/libchip_sam3s/lib/libchip_sam3s4_gcc_dbg.a(pio_it.o)
 .debug_abbrev  0x00000513      0x17e ../../../../libraries/libchip_sam3s/lib/libchip_sam3s4_gcc_dbg.a(pio.o)
 .debug_abbrev  0x00000691       0xf0 ../../../../libraries/libchip_sam3s/lib/libchip_sam3s4_gcc_dbg.a(pmc.o)
 .debug_abbrev  0x00000781      0x11c ../../../../libraries/libchip_sam3s/lib/libchip_sam3s4_gcc_dbg.a(tc.o)
 .debug_abbrev  0x0000089d       0xd2 ../../../../libraries/libchip_sam3s/lib/libchip_sam3s4_gcc_dbg.a(wdt.o)
 .debug_abbrev  0x0000096f      0x124 ../../../../libraries/libchip_sam3s/lib/libchip_sam3s4_gcc_dbg.a(pio_capture.o)
 .debug_abbrev  0x00000a93      0x146 ../../../../libraries/libchip_sam3s/lib/libchip_sam3s4_gcc_dbg.a(usart.o)
 .debug_abbrev  0x00000bd9      0x17e ../../../../libraries/libboard_sam3s-ek/lib/libboard_sam3s_ek_gcc_dbg.a(syscalls.o)
 .debug_abbrev  0x00000d57       0xf9 ../../../../libraries/libboard_sam3s-ek/lib/libboard_sam3s_ek_gcc_dbg.a(board_cstartup_gnu.o)
 .debug_abbrev  0x00000e50       0xd6 ../../../../libraries/libboard_sam3s-ek/lib/libboard_sam3s_ek_gcc_dbg.a(board_lowlevel.o)
 .debug_abbrev  0x00000f26      0x110 ../../../../libraries/libboard_sam3s-ek/lib/libboard_sam3s_ek_gcc_dbg.a(led.o)
 .debug_abbrev  0x00001036      0x242 ../../../../libraries/libchip_sam3s/lib/libchip_sam3s4_gcc_dbg.a(USBD_HAL.o)
 .debug_abbrev  0x00001278       0x77 ../../../../libraries/libchip_sam3s/lib/libchip_sam3s4_gcc_dbg.a(exceptions.o)

.debug_loc      0x00000000     0x1f48
 .debug_loc     0x00000000       0xb8 obj/flash_main.o
 .debug_loc     0x000000b8      0x270 ../../../../libraries/libchip_sam3s/lib/libchip_sam3s4_gcc_dbg.a(pio_it.o)
 .debug_loc     0x00000328      0x294 ../../../../libraries/libchip_sam3s/lib/libchip_sam3s4_gcc_dbg.a(pio.o)
 .debug_loc     0x000005bc       0xfb ../../../../libraries/libchip_sam3s/lib/libchip_sam3s4_gcc_dbg.a(pmc.o)
 .debug_loc     0x000006b7       0xdc ../../../../libraries/libchip_sam3s/lib/libchip_sam3s4_gcc_dbg.a(tc.o)
 .debug_loc     0x00000793      0x113 ../../../../libraries/libchip_sam3s/lib/libchip_sam3s4_gcc_dbg.a(wdt.o)
 .debug_loc     0x000008a6      0x132 ../../../../libraries/libchip_sam3s/lib/libchip_sam3s4_gcc_dbg.a(pio_capture.o)
 .debug_loc     0x000009d8      0x339 ../../../../libraries/libchip_sam3s/lib/libchip_sam3s4_gcc_dbg.a(usart.o)
 .debug_loc     0x00000d11      0x25c ../../../../libraries/libboard_sam3s-ek/lib/libboard_sam3s_ek_gcc_dbg.a(syscalls.o)
 .debug_loc     0x00000f6d       0x38 ../../../../libraries/libboard_sam3s-ek/lib/libboard_sam3s_ek_gcc_dbg.a(board_cstartup_gnu.o)
 .debug_loc     0x00000fa5       0x38 ../../../../libraries/libboard_sam3s-ek/lib/libboard_sam3s_ek_gcc_dbg.a(board_lowlevel.o)
 .debug_loc     0x00000fdd       0xe0 ../../../../libraries/libboard_sam3s-ek/lib/libboard_sam3s_ek_gcc_dbg.a(led.o)
 .debug_loc     0x000010bd      0x77d ../../../../libraries/libchip_sam3s/lib/libchip_sam3s4_gcc_dbg.a(USBD_HAL.o)
 .debug_loc     0x0000183a      0x70e ../../../../libraries/libchip_sam3s/lib/libchip_sam3s4_gcc_dbg.a(exceptions.o)

.debug_aranges  0x00000000      0x640
 .debug_aranges
                0x00000000       0x30 obj/flash_main.o
 .debug_aranges
                0x00000030       0x78 ../../../../libraries/libchip_sam3s/lib/libchip_sam3s4_gcc_dbg.a(pio_it.o)
 .debug_aranges
                0x000000a8       0x78 ../../../../libraries/libchip_sam3s/lib/libchip_sam3s4_gcc_dbg.a(pio.o)
 .debug_aranges
                0x00000120       0x40 ../../../../libraries/libchip_sam3s/lib/libchip_sam3s4_gcc_dbg.a(pmc.o)
 .debug_aranges
                0x00000160       0x38 ../../../../libraries/libchip_sam3s/lib/libchip_sam3s4_gcc_dbg.a(tc.o)
 .debug_aranges
                0x00000198       0x40 ../../../../libraries/libchip_sam3s/lib/libchip_sam3s4_gcc_dbg.a(wdt.o)
 .debug_aranges
                0x000001d8       0x48 ../../../../libraries/libchip_sam3s/lib/libchip_sam3s4_gcc_dbg.a(pio_capture.o)
 .debug_aranges
                0x00000220       0x90 ../../../../libraries/libchip_sam3s/lib/libchip_sam3s4_gcc_dbg.a(usart.o)
 .debug_aranges
                0x000002b0       0x70 ../../../../libraries/libboard_sam3s-ek/lib/libboard_sam3s_ek_gcc_dbg.a(syscalls.o)
 .debug_aranges
                0x00000320       0x20 ../../../../libraries/libboard_sam3s-ek/lib/libboard_sam3s_ek_gcc_dbg.a(board_cstartup_gnu.o)
 .debug_aranges
                0x00000340       0x20 ../../../../libraries/libboard_sam3s-ek/lib/libboard_sam3s_ek_gcc_dbg.a(board_lowlevel.o)
 .debug_aranges
                0x00000360       0x38 ../../../../libraries/libboard_sam3s-ek/lib/libboard_sam3s_ek_gcc_dbg.a(led.o)
 .debug_aranges
                0x00000398      0x140 ../../../../libraries/libchip_sam3s/lib/libchip_sam3s4_gcc_dbg.a(USBD_HAL.o)
 .debug_aranges
                0x000004d8      0x168 ../../../../libraries/libchip_sam3s/lib/libchip_sam3s4_gcc_dbg.a(exceptions.o)

.debug_ranges   0x00000000      0x608
 .debug_ranges  0x00000000       0x80 obj/flash_main.o
 .debug_ranges  0x00000080       0x70 ../../../../libraries/libchip_sam3s/lib/libchip_sam3s4_gcc_dbg.a(pio_it.o)
 .debug_ranges  0x000000f0       0x70 ../../../../libraries/libchip_sam3s/lib/libchip_sam3s4_gcc_dbg.a(pio.o)
 .debug_ranges  0x00000160       0x38 ../../../../libraries/libchip_sam3s/lib/libchip_sam3s4_gcc_dbg.a(pmc.o)
 .debug_ranges  0x00000198       0x30 ../../../../libraries/libchip_sam3s/lib/libchip_sam3s4_gcc_dbg.a(tc.o)
 .debug_ranges  0x000001c8       0x38 ../../../../libraries/libchip_sam3s/lib/libchip_sam3s4_gcc_dbg.a(wdt.o)
 .debug_ranges  0x00000200       0x40 ../../../../libraries/libchip_sam3s/lib/libchip_sam3s4_gcc_dbg.a(pio_capture.o)
 .debug_ranges  0x00000240       0x88 ../../../../libraries/libchip_sam3s/lib/libchip_sam3s4_gcc_dbg.a(usart.o)
 .debug_ranges  0x000002c8       0x60 ../../../../libraries/libboard_sam3s-ek/lib/libboard_sam3s_ek_gcc_dbg.a(syscalls.o)
 .debug_ranges  0x00000328       0x10 ../../../../libraries/libboard_sam3s-ek/lib/libboard_sam3s_ek_gcc_dbg.a(board_cstartup_gnu.o)
 .debug_ranges  0x00000338       0x10 ../../../../libraries/libboard_sam3s-ek/lib/libboard_sam3s_ek_gcc_dbg.a(board_lowlevel.o)
 .debug_ranges  0x00000348       0x28 ../../../../libraries/libboard_sam3s-ek/lib/libboard_sam3s_ek_gcc_dbg.a(led.o)
 .debug_ranges  0x00000370      0x138 ../../../../libraries/libchip_sam3s/lib/libchip_sam3s4_gcc_dbg.a(USBD_HAL.o)
 .debug_ranges  0x000004a8      0x160 ../../../../libraries/libchip_sam3s/lib/libchip_sam3s4_gcc_dbg.a(exceptions.o)

.debug_line     0x00000000     0x1bbe
 .debug_line    0x00000000      0x232 obj/flash_main.o
 .debug_line    0x00000232      0x1f0 ../../../../libraries/libchip_sam3s/lib/libchip_sam3s4_gcc_dbg.a(pio_it.o)
 .debug_line    0x00000422      0x1ea ../../../../libraries/libchip_sam3s/lib/libchip_sam3s4_gcc_dbg.a(pio.o)
 .debug_line    0x0000060c      0x12e ../../../../libraries/libchip_sam3s/lib/libchip_sam3s4_gcc_dbg.a(pmc.o)
 .debug_line    0x0000073a      0x120 ../../../../libraries/libchip_sam3s/lib/libchip_sam3s4_gcc_dbg.a(tc.o)
 .debug_line    0x0000085a      0x114 ../../../../libraries/libchip_sam3s/lib/libchip_sam3s4_gcc_dbg.a(wdt.o)
 .debug_line    0x0000096e      0x164 ../../../../libraries/libchip_sam3s/lib/libchip_sam3s4_gcc_dbg.a(pio_capture.o)
 .debug_line    0x00000ad2      0x202 ../../../../libraries/libchip_sam3s/lib/libchip_sam3s4_gcc_dbg.a(usart.o)
 .debug_line    0x00000cd4      0x259 ../../../../libraries/libboard_sam3s-ek/lib/libboard_sam3s_ek_gcc_dbg.a(syscalls.o)
 .debug_line    0x00000f2d      0x139 ../../../../libraries/libboard_sam3s-ek/lib/libboard_sam3s_ek_gcc_dbg.a(board_cstartup_gnu.o)
 .debug_line    0x00001066      0x16b ../../../../libraries/libboard_sam3s-ek/lib/libboard_sam3s_ek_gcc_dbg.a(board_lowlevel.o)
 .debug_line    0x000011d1      0x152 ../../../../libraries/libboard_sam3s-ek/lib/libboard_sam3s_ek_gcc_dbg.a(led.o)
 .debug_line    0x00001323      0x580 ../../../../libraries/libchip_sam3s/lib/libchip_sam3s4_gcc_dbg.a(USBD_HAL.o)
 .debug_line    0x000018a3      0x31b ../../../../libraries/libchip_sam3s/lib/libchip_sam3s4_gcc_dbg.a(exceptions.o)

.debug_str      0x00000000     0x1cd6
 .debug_str     0x00000000      0xa8b obj/flash_main.o
                                0xae3 (size before relaxing)
 .debug_str     0x00000a8b      0x15b ../../../../libraries/libchip_sam3s/lib/libchip_sam3s4_gcc_dbg.a(pio_it.o)
                                0x79a (size before relaxing)
 .debug_str     0x00000be6      0x101 ../../../../libraries/libchip_sam3s/lib/libchip_sam3s4_gcc_dbg.a(pio.o)
                                0x4dc (size before relaxing)
 .debug_str     0x00000ce7       0x75 ../../../../libraries/libchip_sam3s/lib/libchip_sam3s4_gcc_dbg.a(pmc.o)
                                0x2b7 (size before relaxing)
 .debug_str     0x00000d5c       0x6c ../../../../libraries/libchip_sam3s/lib/libchip_sam3s4_gcc_dbg.a(tc.o)
                                0x233 (size before relaxing)
 .debug_str     0x00000dc8       0x50 ../../../../libraries/libchip_sam3s/lib/libchip_sam3s4_gcc_dbg.a(wdt.o)
                                0x154 (size before relaxing)
 .debug_str     0x00000e18      0x15d ../../../../libraries/libchip_sam3s/lib/libchip_sam3s4_gcc_dbg.a(pio_capture.o)
                                0x530 (size before relaxing)
 .debug_str     0x00000f75      0x119 ../../../../libraries/libchip_sam3s/lib/libchip_sam3s4_gcc_dbg.a(usart.o)
                                0x35d (size before relaxing)
 .debug_str     0x0000108e      0x189 ../../../../libraries/libboard_sam3s-ek/lib/libboard_sam3s_ek_gcc_dbg.a(syscalls.o)
                                0x371 (size before relaxing)
 .debug_str     0x00001217       0x90 ../../../../libraries/libboard_sam3s-ek/lib/libboard_sam3s_ek_gcc_dbg.a(board_cstartup_gnu.o)
                                0x1cf (size before relaxing)
 .debug_str     0x000012a7       0x57 ../../../../libraries/libboard_sam3s-ek/lib/libboard_sam3s_ek_gcc_dbg.a(board_lowlevel.o)
                                0x28f (size before relaxing)
 .debug_str     0x000012fe       0x3c ../../../../libraries/libboard_sam3s-ek/lib/libboard_sam3s_ek_gcc_dbg.a(led.o)
                                0x43c (size before relaxing)
 .debug_str     0x0000133a      0x74a ../../../../libraries/libchip_sam3s/lib/libchip_sam3s4_gcc_dbg.a(USBD_HAL.o)
                                0x8e6 (size before relaxing)
 .debug_str     0x00001a84      0x252 ../../../../libraries/libchip_sam3s/lib/libchip_sam3s4_gcc_dbg.a(exceptions.o)
                                0x384 (size before relaxing)

.debug_frame    0x00000000     0x1c2c
 .debug_frame   0x00000000       0x60 obj/flash_main.o
 .debug_frame   0x00000060       0x5c /work/tools/arm-2012.09/bin/../arm-none-eabi/lib/thumb2/libc.a(lib_a-iprintf.o)
 .debug_frame   0x000000bc       0x78 /work/tools/arm-2012.09/bin/../arm-none-eabi/lib/thumb2/libc.a(lib_a-vfiprintf.o)
 .debug_frame   0x00000134       0x2c /work/tools/arm-2012.09/bin/../arm-none-eabi/lib/thumb2/libc.a(lib_a-wsetup.o)
 .debug_frame   0x00000160       0x40 /work/tools/arm-2012.09/bin/../arm-none-eabi/lib/thumb2/libc.a(lib_a-fflush.o)
 .debug_frame   0x000001a0      0x11c /work/tools/arm-2012.09/bin/../arm-none-eabi/lib/thumb2/libc.a(lib_a-findfp.o)
 .debug_frame   0x000002bc       0x50 /work/tools/arm-2012.09/bin/../arm-none-eabi/lib/thumb2/libc.a(lib_a-fputwc.o)
 .debug_frame   0x0000030c       0x50 /work/tools/arm-2012.09/bin/../arm-none-eabi/lib/thumb2/libc.a(lib_a-freer.o)
 .debug_frame   0x0000035c       0x38 /work/tools/arm-2012.09/bin/../arm-none-eabi/lib/thumb2/libc.a(lib_a-fvwrite.o)
 .debug_frame   0x00000394       0x54 /work/tools/arm-2012.09/bin/../arm-none-eabi/lib/thumb2/libc.a(lib_a-fwalk.o)
 .debug_frame   0x000003e8       0x98 /work/tools/arm-2012.09/bin/../arm-none-eabi/lib/thumb2/libc.a(lib_a-locale.o)
 .debug_frame   0x00000480       0x30 /work/tools/arm-2012.09/bin/../arm-none-eabi/lib/thumb2/libc.a(lib_a-makebuf.o)
 .debug_frame   0x000004b0       0x38 /work/tools/arm-2012.09/bin/../arm-none-eabi/lib/thumb2/libc.a(lib_a-mallocr.o)
 .debug_frame   0x000004e8       0x2c /work/tools/arm-2012.09/bin/../arm-none-eabi/lib/thumb2/libc.a(lib_a-memchr.o)
 .debug_frame   0x00000514       0x34 /work/tools/arm-2012.09/bin/../arm-none-eabi/lib/thumb2/libc.a(lib_a-memcpy.o)
 .debug_frame   0x00000548       0x2c /work/tools/arm-2012.09/bin/../arm-none-eabi/lib/thumb2/libc.a(lib_a-memmove.o)
 .debug_frame   0x00000574       0x2c /work/tools/arm-2012.09/bin/../arm-none-eabi/lib/thumb2/libc.a(lib_a-memset.o)
 .debug_frame   0x000005a0       0x30 /work/tools/arm-2012.09/bin/../arm-none-eabi/lib/thumb2/libc.a(lib_a-mlock.o)
 .debug_frame   0x000005d0       0x38 /work/tools/arm-2012.09/bin/../arm-none-eabi/lib/thumb2/libc.a(lib_a-reallocr.o)
 .debug_frame   0x00000608       0x2c /work/tools/arm-2012.09/bin/../arm-none-eabi/lib/thumb2/libc.a(lib_a-sbrkr.o)
 .debug_frame   0x00000634       0x80 /work/tools/arm-2012.09/bin/../arm-none-eabi/lib/thumb2/libc.a(lib_a-stdio.o)
 .debug_frame   0x000006b4       0x30 /work/tools/arm-2012.09/bin/../arm-none-eabi/lib/thumb2/libc.a(lib_a-strcmp.o)
 .debug_frame   0x000006e4       0x20 /work/tools/arm-2012.09/bin/../arm-none-eabi/lib/thumb2/libc.a(lib_a-strlen.o)
 .debug_frame   0x00000704       0x3c /work/tools/arm-2012.09/bin/../arm-none-eabi/lib/thumb2/libc.a(lib_a-wbuf.o)
 .debug_frame   0x00000740       0x58 /work/tools/arm-2012.09/bin/../arm-none-eabi/lib/thumb2/libc.a(lib_a-wcrtomb.o)
 .debug_frame   0x00000798       0x44 /work/tools/arm-2012.09/bin/../arm-none-eabi/lib/thumb2/libc.a(lib_a-wctomb_r.o)
 .debug_frame   0x000007dc       0x2c /work/tools/arm-2012.09/bin/../arm-none-eabi/lib/thumb2/libc.a(lib_a-writer.o)
 .debug_frame   0x00000808       0x2c /work/tools/arm-2012.09/bin/../arm-none-eabi/lib/thumb2/libc.a(lib_a-closer.o)
 .debug_frame   0x00000834       0x3c /work/tools/arm-2012.09/bin/../arm-none-eabi/lib/thumb2/libc.a(lib_a-fclose.o)
 .debug_frame   0x00000870       0x2c /work/tools/arm-2012.09/bin/../arm-none-eabi/lib/thumb2/libc.a(lib_a-fstatr.o)
 .debug_frame   0x0000089c       0x2c /work/tools/arm-2012.09/bin/../arm-none-eabi/lib/thumb2/libc.a(lib_a-isattyr.o)
 .debug_frame   0x000008c8       0x2c /work/tools/arm-2012.09/bin/../arm-none-eabi/lib/thumb2/libc.a(lib_a-lseekr.o)
 .debug_frame   0x000008f4       0x2c /work/tools/arm-2012.09/bin/../arm-none-eabi/lib/thumb2/libc.a(lib_a-readr.o)
 .debug_frame   0x00000920       0x64 /work/tools/arm-2012.09/bin/../arm-none-eabi/lib/thumb2/libc.a(lib_a-reent.o)
 .debug_frame   0x00000984      0x174 ../../../../libraries/libchip_sam3s/lib/libchip_sam3s4_gcc_dbg.a(pio_it.o)
 .debug_frame   0x00000af8      0x168 ../../../../libraries/libchip_sam3s/lib/libchip_sam3s4_gcc_dbg.a(pio.o)
 .debug_frame   0x00000c60       0xa0 ../../../../libraries/libchip_sam3s/lib/libchip_sam3s4_gcc_dbg.a(pmc.o)
 .debug_frame   0x00000d00       0x8c ../../../../libraries/libchip_sam3s/lib/libchip_sam3s4_gcc_dbg.a(tc.o)
 .debug_frame   0x00000d8c       0x9c ../../../../libraries/libchip_sam3s/lib/libchip_sam3s4_gcc_dbg.a(wdt.o)
 .debug_frame   0x00000e28       0xb8 ../../../../libraries/libchip_sam3s/lib/libchip_sam3s4_gcc_dbg.a(pio_capture.o)
 .debug_frame   0x00000ee0      0x1c0 ../../../../libraries/libchip_sam3s/lib/libchip_sam3s4_gcc_dbg.a(usart.o)
 .debug_frame   0x000010a0      0x148 ../../../../libraries/libboard_sam3s-ek/lib/libboard_sam3s_ek_gcc_dbg.a(syscalls.o)
 .debug_frame   0x000011e8       0x30 ../../../../libraries/libboard_sam3s-ek/lib/libboard_sam3s_ek_gcc_dbg.a(board_cstartup_gnu.o)
 .debug_frame   0x00001218       0x2c ../../../../libraries/libboard_sam3s-ek/lib/libboard_sam3s_ek_gcc_dbg.a(board_lowlevel.o)
 .debug_frame   0x00001244       0x90 ../../../../libraries/libboard_sam3s-ek/lib/libboard_sam3s_ek_gcc_dbg.a(led.o)
 .debug_frame   0x000012d4       0x54 /work/tools/arm-2012.09/bin/../lib/gcc/arm-none-eabi/4.7.2/thumb2/libgcc.a(bpabi.o)
 .debug_frame   0x00001328       0x38 /work/tools/arm-2012.09/bin/../lib/gcc/arm-none-eabi/4.7.2/thumb2/libgcc.a(_divdi3.o)
 .debug_frame   0x00001360       0x38 /work/tools/arm-2012.09/bin/../lib/gcc/arm-none-eabi/4.7.2/thumb2/libgcc.a(_udivdi3.o)
 .debug_frame   0x00001398       0x20 /work/tools/arm-2012.09/bin/../lib/gcc/arm-none-eabi/4.7.2/thumb2/libgcc.a(_udivsi3.o)
 .debug_frame   0x000013b8       0x2c /work/tools/arm-2012.09/bin/../arm-none-eabi/lib/thumb2/libc.a(lib_a-init.o)
 .debug_frame   0x000013e4      0x448 ../../../../libraries/libchip_sam3s/lib/libchip_sam3s4_gcc_dbg.a(USBD_HAL.o)
 .debug_frame   0x0000182c      0x400 ../../../../libraries/libchip_sam3s/lib/libchip_sam3s4_gcc_dbg.a(exceptions.o)

.debug_pubnames
                0x00000000      0x98e
 .debug_pubnames
                0x00000000       0xba ../../../../libraries/libchip_sam3s/lib/libchip_sam3s4_gcc_dbg.a(pio_it.o)
 .debug_pubnames
                0x000000ba       0x80 ../../../../libraries/libchip_sam3s/lib/libchip_sam3s4_gcc_dbg.a(pio.o)
 .debug_pubnames
                0x0000013a       0x98 ../../../../libraries/libchip_sam3s/lib/libchip_sam3s4_gcc_dbg.a(pmc.o)
 .debug_pubnames
                0x000001d2       0x52 ../../../../libraries/libchip_sam3s/lib/libchip_sam3s4_gcc_dbg.a(tc.o)
 .debug_pubnames
                0x00000224       0x65 ../../../../libraries/libchip_sam3s/lib/libchip_sam3s4_gcc_dbg.a(wdt.o)
 .debug_pubnames
                0x00000289       0x9b ../../../../libraries/libchip_sam3s/lib/libchip_sam3s4_gcc_dbg.a(pio_capture.o)
 .debug_pubnames
                0x00000324      0x152 ../../../../libraries/libchip_sam3s/lib/libchip_sam3s4_gcc_dbg.a(usart.o)
 .debug_pubnames
                0x00000476      0x1c7 ../../../../libraries/libchip_sam3s/lib/libchip_sam3s4_gcc_dbg.a(USBD_HAL.o)
 .debug_pubnames
                0x0000063d      0x351 ../../../../libraries/libchip_sam3s/lib/libchip_sam3s4_gcc_dbg.a(exceptions.o)

Cross Reference Table

Symbol                                            File
ACC_IrqHandler                                    ../../../../libraries/libchip_sam3s/lib/libchip_sam3s4_gcc_dbg.a(exceptions.o)
                                                  ../../../../libraries/libboard_sam3s-ek/lib/libboard_sam3s_ek_gcc_dbg.a(board_cstartup_gnu.o)
ADC_IrqHandler                                    ../../../../libraries/libchip_sam3s/lib/libchip_sam3s4_gcc_dbg.a(exceptions.o)
                                                  ../../../../libraries/libboard_sam3s-ek/lib/libboard_sam3s_ek_gcc_dbg.a(board_cstartup_gnu.o)
BusFault_Handler                                  ../../../../libraries/libchip_sam3s/lib/libchip_sam3s4_gcc_dbg.a(exceptions.o)
                                                  ../../../../libraries/libboard_sam3s-ek/lib/libboard_sam3s_ek_gcc_dbg.a(board_cstartup_gnu.o)
CRCCU_IrqHandler                                  ../../../../libraries/libchip_sam3s/lib/libchip_sam3s4_gcc_dbg.a(exceptions.o)
                                                  ../../../../libraries/libboard_sam3s-ek/lib/libboard_sam3s_ek_gcc_dbg.a(board_cstartup_gnu.o)
DAC_IrqHandler                                    ../../../../libraries/libchip_sam3s/lib/libchip_sam3s4_gcc_dbg.a(exceptions.o)
                                                  ../../../../libraries/libboard_sam3s-ek/lib/libboard_sam3s_ek_gcc_dbg.a(board_cstartup_gnu.o)
DebugMon_Handler                                  ../../../../libraries/libchip_sam3s/lib/libchip_sam3s4_gcc_dbg.a(exceptions.o)
                                                  ../../../../libraries/libboard_sam3s-ek/lib/libboard_sam3s_ek_gcc_dbg.a(board_cstartup_gnu.o)
EEFC_IrqHandler                                   ../../../../libraries/libchip_sam3s/lib/libchip_sam3s4_gcc_dbg.a(exceptions.o)
                                                  ../../../../libraries/libboard_sam3s-ek/lib/libboard_sam3s_ek_gcc_dbg.a(board_cstartup_gnu.o)
HardFault_Handler                                 ../../../../libraries/libchip_sam3s/lib/libchip_sam3s4_gcc_dbg.a(exceptions.o)
                                                  ../../../../libraries/libboard_sam3s-ek/lib/libboard_sam3s_ek_gcc_dbg.a(board_cstartup_gnu.o)
IrqHandlerNotUsed                                 ../../../../libraries/libchip_sam3s/lib/libchip_sam3s4_gcc_dbg.a(exceptions.o)
                                                  ../../../../libraries/libboard_sam3s-ek/lib/libboard_sam3s_ek_gcc_dbg.a(board_cstartup_gnu.o)
LED_Clear                                         ../../../../libraries/libboard_sam3s-ek/lib/libboard_sam3s_ek_gcc_dbg.a(led.o)
LED_Configure                                     ../../../../libraries/libboard_sam3s-ek/lib/libboard_sam3s_ek_gcc_dbg.a(led.o)
                                                  obj/flash_main.o
LED_Set                                           ../../../../libraries/libboard_sam3s-ek/lib/libboard_sam3s_ek_gcc_dbg.a(led.o)
LED_Toggle                                        ../../../../libraries/libboard_sam3s-ek/lib/libboard_sam3s_ek_gcc_dbg.a(led.o)
                                                  obj/flash_main.o
LowLevelInit                                      ../../../../libraries/libboard_sam3s-ek/lib/libboard_sam3s_ek_gcc_dbg.a(board_lowlevel.o)
                                                  ../../../../libraries/libboard_sam3s-ek/lib/libboard_sam3s_ek_gcc_dbg.a(board_cstartup_gnu.o)
MCI_IrqHandler                                    ../../../../libraries/libchip_sam3s/lib/libchip_sam3s4_gcc_dbg.a(exceptions.o)
                                                  ../../../../libraries/libboard_sam3s-ek/lib/libboard_sam3s_ek_gcc_dbg.a(board_cstartup_gnu.o)
MemManage_Handler                                 ../../../../libraries/libchip_sam3s/lib/libchip_sam3s4_gcc_dbg.a(exceptions.o)
                                                  ../../../../libraries/libboard_sam3s-ek/lib/libboard_sam3s_ek_gcc_dbg.a(board_cstartup_gnu.o)
NMI_Handler                                       ../../../../libraries/libchip_sam3s/lib/libchip_sam3s4_gcc_dbg.a(exceptions.o)
                                                  ../../../../libraries/libboard_sam3s-ek/lib/libboard_sam3s_ek_gcc_dbg.a(board_cstartup_gnu.o)
PIOA_IrqHandler                                   ../../../../libraries/libchip_sam3s/lib/libchip_sam3s4_gcc_dbg.a(pio_it.o)
                                                  ../../../../libraries/libboard_sam3s-ek/lib/libboard_sam3s_ek_gcc_dbg.a(board_cstartup_gnu.o)