Archive member included because of file (symbol)

/work/tools/arm-2012.09/bin/../lib/gcc/arm-none-eabi/4.7.2/thumb2/libgcc.a(_arm_addsubdf3.o)
                              obj/flash_dds.o (__aeabi_dsub)
/work/tools/arm-2012.09/bin/../lib/gcc/arm-none-eabi/4.7.2/thumb2/libgcc.a(_arm_muldivdf3.o)
                              obj/flash_dds.o (__aeabi_dmul)
/work/tools/arm-2012.09/bin/../lib/gcc/arm-none-eabi/4.7.2/thumb2/libgcc.a(_arm_cmpdf2.o)
                              obj/flash_dds.o (__aeabi_dcmple)
/work/tools/arm-2012.09/bin/../lib/gcc/arm-none-eabi/4.7.2/thumb2/libgcc.a(_arm_fixunsdfsi.o)
                              obj/flash_dds.o (__aeabi_d2uiz)
/work/tools/arm-2012.09/bin/../lib/gcc/arm-none-eabi/4.7.2/thumb2/libgcc.a(_arm_addsubsf3.o)
                              obj/flash_main.o (__aeabi_fsub)
/work/tools/arm-2012.09/bin/../lib/gcc/arm-none-eabi/4.7.2/thumb2/libgcc.a(_arm_cmpsf2.o)
                              obj/flash_main.o (__aeabi_fcmpgt)
/work/tools/arm-2012.09/bin/../arm-none-eabi/lib/thumb2/libc.a(lib_a-iprintf.o)
                              obj/flash_main.o (iprintf)
/work/tools/arm-2012.09/bin/../arm-none-eabi/lib/thumb2/libc.a(lib_a-vfiprintf.o)
                              /work/tools/arm-2012.09/bin/../arm-none-eabi/lib/thumb2/libc.a(lib_a-iprintf.o) (_vfiprintf_r)
/work/tools/arm-2012.09/bin/../arm-none-eabi/lib/thumb2/libc.a(lib_a-wsetup.o)
                              /work/tools/arm-2012.09/bin/../arm-none-eabi/lib/thumb2/libc.a(lib_a-vfiprintf.o) (__swsetup_r)
/work/tools/arm-2012.09/bin/../arm-none-eabi/lib/thumb2/libc.a(lib_a-fflush.o)
                              /work/tools/arm-2012.09/bin/../arm-none-eabi/lib/thumb2/libc.a(lib_a-vfiprintf.o) (_fflush_r)
/work/tools/arm-2012.09/bin/../arm-none-eabi/lib/thumb2/libc.a(lib_a-findfp.o)
                              /work/tools/arm-2012.09/bin/../arm-none-eabi/lib/thumb2/libc.a(lib_a-iprintf.o) (__sinit)
/work/tools/arm-2012.09/bin/../arm-none-eabi/lib/thumb2/libc.a(lib_a-fputwc.o)
                              /work/tools/arm-2012.09/bin/../arm-none-eabi/lib/thumb2/libc.a(lib_a-vfiprintf.o) (_fputwc_r)
/work/tools/arm-2012.09/bin/../arm-none-eabi/lib/thumb2/libc.a(lib_a-freer.o)
                              /work/tools/arm-2012.09/bin/../arm-none-eabi/lib/thumb2/libc.a(lib_a-wsetup.o) (_free_r)
/work/tools/arm-2012.09/bin/../arm-none-eabi/lib/thumb2/libc.a(lib_a-fvwrite.o)
                              /work/tools/arm-2012.09/bin/../arm-none-eabi/lib/thumb2/libc.a(lib_a-vfiprintf.o) (__sfvwrite_r)
/work/tools/arm-2012.09/bin/../arm-none-eabi/lib/thumb2/libc.a(lib_a-fwalk.o)
                              /work/tools/arm-2012.09/bin/../arm-none-eabi/lib/thumb2/libc.a(lib_a-findfp.o) (_fwalk)
/work/tools/arm-2012.09/bin/../arm-none-eabi/lib/thumb2/libc.a(lib_a-impure.o)
                              /work/tools/arm-2012.09/bin/../arm-none-eabi/lib/thumb2/libc.a(lib_a-fflush.o) (_global_impure_ptr)
/work/tools/arm-2012.09/bin/../arm-none-eabi/lib/thumb2/libc.a(lib_a-locale.o)
                              /work/tools/arm-2012.09/bin/../arm-none-eabi/lib/thumb2/libc.a(lib_a-fputwc.o) (__locale_mb_cur_max)
/work/tools/arm-2012.09/bin/../arm-none-eabi/lib/thumb2/libc.a(lib_a-makebuf.o)
                              /work/tools/arm-2012.09/bin/../arm-none-eabi/lib/thumb2/libc.a(lib_a-wsetup.o) (__smakebuf_r)
/work/tools/arm-2012.09/bin/../arm-none-eabi/lib/thumb2/libc.a(lib_a-mallocr.o)
                              /work/tools/arm-2012.09/bin/../arm-none-eabi/lib/thumb2/libc.a(lib_a-findfp.o) (_malloc_r)
/work/tools/arm-2012.09/bin/../arm-none-eabi/lib/thumb2/libc.a(lib_a-memchr.o)
                              /work/tools/arm-2012.09/bin/../arm-none-eabi/lib/thumb2/libc.a(lib_a-vfiprintf.o) (memchr)
/work/tools/arm-2012.09/bin/../arm-none-eabi/lib/thumb2/libc.a(lib_a-memcpy.o)
                              /work/tools/arm-2012.09/bin/../arm-none-eabi/lib/thumb2/libc.a(lib_a-fvwrite.o) (memcpy)
/work/tools/arm-2012.09/bin/../arm-none-eabi/lib/thumb2/libc.a(lib_a-memmove.o)
                              /work/tools/arm-2012.09/bin/../arm-none-eabi/lib/thumb2/libc.a(lib_a-fvwrite.o) (memmove)
/work/tools/arm-2012.09/bin/../arm-none-eabi/lib/thumb2/libc.a(lib_a-memset.o)
                              /work/tools/arm-2012.09/bin/../arm-none-eabi/lib/thumb2/libc.a(lib_a-findfp.o) (memset)
/work/tools/arm-2012.09/bin/../arm-none-eabi/lib/thumb2/libc.a(lib_a-mlock.o)
                              /work/tools/arm-2012.09/bin/../arm-none-eabi/lib/thumb2/libc.a(lib_a-freer.o) (__malloc_lock)
/work/tools/arm-2012.09/bin/../arm-none-eabi/lib/thumb2/libc.a(lib_a-reallocr.o)
                              /work/tools/arm-2012.09/bin/../arm-none-eabi/lib/thumb2/libc.a(lib_a-fvwrite.o) (_realloc_r)
/work/tools/arm-2012.09/bin/../arm-none-eabi/lib/thumb2/libc.a(lib_a-sbrkr.o)
                              /work/tools/arm-2012.09/bin/../arm-none-eabi/lib/thumb2/libc.a(lib_a-freer.o) (_sbrk_r)
[...]
Memory Configuration

Name             Origin             Length             Attributes
rom              0x00400000         0x00040000         xr
ram              0x20000000         0x0000c000         xrw
*default*        0x00000000         0xffffffff

Linker script and memory map

LOAD /work/tools/arm-2012.09/bin/../lib/gcc/arm-none-eabi/4.7.2/thumb2/crti.o
LOAD /work/tools/arm-2012.09/bin/../lib/gcc/arm-none-eabi/4.7.2/thumb2/crtbegin.o
LOAD obj/flash_device_descriptor.o
LOAD obj/flash_main.o
LOAD obj/flash_i2c_inter.o
LOAD obj/flash_dds.o
START GROUP
LOAD /work/tools/arm-2012.09/bin/../lib/gcc/arm-none-eabi/4.7.2/thumb2/libgcc.a
LOAD /work/tools/arm-2012.09/bin/../arm-none-eabi/lib/thumb2/libc.a
LOAD ../../../../libraries/libchip_sam3s/lib/libchip_sam3s4_gcc_dbg.a
LOAD ../../../../libraries/libboard_sam3s-ek/lib/libboard_sam3s_ek_gcc_dbg.a
LOAD ../../../../libraries/memories/lib/libmemories_sam3s_gcc_dbg.a
LOAD ../../../../libraries/usb/lib/libusb_sam3s_gcc_dbg.a
END GROUP
START GROUP
LOAD /work/tools/arm-2012.09/bin/../lib/gcc/arm-none-eabi/4.7.2/thumb2/libgcc.a
LOAD /work/tools/arm-2012.09/bin/../arm-none-eabi/lib/thumb2/libc.a
END GROUP
LOAD /work/tools/arm-2012.09/bin/../lib/gcc/arm-none-eabi/4.7.2/thumb2/crtend.o
LOAD /work/tools/arm-2012.09/bin/../lib/gcc/arm-none-eabi/4.7.2/thumb2/crtn.o

.text           0x00400000     0xa330
                0x00400000                . = ALIGN (0x4)
                0x00400000                _sfixed = .
 *(.vectors .vectors.*)
 .vectors       0x00400000       0xd0 ../../../../libraries/libboard_sam3s-ek/lib/libboard_sam3s_ek_gcc_dbg.a(board_cstartup_gnu.o)
                0x00400000                exception_table
 *(.text .text.* .gnu.linkonce.t.*)
 .text          0x004000d0       0xc8 /work/tools/arm-2012.09/bin/../lib/gcc/arm-none-eabi/4.7.2/thumb2/crtbegin.o
 .text.ISR_Vbus
                0x00400198       0x34 obj/flash_main.o
 .text._UsbDataReceived
                0x004001cc       0x30 obj/flash_main.o
 .text.USBDCallbacks_Initialized
                0x004001fc       0x14 obj/flash_main.o
                0x004001fc                USBDCallbacks_Initialized
 .text.USBDCallbacks_RequestReceived
                0x00400210       0x40 obj/flash_main.o
                0x00400210                USBDCallbacks_RequestReceived
 .text.TC0_IrqHandler
                0x00400250       0x14 obj/flash_main.o
                0x00400250                TC0_IrqHandler
 .text.SysTick_Handler
                0x00400264       0x10 obj/flash_main.o
                0x00400264                SysTick_Handler
 .text.write_reg_fun
                0x00400274       0x4a obj/flash_main.o
                0x00400274                write_reg_fun
 *fill*         0x004002be        0x2 
 .text.analyze_command
                0x004002c0      0x2d0 obj/flash_main.o
                0x004002c0                analyze_command
 .text.SSC_IrqHandler
                0x00400590       0x70 obj/flash_main.o
                0x00400590                SSC_IrqHandler
 .text.startup.main
                0x00400600      0x2d4 obj/flash_main.o
                0x00400600                main
 .text.i2c_init
                0x004008d4       0xa4 obj/flash_i2c_inter.o
                0x004008d4                i2c_init
 .text.i2c_write
                0x00400978        0x4 obj/flash_i2c_inter.o
                0x00400978                i2c_write
 .text.i2c_read
                0x0040097c        0x4 obj/flash_i2c_inter.o
                0x0040097c                i2c_read
 .text.dds_update
                0x00400980       0x24 obj/flash_dds.o
                0x00400980                dds_update
 .text.set_dds_pin
                0x004009a4       0x10 obj/flash_dds.o
                0x004009a4                set_dds_pin
 .text.clr_dds_pin
                0x004009b4       0x10 obj/flash_dds.o
                0x004009b4                clr_dds_pin
 .text.dds_spi_write
                0x004009c4       0x94 obj/flash_dds.o
                0x004009c4                dds_spi_write
 .text.dds_set_freq
                0x00400a58      0x1b0 obj/flash_dds.o
                0x00400a58                dds_set_freq
 .text.spi_init
                0x00400c08       0x90 obj/flash_dds.o
                0x00400c08                spi_init
 .text.dds_spi_read
                0x00400c98       0x98 obj/flash_dds.o
                0x00400c98                dds_spi_read
 .text          0x00400d30      0x370 /work/tools/arm-2012.09/bin/../lib/gcc/arm-none-eabi/4.7.2/thumb2/libgcc.a(_arm_addsubdf3.o)
                0x00400d30                __aeabi_drsub
                0x00400d38                __aeabi_dsub
                0x00400d38                __subdf3
                0x00400d3c                __adddf3
                0x00400d3c                __aeabi_dadd
                0x00400fb4                __aeabi_ui2d
                0x00400fb4                __floatunsidf
                0x00400fd4                __floatsidf
                0x00400fd4                __aeabi_i2d
                0x00400ff8                __extendsfdf2
                0x00400ff8                __aeabi_f2d
                0x00401034                __aeabi_ul2d
                0x00401034                __floatundidf
                0x00401044                __floatdidf
                0x00401044                __aeabi_l2d
 .text          0x004010a0      0x424 /work/tools/arm-2012.09/bin/../lib/gcc/arm-none-eabi/4.7.2/thumb2/libgcc.a(_arm_muldivdf3.o)
                0x004010a0                __aeabi_dmul
                0x004010a0                __muldf3
                0x004012f4                __aeabi_ddiv
                0x004012f4                __divdf3
 .text          0x004014c4      0x110 /work/tools/arm-2012.09/bin/../lib/gcc/arm-none-eabi/4.7.2/thumb2/libgcc.a(_arm_cmpdf2.o)
                0x004014c4                __gtdf2
                0x004014c4                __gedf2
                0x004014cc                __ltdf2
                0x004014cc                __ledf2
                0x004014d4                __cmpdf2
                0x004014d4                __eqdf2
                0x004014d4                __nedf2
                0x00401550                __aeabi_cdrcmple
                0x00401560                __aeabi_cdcmple
                0x00401560                __aeabi_cdcmpeq
                0x00401570                __aeabi_dcmpeq
                0x00401584                __aeabi_dcmplt
                0x00401598                __aeabi_dcmple
                0x004015ac                __aeabi_dcmpge
                0x004015c0                __aeabi_dcmpgt
 .text          0x004015d4       0x40 /work/tools/arm-2012.09/bin/../lib/gcc/arm-none-eabi/4.7.2/thumb2/libgcc.a(_arm_fixunsdfsi.o)
                0x004015d4                __fixunsdfsi
                0x004015d4                __aeabi_d2uiz
 .text          0x00401614      0x21c /work/tools/arm-2012.09/bin/../lib/gcc/arm-none-eabi/4.7.2/thumb2/libgcc.a(_arm_addsubsf3.o)
                0x00401614                __aeabi_frsub
                0x0040161c                __subsf3
                0x0040161c                __aeabi_fsub
                0x00401620                __aeabi_fadd
                0x00401620                __addsf3
                0x00401780                __aeabi_ui2f
                0x00401780                __floatunsisf
                0x00401788                __aeabi_i2f
                0x00401788                __floatsisf
                0x004017a4                __floatundisf
                0x004017a4                __aeabi_ul2f
                0x004017b4                __floatdisf
                0x004017b4                __aeabi_l2f
 .text          0x00401830       0xec /work/tools/arm-2012.09/bin/../lib/gcc/arm-none-eabi/4.7.2/thumb2/libgcc.a(_arm_cmpsf2.o)
                0x00401830                __gtsf2
                0x00401830                __gesf2
                0x00401838                __lesf2
                0x00401838                __ltsf2
                0x00401840                __nesf2
                0x00401840                __eqsf2
                0x00401840                __cmpsf2
                0x004018a0                __aeabi_cfrcmple
                0x004018a8                __aeabi_cfcmple
                0x004018a8                __aeabi_cfcmpeq
                0x004018b8                __aeabi_fcmpeq
                0x004018cc                __aeabi_fcmplt
                0x004018e0                __aeabi_fcmple
                0x004018f4                __aeabi_fcmpge
                0x00401908                __aeabi_fcmpgt
 .text          0x0040191c       0x64 /work/tools/arm-2012.09/bin/../arm-none-eabi/lib/thumb2/libc.a(lib_a-iprintf.o)
                0x0040191c                iprintf
                0x00401954                _iprintf_r
 .text          0x00401980      0xd10 /work/tools/arm-2012.09/bin/../arm-none-eabi/lib/thumb2/libc.a(lib_a-vfiprintf.o)
                0x00401980                __sprint_r
                0x004019fc                _vfiprintf_r
                0x00402674                vfiprintf
 .text          0x00402690      0x104 /work/tools/arm-2012.09/bin/../arm-none-eabi/lib/thumb2/libc.a(lib_a-wsetup.o)
                0x00402690                __swsetup_r
 .text          0x00402794      0x1c0 /work/tools/arm-2012.09/bin/../arm-none-eabi/lib/thumb2/libc.a(lib_a-fflush.o)
                0x00402794                _fflush_r
                0x0040292c                fflush
 .text          0x00402954      0x1c8 /work/tools/arm-2012.09/bin/../arm-none-eabi/lib/thumb2/libc.a(lib_a-findfp.o)
                0x0040295c                _cleanup_r
                0x004029b8                __sfmoreglue
                0x004029e8                _cleanup
                0x004029f8                __sinit
                0x00402a54                __sfp
                0x00402adc                __sfp_lock_acquire
                0x00402ae0                __sfp_lock_release
                0x00402ae4                __sinit_lock_acquire
                0x00402ae8                __sinit_lock_release
                0x00402aec                __fp_lock_all
                0x00402b04                __fp_unlock_all
 .text          0x00402b1c      0x12c /work/tools/arm-2012.09/bin/../arm-none-eabi/lib/thumb2/libc.a(lib_a-fputwc.o)
                0x00402b1c                _fputwc_r
                0x00402bf0                fputwc
 .text          0x00402c48      0x238 /work/tools/arm-2012.09/bin/../arm-none-eabi/lib/thumb2/libc.a(lib_a-freer.o)
                0x00402c48                _malloc_trim_r
                0x00402cec                _free_r
 .text          0x00402e80      0x31c /work/tools/arm-2012.09/bin/../arm-none-eabi/lib/thumb2/libc.a(lib_a-fvwrite.o)
                0x00402e80                __sfvwrite_r
 .text          0x0040319c       0xa0 /work/tools/arm-2012.09/bin/../arm-none-eabi/lib/thumb2/libc.a(lib_a-fwalk.o)
                0x0040319c                _fwalk
                0x004031e8                _fwalk_reent
 .text          0x0040323c       0x9c /work/tools/arm-2012.09/bin/../arm-none-eabi/lib/thumb2/libc.a(lib_a-locale.o)
                0x0040323c                _setlocale_r
                0x00403290                __locale_charset
                0x0040329c                __locale_mb_cur_max
                0x004032a8                __locale_msgcharset
                0x004032b0                __locale_cjk_lang
                0x004032b4                _localeconv_r
                0x004032bc                setlocale
                0x004032d0                localeconv
 .text          0x004032d8       0xf0 /work/tools/arm-2012.09/bin/../arm-none-eabi/lib/thumb2/libc.a(lib_a-makebuf.o)
                0x004032d8                __smakebuf_r
 .text          0x004033c8      0x598 /work/tools/arm-2012.09/bin/../arm-none-eabi/lib/thumb2/libc.a(lib_a-mallocr.o)
                0x004033c8                _malloc_r
 .text          0x00403960       0x94 /work/tools/arm-2012.09/bin/../arm-none-eabi/lib/thumb2/libc.a(lib_a-memchr.o)
                0x00403960                memchr
 .text          0x004039f4      0x174 /work/tools/arm-2012.09/bin/../arm-none-eabi/lib/thumb2/libc.a(lib_a-memcpy.o)
                0x004039f4                memcpy
 .text          0x00403b68       0xcc /work/tools/arm-2012.09/bin/../arm-none-eabi/lib/thumb2/libc.a(lib_a-memmove.o)
                0x00403b68                memmove
 .text          0x00403c34       0xcc /work/tools/arm-2012.09/bin/../arm-none-eabi/lib/thumb2/libc.a(lib_a-memset.o)
                0x00403c34                memset
 .text          0x00403d00        0x8 /work/tools/arm-2012.09/bin/../arm-none-eabi/lib/thumb2/libc.a(lib_a-mlock.o)
                0x00403d00                __malloc_lock
                0x00403d04                __malloc_unlock
 .text          0x00403d08      0x3cc /work/tools/arm-2012.09/bin/../arm-none-eabi/lib/thumb2/libc.a(lib_a-reallocr.o)
                0x00403d08                _realloc_r
 .text          0x004040d4       0x28 /work/tools/arm-2012.09/bin/../arm-none-eabi/lib/thumb2/libc.a(lib_a-sbrkr.o)
                0x004040d4                _sbrk_r
 .text          0x004040fc       0x8c /work/tools/arm-2012.09/bin/../arm-none-eabi/lib/thumb2/libc.a(lib_a-stdio.o)
                0x004040fc                __sread
                0x00404120                __seofread
                0x00404124                __swrite
                0x00404160                __sseek
                0x00404180                __sclose
 .text          0x00404188      0x1dc /work/tools/arm-2012.09/bin/../arm-none-eabi/lib/thumb2/libc.a(lib_a-strcmp.o)
                0x00404188                strcmp
 .text          0x00404364       0x60 /work/tools/arm-2012.09/bin/../arm-none-eabi/lib/thumb2/libc.a(lib_a-strlen.o)
                0x00404364                strlen
 .text          0x004043c4      0x100 /work/tools/arm-2012.09/bin/../arm-none-eabi/lib/thumb2/libc.a(lib_a-wbuf.o)
                0x004043c4                __swbuf_r
                0x004044b0                __swbuf
 .text          0x004044c4       0xbc /work/tools/arm-2012.09/bin/../arm-none-eabi/lib/thumb2/libc.a(lib_a-wcrtomb.o)
                0x004044c4                _wcrtomb_r
                0x0040451c                wcrtomb
 .text          0x00404580       0x48 /work/tools/arm-2012.09/bin/../arm-none-eabi/lib/thumb2/libc.a(lib_a-wctomb_r.o)
                0x00404580                __ascii_wctomb
                0x00404598                _wctomb_r
 .text          0x004045c8       0x2c /work/tools/arm-2012.09/bin/../arm-none-eabi/lib/thumb2/libc.a(lib_a-writer.o)
                0x004045c8                _write_r
 .text          0x004045f4       0x28 /work/tools/arm-2012.09/bin/../arm-none-eabi/lib/thumb2/libc.a(lib_a-closer.o)
                0x004045f4                _close_r
 .text          0x0040461c       0xc8 /work/tools/arm-2012.09/bin/../arm-none-eabi/lib/thumb2/libc.a(lib_a-fclose.o)
                0x0040461c                _fclose_r
                0x004046d4                fclose
 .text          0x004046e4       0x28 /work/tools/arm-2012.09/bin/../arm-none-eabi/lib/thumb2/libc.a(lib_a-fstatr.o)
                0x004046e4                _fstat_r
 .text          0x0040470c       0x28 /work/tools/arm-2012.09/bin/../arm-none-eabi/lib/thumb2/libc.a(lib_a-isattyr.o)
                0x0040470c                _isatty_r
 .text          0x00404734       0x2c /work/tools/arm-2012.09/bin/../arm-none-eabi/lib/thumb2/libc.a(lib_a-lseekr.o)
                0x00404734                _lseek_r
 .text          0x00404760       0x2c /work/tools/arm-2012.09/bin/../arm-none-eabi/lib/thumb2/libc.a(lib_a-readr.o)
                0x00404760                _read_r
 .text.NVIC_EnableIRQ
                0x0040478c       0x34 ../../../../libraries/libchip_sam3s/lib/libchip_sam3s4_gcc_dbg.a(pio_it.o)
 .text.NVIC_DisableIRQ
                0x004047c0       0x38 ../../../../libraries/libchip_sam3s/lib/libchip_sam3s4_gcc_dbg.a(pio_it.o)
 .text.NVIC_ClearPendingIRQ
                0x004047f8       0x38 ../../../../libraries/libchip_sam3s/lib/libchip_sam3s4_gcc_dbg.a(pio_it.o)
 .text.NVIC_SetPriority
                0x00404830       0x58 ../../../../libraries/libchip_sam3s/lib/libchip_sam3s4_gcc_dbg.a(pio_it.o)
 .text.PioInterruptHandler
                0x00404888       0xc0 ../../../../libraries/libchip_sam3s/lib/libchip_sam3s4_gcc_dbg.a(pio_it.o)
                0x00404888                PioInterruptHandler
 .text.PIOA_IrqHandler
                0x00404948       0x2c ../../../../libraries/libchip_sam3s/lib/libchip_sam3s4_gcc_dbg.a(pio_it.o)
                0x00404948                PIOA_IrqHandler
 .text.PIOB_IrqHandler
                0x00404974       0x18 ../../../../libraries/libchip_sam3s/lib/libchip_sam3s4_gcc_dbg.a(pio_it.o)
                0x00404974                PIOB_IrqHandler
 .text.PIOC_IrqHandler
                0x0040498c       0x18 ../../../../libraries/libchip_sam3s/lib/libchip_sam3s4_gcc_dbg.a(pio_it.o)
                0x0040498c                PIOC_IrqHandler
 .text.PIO_InitializeInterrupts
                0x004049a4       0xa4 ../../../../libraries/libchip_sam3s/lib/libchip_sam3s4_gcc_dbg.a(pio_it.o)
                0x004049a4                PIO_InitializeInterrupts
 .text.PIO_ConfigureIt
                0x00404a48       0xec ../../../../libraries/libchip_sam3s/lib/libchip_sam3s4_gcc_dbg.a(pio_it.o)
                0x00404a48                PIO_ConfigureIt
 .text.PIO_EnableIt
                0x00404b34       0xa0 ../../../../libraries/libchip_sam3s/lib/libchip_sam3s4_gcc_dbg.a(pio_it.o)
                0x00404b34                PIO_EnableIt
 .text.TWI_ConfigureMaster
                0x00404bd4       0xdc ../../../../libraries/libchip_sam3s/lib/libchip_sam3s4_gcc_dbg.a(twi.o)
                0x00404bd4                TWI_ConfigureMaster
 .text.TWI_WriteByte
                0x00404cb0       0x40 ../../../../libraries/libchip_sam3s/lib/libchip_sam3s4_gcc_dbg.a(twi.o)
                0x00404cb0                TWI_WriteByte
 .text.TWI_StartWrite
                0x00404cf0       0xc4 ../../../../libraries/libchip_sam3s/lib/libchip_sam3s4_gcc_dbg.a(twi.o)
                0x00404cf0                TWI_StartWrite
 .text.TWI_ByteSent
                0x00404db4       0x28 ../../../../libraries/libchip_sam3s/lib/libchip_sam3s4_gcc_dbg.a(twi.o)
                0x00404db4                TWI_ByteSent
 .text.TWI_TransferComplete
                0x00404ddc       0x28 ../../../../libraries/libchip_sam3s/lib/libchip_sam3s4_gcc_dbg.a(twi.o)
                0x00404ddc                TWI_TransferComplete
 .text.TWI_EnableIt
                0x00404e04       0x5c ../../../../libraries/libchip_sam3s/lib/libchip_sam3s4_gcc_dbg.a(twi.o)
                0x00404e04                TWI_EnableIt
 .text.TWI_SendSTOPCondition
                0x00404e60       0x40 ../../../../libraries/libchip_sam3s/lib/libchip_sam3s4_gcc_dbg.a(twi.o)
                0x00404e60                TWI_SendSTOPCondition
 .text.PIO_SetPeripheralA
                0x00404ea0       0x6c ../../../../libraries/libchip_sam3s/lib/libchip_sam3s4_gcc_dbg.a(pio.o)
 .text.PIO_SetPeripheralB
                0x00404f0c       0x64 ../../../../libraries/libchip_sam3s/lib/libchip_sam3s4_gcc_dbg.a(pio.o)
 .text.PIO_SetPeripheralC
                0x00404f70       0x64 ../../../../libraries/libchip_sam3s/lib/libchip_sam3s4_gcc_dbg.a(pio.o)
 .text.PIO_SetPeripheralD
                0x00404fd4       0x58 ../../../../libraries/libchip_sam3s/lib/libchip_sam3s4_gcc_dbg.a(pio.o)
 .text.PIO_SetInput
                0x0040502c       0x80 ../../../../libraries/libchip_sam3s/lib/libchip_sam3s4_gcc_dbg.a(pio.o)
 .text.PIO_SetOutput
                0x004050ac       0x68 ../../../../libraries/libchip_sam3s/lib/libchip_sam3s4_gcc_dbg.a(pio.o)
 .text.PIO_Configure
                0x00405114      0x180 ../../../../libraries/libchip_sam3s/lib/libchip_sam3s4_gcc_dbg.a(pio.o)
                0x00405114                PIO_Configure
 .text.PIO_Set  0x00405294       0x1c ../../../../libraries/libchip_sam3s/lib/libchip_sam3s4_gcc_dbg.a(pio.o)
                0x00405294                PIO_Set
 .text.PIO_Clear
                0x004052b0       0x1c ../../../../libraries/libchip_sam3s/lib/libchip_sam3s4_gcc_dbg.a(pio.o)
                0x004052b0                PIO_Clear
 .text.PIO_Get  0x004052cc       0x4c ../../../../libraries/libchip_sam3s/lib/libchip_sam3s4_gcc_dbg.a(pio.o)
                0x004052cc                PIO_Get
 .text.PIO_GetOutputDataStatus
                0x00405318       0x30 ../../../../libraries/libchip_sam3s/lib/libchip_sam3s4_gcc_dbg.a(pio.o)
                0x00405318                PIO_GetOutputDataStatus
 .text.SSC_Configure
                0x00405348       0x5c ../../../../libraries/libchip_sam3s/lib/libchip_sam3s4_gcc_dbg.a(ssc.o)
                0x00405348                SSC_Configure
 .text.SSC_ConfigureReceiver
                0x004053a4       0x24 ../../../../libraries/libchip_sam3s/lib/libchip_sam3s4_gcc_dbg.a(ssc.o)
                0x004053a4                SSC_ConfigureReceiver
 .text.SSC_DisableTransmitter
                0x004053c8       0x14 ../../../../libraries/libchip_sam3s/lib/libchip_sam3s4_gcc_dbg.a(ssc.o)
                0x004053c8                SSC_DisableTransmitter
 .text.SSC_EnableReceiver
                0x004053dc       0x14 ../../../../libraries/libchip_sam3s/lib/libchip_sam3s4_gcc_dbg.a(ssc.o)
                0x004053dc                SSC_EnableReceiver
 .text.SSC_EnableInterrupts
                0x004053f0       0x1c ../../../../libraries/libchip_sam3s/lib/libchip_sam3s4_gcc_dbg.a(ssc.o)
                0x004053f0                SSC_EnableInterrupts
 .text.PMC_EnablePeripheral
                0x0040540c       0xa4 ../../../../libraries/libchip_sam3s/lib/libchip_sam3s4_gcc_dbg.a(pmc.o)
                0x0040540c                PMC_EnablePeripheral
 .text.PMC_DisablePeripheral
                0x004054b0       0xa4 ../../../../libraries/libchip_sam3s/lib/libchip_sam3s4_gcc_dbg.a(pmc.o)
                0x004054b0                PMC_DisablePeripheral
 .text.PMC_IsPeriphEnabled
                0x00405554       0x68 ../../../../libraries/libchip_sam3s/lib/libchip_sam3s4_gcc_dbg.a(pmc.o)
                0x00405554                PMC_IsPeriphEnabled
 .text.TWID_Initialize
                0x004055bc       0x5c ../../../../libraries/libchip_sam3s/lib/libchip_sam3s4_gcc_dbg.a(twid.o)
                0x004055bc                TWID_Initialize
 .text.TWID_Write
                0x00405618      0x1dc ../../../../libraries/libchip_sam3s/lib/libchip_sam3s4_gcc_dbg.a(twid.o)
                0x00405618                TWID_Write
 .text.TC_Configure
                0x004057f4       0x60 ../../../../libraries/libchip_sam3s/lib/libchip_sam3s4_gcc_dbg.a(tc.o)
                0x004057f4                TC_Configure
 .text.TC_Start
                0x00405854       0x4c ../../../../libraries/libchip_sam3s/lib/libchip_sam3s4_gcc_dbg.a(tc.o)
                0x00405854                TC_Start
 .text.TC_FindMckDivisor
                0x004058a0       0xd4 ../../../../libraries/libchip_sam3s/lib/libchip_sam3s4_gcc_dbg.a(tc.o)
                0x004058a0                TC_FindMckDivisor
 .text.WDT_Disable
                0x00405974       0x1c ../../../../libraries/libchip_sam3s/lib/libchip_sam3s4_gcc_dbg.a(wdt.o)
                0x00405974                WDT_Disable
 .text.PIO_CaptureHandler
                0x00405990       0xb4 ../../../../libraries/libchip_sam3s/lib/libchip_sam3s4_gcc_dbg.a(pio_capture.o)
                0x00405990                PIO_CaptureHandler
 .text.WM8731_Write
                0x00405a44       0x6c ../../../../libraries/libboard_sam3s-ek/lib/libboard_sam3s_ek_gcc_dbg.a(wm8731.o)
                0x00405a44                WM8731_Write
 .text._sbrk    0x00405ab0       0x40 ../../../../libraries/libboard_sam3s-ek/lib/libboard_sam3s_ek_gcc_dbg.a(syscalls.o)
                0x00405ab0                _sbrk
 .text._close   0x00405af0       0x18 ../../../../libraries/libboard_sam3s-ek/lib/libboard_sam3s_ek_gcc_dbg.a(syscalls.o)
                0x00405af0                _close
 .text._fstat   0x00405b08       0x24 ../../../../libraries/libboard_sam3s-ek/lib/libboard_sam3s_ek_gcc_dbg.a(syscalls.o)
                0x00405b08                _fstat
 .text._isatty  0x00405b2c       0x18 ../../../../libraries/libboard_sam3s-ek/lib/libboard_sam3s_ek_gcc_dbg.a(syscalls.o)
                0x00405b2c                _isatty
 .text._lseek   0x00405b44       0x1c ../../../../libraries/libboard_sam3s-ek/lib/libboard_sam3s_ek_gcc_dbg.a(syscalls.o)
                0x00405b44                _lseek
 .text._read    0x00405b60       0x1c ../../../../libraries/libboard_sam3s-ek/lib/libboard_sam3s_ek_gcc_dbg.a(syscalls.o)
                0x00405b60                _read
 .text._write   0x00405b7c       0x3c ../../../../libraries/libboard_sam3s-ek/lib/libboard_sam3s_ek_gcc_dbg.a(syscalls.o)
                0x00405b7c                _write
 .text._exit    0x00405bb8       0x1c ../../../../libraries/libboard_sam3s-ek/lib/libboard_sam3s_ek_gcc_dbg.a(syscalls.o)
                0x00405bb8                _exit
 .text._kill    0x00405bd4       0x18 ../../../../libraries/libboard_sam3s-ek/lib/libboard_sam3s_ek_gcc_dbg.a(syscalls.o)
                0x00405bd4                _kill
 .text._getpid  0x00405bec       0x10 ../../../../libraries/libboard_sam3s-ek/lib/libboard_sam3s_ek_gcc_dbg.a(syscalls.o)
                0x00405bec                _getpid
 .text.ResetException
                0x00405bfc       0xc0 ../../../../libraries/libboard_sam3s-ek/lib/libboard_sam3s_ek_gcc_dbg.a(board_cstartup_gnu.o)
                0x00405bfc                ResetException
 .text.LowLevelInit
                0x00405cbc      0x184 ../../../../libraries/libboard_sam3s-ek/lib/libboard_sam3s_ek_gcc_dbg.a(board_lowlevel.o)
                0x00405cbc                LowLevelInit
 .text.LED_Configure
                0x00405e40       0x4c ../../../../libraries/libboard_sam3s-ek/lib/libboard_sam3s_ek_gcc_dbg.a(led.o)
                0x00405e40                LED_Configure
 .text.LED_Set  0x00405e8c       0x84 ../../../../libraries/libboard_sam3s-ek/lib/libboard_sam3s_ek_gcc_dbg.a(led.o)
                0x00405e8c                LED_Set
 .text.LED_Toggle
                0x00405f10       0x8c ../../../../libraries/libboard_sam3s-ek/lib/libboard_sam3s_ek_gcc_dbg.a(led.o)
                0x00405f10                LED_Toggle
 .text.USBGenericRequest_GetType
                0x00405f9c       0x24 ../../../../libraries/usb/lib/libusb_sam3s_gcc_dbg.a(USBRequests.o)
                0x00405f9c                USBGenericRequest_GetType
 .text.USBGenericRequest_GetRequest
                0x00405fc0       0x18 ../../../../libraries/usb/lib/libusb_sam3s_gcc_dbg.a(USBRequests.o)
                0x00405fc0                USBGenericRequest_GetRequest
 .text.USBGenericRequest_GetValue
                0x00405fd8       0x18 ../../../../libraries/usb/lib/libusb_sam3s_gcc_dbg.a(USBRequests.o)
                0x00405fd8                USBGenericRequest_GetValue
 .text.USBGenericRequest_GetIndex
                0x00405ff0       0x18 ../../../../libraries/usb/lib/libusb_sam3s_gcc_dbg.a(USBRequests.o)
                0x00405ff0                USBGenericRequest_GetIndex
 .text.USBGenericRequest_GetLength
                0x00406008       0x18 ../../../../libraries/usb/lib/libusb_sam3s_gcc_dbg.a(USBRequests.o)
                0x00406008                USBGenericRequest_GetLength
 .text.USBGenericRequest_GetEndpointNumber
                0x00406020       0x28 ../../../../libraries/usb/lib/libusb_sam3s_gcc_dbg.a(USBRequests.o)
                0x00406020                USBGenericRequest_GetEndpointNumber
 .text.USBGenericRequest_GetRecipient
                0x00406048       0x20 ../../../../libraries/usb/lib/libusb_sam3s_gcc_dbg.a(USBRequests.o)
                0x00406048                USBGenericRequest_GetRecipient
 .text.USBGenericRequest_GetDirection
                0x00406068       0x2c ../../../../libraries/usb/lib/libusb_sam3s_gcc_dbg.a(USBRequests.o)
                0x00406068                USBGenericRequest_GetDirection
 .text.USBGetDescriptorRequest_GetDescriptorType
                0x00406094       0x28 ../../../../libraries/usb/lib/libusb_sam3s_gcc_dbg.a(USBRequests.o)
                0x00406094                USBGetDescriptorRequest_GetDescriptorType
 .text.USBGetDescriptorRequest_GetDescriptorIndex
                0x004060bc       0x20 ../../../../libraries/usb/lib/libusb_sam3s_gcc_dbg.a(USBRequests.o)
                0x004060bc                USBGetDescriptorRequest_GetDescriptorIndex
 .text.USBSetAddressRequest_GetAddress
                0x004060dc       0x28 ../../../../libraries/usb/lib/libusb_sam3s_gcc_dbg.a(USBRequests.o)
                0x004060dc                USBSetAddressRequest_GetAddress
 .text.USBSetConfigurationRequest_GetConfiguration
                0x00406104       0x20 ../../../../libraries/usb/lib/libusb_sam3s_gcc_dbg.a(USBRequests.o)
                0x00406104                USBSetConfigurationRequest_GetConfiguration
 .text.USBInterfaceRequest_GetInterface
                0x00406124       0x20 ../../../../libraries/usb/lib/libusb_sam3s_gcc_dbg.a(USBRequests.o)
                0x00406124                USBInterfaceRequest_GetInterface
 .text.USBInterfaceRequest_GetAlternateSetting
                0x00406144       0x20 ../../../../libraries/usb/lib/libusb_sam3s_gcc_dbg.a(USBRequests.o)
                0x00406144                USBInterfaceRequest_GetAlternateSetting
 .text.USBFeatureRequest_GetFeatureSelector
                0x00406164       0x20 ../../../../libraries/usb/lib/libusb_sam3s_gcc_dbg.a(USBRequests.o)
                0x00406164                USBFeatureRequest_GetFeatureSelector
 .text.USBD_SuspendHandler
                0x00406184       0x38 ../../../../libraries/usb/lib/libusb_sam3s_gcc_dbg.a(USBD.o)
                0x00406184                USBD_SuspendHandler
 .text.USBD_ResumeHandler
                0x004061bc       0x38 ../../../../libraries/usb/lib/libusb_sam3s_gcc_dbg.a(USBD.o)
                0x004061bc                USBD_ResumeHandler
 .text.USBD_ResetHandler
                0x004061f4       0x44 ../../../../libraries/usb/lib/libusb_sam3s_gcc_dbg.a(USBD.o)
                0x004061f4                USBD_ResetHandler
 .text.USBD_RequestHandler
                0x00406238       0x38 ../../../../libraries/usb/lib/libusb_sam3s_gcc_dbg.a(USBD.o)
                0x00406238                USBD_RequestHandler
 .text.USBD_ConfigureEndpoint
                0x00406270       0x1c ../../../../libraries/usb/lib/libusb_sam3s_gcc_dbg.a(USBD.o)
                0x00406270                USBD_ConfigureEndpoint
 .text.USBD_Write
                0x0040628c       0x3c ../../../../libraries/usb/lib/libusb_sam3s_gcc_dbg.a(USBD.o)
                0x0040628c                USBD_Write
 .text.USBD_Read
                0x004062c8       0x3c ../../../../libraries/usb/lib/libusb_sam3s_gcc_dbg.a(USBD.o)
                0x004062c8                USBD_Read
 .text.USBD_Halt
                0x00406304       0x24 ../../../../libraries/usb/lib/libusb_sam3s_gcc_dbg.a(USBD.o)
                0x00406304                USBD_Halt
 .text.USBD_Unhalt
                0x00406328       0x24 ../../../../libraries/usb/lib/libusb_sam3s_gcc_dbg.a(USBD.o)
                0x00406328                USBD_Unhalt
 .text.USBD_IsHighSpeed
                0x0040634c       0x14 ../../../../libraries/usb/lib/libusb_sam3s_gcc_dbg.a(USBD.o)
                0x0040634c                USBD_IsHighSpeed
 .text.USBD_Stall
                0x00406360       0x24 ../../../../libraries/usb/lib/libusb_sam3s_gcc_dbg.a(USBD.o)
                0x00406360                USBD_Stall
 .text.USBD_SetAddress
                0x00406384       0x3c ../../../../libraries/usb/lib/libusb_sam3s_gcc_dbg.a(USBD.o)
                0x00406384                USBD_SetAddress
 .text.USBD_SetConfiguration
                0x004063c0       0x50 ../../../../libraries/usb/lib/libusb_sam3s_gcc_dbg.a(USBD.o)
                0x004063c0                USBD_SetConfiguration
 .text.USBD_Connect
                0x00406410       0x10 ../../../../libraries/usb/lib/libusb_sam3s_gcc_dbg.a(USBD.o)
                0x00406410                USBD_Connect
 .text.USBD_Disconnect
                0x00406420       0x38 ../../../../libraries/usb/lib/libusb_sam3s_gcc_dbg.a(USBD.o)
                0x00406420                USBD_Disconnect
 .text.USBD_Init
                0x00406458       0x30 ../../../../libraries/usb/lib/libusb_sam3s_gcc_dbg.a(USBD.o)
                0x00406458                USBD_Init
 .text.USBD_GetState
                0x00406488       0x14 ../../../../libraries/usb/lib/libusb_sam3s_gcc_dbg.a(USBD.o)
                0x00406488                USBD_GetState
 .text.USBDCallbacks_Reset
                0x0040649c        0xc ../../../../libraries/usb/lib/libusb_sam3s_gcc_dbg.a(USBDCallbacks.o)
                0x0040649c                USBDCallbacks_Reset
 .text.USBDCallbacks_Suspended
                0x004064a8        0xc ../../../../libraries/usb/lib/libusb_sam3s_gcc_dbg.a(USBDCallbacks.o)
                0x004064a8                USBDCallbacks_Suspended
 .text.USBDCallbacks_Resumed
                0x004064b4        0xc ../../../../libraries/usb/lib/libusb_sam3s_gcc_dbg.a(USBDCallbacks.o)
                0x004064b4                USBDCallbacks_Resumed
 .text.TerminateCtrlInWithNull
                0x004064c0       0x38 ../../../../libraries/usb/lib/libusb_sam3s_gcc_dbg.a(USBDDriver.o)
 .text.SetConfiguration
                0x004064f8       0xe4 ../../../../libraries/usb/lib/libusb_sam3s_gcc_dbg.a(USBDDriver.o)
 .text.GetConfiguration
                0x004065dc       0x34 ../../../../libraries/usb/lib/libusb_sam3s_gcc_dbg.a(USBDDriver.o)
 .text.GetDeviceStatus
                0x00406610       0x94 ../../../../libraries/usb/lib/libusb_sam3s_gcc_dbg.a(USBDDriver.o)
 .text.GetEndpointStatus
                0x004066a4       0x74 ../../../../libraries/usb/lib/libusb_sam3s_gcc_dbg.a(USBDDriver.o)
 .text.GetDescriptor
                0x00406718      0x27c ../../../../libraries/usb/lib/libusb_sam3s_gcc_dbg.a(USBDDriver.o)
 .text.SetInterface
                0x00406994       0x78 ../../../../libraries/usb/lib/libusb_sam3s_gcc_dbg.a(USBDDriver.o)
 .text.GetInterface
                0x00406a0c       0x50 ../../../../libraries/usb/lib/libusb_sam3s_gcc_dbg.a(USBDDriver.o)
 .text.USBDDriver_Initialize
                0x00406a5c       0x34 ../../../../libraries/usb/lib/libusb_sam3s_gcc_dbg.a(USBDDriver.o)
                0x00406a5c                USBDDriver_Initialize
 .text.USBDDriver_RequestHandler
                0x00406a90      0x378 ../../../../libraries/usb/lib/libusb_sam3s_gcc_dbg.a(USBDDriver.o)
                0x00406a90                USBDDriver_RequestHandler
 .text.USBDDriverCallbacks_ConfigurationChanged
                0x00406e08       0x14 ../../../../libraries/usb/lib/libusb_sam3s_gcc_dbg.a(USBDDriverCallbacks.o)
                0x00406e08                USBDDriverCallbacks_ConfigurationChanged
 .text.USBDDriverCallbacks_InterfaceSettingChanged
                0x00406e1c       0x18 ../../../../libraries/usb/lib/libusb_sam3s_gcc_dbg.a(USBDDriverCallbacks.o)
                0x00406e1c                USBDDriverCallbacks_InterfaceSettingChanged
 .text.USBGenericDescriptor_GetLength
                0x00406e34       0x18 ../../../../libraries/usb/lib/libusb_sam3s_gcc_dbg.a(USBDescriptors.o)
                0x00406e34                USBGenericDescriptor_GetLength
 .text.USBGenericDescriptor_GetType
                0x00406e4c       0x18 ../../../../libraries/usb/lib/libusb_sam3s_gcc_dbg.a(USBDescriptors.o)
                0x00406e4c                USBGenericDescriptor_GetType
 .text.USBGenericDescriptor_GetNextDescriptor
                0x00406e64       0x24 ../../../../libraries/usb/lib/libusb_sam3s_gcc_dbg.a(USBDescriptors.o)
                0x00406e64                USBGenericDescriptor_GetNextDescriptor
 .text.USBEndpointDescriptor_GetNumber
                0x00406e88       0x20 ../../../../libraries/usb/lib/libusb_sam3s_gcc_dbg.a(USBDescriptors.o)
                0x00406e88                USBEndpointDescriptor_GetNumber
 .text.USBEndpointDescriptor_GetDirection
                0x00406ea8       0x2c ../../../../libraries/usb/lib/libusb_sam3s_gcc_dbg.a(USBDescriptors.o)
                0x00406ea8                USBEndpointDescriptor_GetDirection
 .text.USBEndpointDescriptor_GetType
                0x00406ed4       0x20 ../../../../libraries/usb/lib/libusb_sam3s_gcc_dbg.a(USBDescriptors.o)
                0x00406ed4                USBEndpointDescriptor_GetType
 .text.USBEndpointDescriptor_GetMaxPacketSize
                0x00406ef4       0x1c ../../../../libraries/usb/lib/libusb_sam3s_gcc_dbg.a(USBDescriptors.o)
                0x00406ef4                USBEndpointDescriptor_GetMaxPacketSize
 .text.USBConfigurationDescriptor_GetTotalLength
                0x00406f10       0x1c ../../../../libraries/usb/lib/libusb_sam3s_gcc_dbg.a(USBDescriptors.o)
                0x00406f10                USBConfigurationDescriptor_GetTotalLength
 .text.USBConfigurationDescriptor_IsSelfPowered
                0x00406f2c       0x2c ../../../../libraries/usb/lib/libusb_sam3s_gcc_dbg.a(USBDescriptors.o)
                0x00406f2c                USBConfigurationDescriptor_IsSelfPowered
 .text.USBConfigurationDescriptor_Parse
                0x00406f58       0xdc ../../../../libraries/usb/lib/libusb_sam3s_gcc_dbg.a(USBDescriptors.o)
                0x00406f58                USBConfigurationDescriptor_Parse
 .text          0x00407034       0x2c /work/tools/arm-2012.09/bin/../lib/gcc/arm-none-eabi/4.7.2/thumb2/libgcc.a(_aeabi_uldivmod.o)
                0x00407034                __aeabi_uldivmod
 .text          0x00407060       0x60 /work/tools/arm-2012.09/bin/../lib/gcc/arm-none-eabi/4.7.2/thumb2/libgcc.a(bpabi.o)
                0x00407060                __gnu_ldivmod_helper
                0x00407090                __gnu_uldivmod_helper
 .text          0x004070c0        0x4 /work/tools/arm-2012.09/bin/../lib/gcc/arm-none-eabi/4.7.2/thumb2/libgcc.a(_dvmd_tls.o)
                0x004070c0                __aeabi_ldiv0
                0x004070c0                __aeabi_idiv0
 .text          0x004070c4      0x36c /work/tools/arm-2012.09/bin/../lib/gcc/arm-none-eabi/4.7.2/thumb2/libgcc.a(_divdi3.o)
                0x004070c4                __divdi3
 .text          0x00407430      0x314 /work/tools/arm-2012.09/bin/../lib/gcc/arm-none-eabi/4.7.2/thumb2/libgcc.a(_udivdi3.o)
                0x00407430                __udivdi3
 *fill*         0x00407744        0x4 
 .text          0x00407748      0x278 /work/tools/arm-2012.09/bin/../lib/gcc/arm-none-eabi/4.7.2/thumb2/libgcc.a(_udivsi3.o)
                0x00407748                __udivsi3
                0x00407748                __aeabi_uidiv
                0x004079a4                __aeabi_uidivmod
 .text          0x004079c0       0x54 /work/tools/arm-2012.09/bin/../arm-none-eabi/lib/thumb2/libc.a(lib_a-assert.o)
                0x004079c0                __assert_func
                0x00407a08                __assert
 .text          0x00407a14       0x4c /work/tools/arm-2012.09/bin/../arm-none-eabi/lib/thumb2/libc.a(lib_a-fiprintf.o)
                0x00407a14                _fiprintf_r
                0x00407a34                fiprintf
 .text          0x00407a60       0x58 /work/tools/arm-2012.09/bin/../arm-none-eabi/lib/thumb2/libc.a(lib_a-init.o)
                0x00407a60                __libc_init_array
 .text          0x00407ab8       0x10 /work/tools/arm-2012.09/bin/../arm-none-eabi/lib/thumb2/libc.a(lib_a-abort.o)
                0x00407ab8                abort
 .text          0x00407ac8      0x150 /work/tools/arm-2012.09/bin/../arm-none-eabi/lib/thumb2/libc.a(lib_a-signal.o)
                0x00407ac8                _init_signal_r
                0x00407af8                _signal_r
                0x00407b34                _raise_r
                0x00407b88                __sigtramp_r
                0x00407bd4                raise
                0x00407be4                signal
                0x00407bf8                _init_signal
                0x00407c08                __sigtramp
 .text          0x00407c18       0x2c /work/tools/arm-2012.09/bin/../arm-none-eabi/lib/thumb2/libc.a(lib_a-signalr.o)
                0x00407c18                _kill_r
                0x00407c40                _getpid_r
 .text.UDP_EnablePeripheralClock
                0x00407c44       0x30 ../../../../libraries/libchip_sam3s/lib/libchip_sam3s4_gcc_dbg.a(USBD_HAL.o)
 .text.UDP_DisablePeripheralClock
                0x00407c74       0x14 ../../../../libraries/libchip_sam3s/lib/libchip_sam3s4_gcc_dbg.a(USBD_HAL.o)
 .text.UDP_EnableUsbClock
                0x00407c88       0x18 ../../../../libraries/libchip_sam3s/lib/libchip_sam3s4_gcc_dbg.a(USBD_HAL.o)
 .text.UDP_DisableUsbClock
                0x00407ca0       0x18 ../../../../libraries/libchip_sam3s/lib/libchip_sam3s4_gcc_dbg.a(USBD_HAL.o)
 .text.UDP_EnableTransceiver
                0x00407cb8       0x1c ../../../../libraries/libchip_sam3s/lib/libchip_sam3s4_gcc_dbg.a(USBD_HAL.o)
 .text.UDP_DisableTransceiver
                0x00407cd4       0x1c ../../../../libraries/libchip_sam3s/lib/libchip_sam3s4_gcc_dbg.a(USBD_HAL.o)
 .text.UDP_EndOfTransfer
                0x00407cf0      0x118 ../../../../libraries/libchip_sam3s/lib/libchip_sam3s4_gcc_dbg.a(USBD_HAL.o)
 .text.UDP_ClearRxFlag
                0x00407e08      0x104 ../../../../libraries/libchip_sam3s/lib/libchip_sam3s4_gcc_dbg.a(USBD_HAL.o)
 .text.UDP_MblUpdate
                0x00407f0c       0xc8 ../../../../libraries/libchip_sam3s/lib/libchip_sam3s4_gcc_dbg.a(USBD_HAL.o)
 .text.UDP_MblWriteFifo
                0x00407fd4      0x1e0 ../../../../libraries/libchip_sam3s/lib/libchip_sam3s4_gcc_dbg.a(USBD_HAL.o)
 .text.UDP_WritePayload
                0x004081b4       0xa0 ../../../../libraries/libchip_sam3s/lib/libchip_sam3s4_gcc_dbg.a(USBD_HAL.o)
 .text.UDP_ReadPayload
                0x00408254       0xb0 ../../../../libraries/libchip_sam3s/lib/libchip_sam3s4_gcc_dbg.a(USBD_HAL.o)
 .text.UDP_ReadRequest
                0x00408304       0x44 ../../../../libraries/libchip_sam3s/lib/libchip_sam3s4_gcc_dbg.a(USBD_HAL.o)
 .text.UDP_IsTransferFinished
                0x00408348       0x8c ../../../../libraries/libchip_sam3s/lib/libchip_sam3s4_gcc_dbg.a(USBD_HAL.o)
 .text.UDP_EndpointHandler
                0x004083d4      0x834 ../../../../libraries/libchip_sam3s/lib/libchip_sam3s4_gcc_dbg.a(USBD_HAL.o)
 .text.UDP_Write
                0x00408c08      0x128 ../../../../libraries/libchip_sam3s/lib/libchip_sam3s4_gcc_dbg.a(USBD_HAL.o)
 .text.UDP_AddWr
                0x00408d30      0x200 ../../../../libraries/libchip_sam3s/lib/libchip_sam3s4_gcc_dbg.a(USBD_HAL.o)
 .text.UDP_Read
                0x00408f30       0x84 ../../../../libraries/libchip_sam3s/lib/libchip_sam3s4_gcc_dbg.a(USBD_HAL.o)
 .text.USBD_IrqHandler
                0x00408fb4      0x118 ../../../../libraries/libchip_sam3s/lib/libchip_sam3s4_gcc_dbg.a(USBD_HAL.o)
                0x00408fb4                USBD_IrqHandler
 .text.USBD_HAL_ResetEPs
                0x004090cc      0x160 ../../../../libraries/libchip_sam3s/lib/libchip_sam3s4_gcc_dbg.a(USBD_HAL.o)
                0x004090cc                USBD_HAL_ResetEPs
 .text.USBD_HAL_ConfigureEP
                0x0040922c      0x1c0 ../../../../libraries/libchip_sam3s/lib/libchip_sam3s4_gcc_dbg.a(USBD_HAL.o)
                0x0040922c                USBD_HAL_ConfigureEP
 .text.USBD_HAL_SetTransferCallback
                0x004093ec       0x5c ../../../../libraries/libchip_sam3s/lib/libchip_sam3s4_gcc_dbg.a(USBD_HAL.o)
                0x004093ec                USBD_HAL_SetTransferCallback
 .text.USBD_HAL_Write
                0x00409448       0x60 ../../../../libraries/libchip_sam3s/lib/libchip_sam3s4_gcc_dbg.a(USBD_HAL.o)
                0x00409448                USBD_HAL_Write
 .text.USBD_HAL_Read
                0x004094a8       0x50 ../../../../libraries/libchip_sam3s/lib/libchip_sam3s4_gcc_dbg.a(USBD_HAL.o)
                0x004094a8                USBD_HAL_Read
 .text.USBD_HAL_Connect
                0x004094f8       0x38 ../../../../libraries/libchip_sam3s/lib/libchip_sam3s4_gcc_dbg.a(USBD_HAL.o)
                0x004094f8                USBD_HAL_Connect
 .text.USBD_HAL_Disconnect
                0x00409530       0x38 ../../../../libraries/libchip_sam3s/lib/libchip_sam3s4_gcc_dbg.a(USBD_HAL.o)
                0x00409530                USBD_HAL_Disconnect
 .text.USBD_HAL_SetAddress
                0x00409568       0x40 ../../../../libraries/libchip_sam3s/lib/libchip_sam3s4_gcc_dbg.a(USBD_HAL.o)
                0x00409568                USBD_HAL_SetAddress
 .text.USBD_HAL_SetConfiguration
                0x004095a8       0x34 ../../../../libraries/libchip_sam3s/lib/libchip_sam3s4_gcc_dbg.a(USBD_HAL.o)
                0x004095a8                USBD_HAL_SetConfiguration
 .text.USBD_HAL_Init
                0x004095dc       0x4c ../../../../libraries/libchip_sam3s/lib/libchip_sam3s4_gcc_dbg.a(USBD_HAL.o)
                0x004095dc                USBD_HAL_Init
 .text.USBD_HAL_Stall
                0x00409628       0x9c ../../../../libraries/libchip_sam3s/lib/libchip_sam3s4_gcc_dbg.a(USBD_HAL.o)
                0x00409628                USBD_HAL_Stall
 .text.USBD_HAL_Halt
                0x004096c4      0x15c ../../../../libraries/libchip_sam3s/lib/libchip_sam3s4_gcc_dbg.a(USBD_HAL.o)
                0x004096c4                USBD_HAL_Halt
 .text.USBD_HAL_IsHighSpeed
                0x00409820       0x10 ../../../../libraries/libchip_sam3s/lib/libchip_sam3s4_gcc_dbg.a(USBD_HAL.o)
                0x00409820                USBD_HAL_IsHighSpeed
 .text.USBD_HAL_Suspend
                0x00409830       0x20 ../../../../libraries/libchip_sam3s/lib/libchip_sam3s4_gcc_dbg.a(USBD_HAL.o)
                0x00409830                USBD_HAL_Suspend
 .text.USBD_HAL_Activate
                0x00409850       0x20 ../../../../libraries/libchip_sam3s/lib/libchip_sam3s4_gcc_dbg.a(USBD_HAL.o)
                0x00409850                USBD_HAL_Activate
 .text.IrqHandlerNotUsed
                0x00409870        0x8 ../../../../libraries/libchip_sam3s/lib/libchip_sam3s4_gcc_dbg.a(exceptions.o)
                0x00409870                IrqHandlerNotUsed
 .text.NMI_Handler
                0x00409878        0x8 ../../../../libraries/libchip_sam3s/lib/libchip_sam3s4_gcc_dbg.a(exceptions.o)
                0x00409878                NMI_Handler
 .text.HardFault_Handler
                0x00409880        0x8 ../../../../libraries/libchip_sam3s/lib/libchip_sam3s4_gcc_dbg.a(exceptions.o)
                0x00409880                HardFault_Handler
 .text.MemManage_Handler
                0x00409888        0x8 ../../../../libraries/libchip_sam3s/lib/libchip_sam3s4_gcc_dbg.a(exceptions.o)
                0x00409888                MemManage_Handler
 .text.BusFault_Handler
                0x00409890        0x8 ../../../../libraries/libchip_sam3s/lib/libchip_sam3s4_gcc_dbg.a(exceptions.o)
                0x00409890                BusFault_Handler
 .text.UsageFault_Handler
                0x00409898        0x8 ../../../../libraries/libchip_sam3s/lib/libchip_sam3s4_gcc_dbg.a(exceptions.o)
                0x00409898                UsageFault_Handler
 .text.SVC_Handler
                0x004098a0        0x8 ../../../../libraries/libchip_sam3s/lib/libchip_sam3s4_gcc_dbg.a(exceptions.o)
                0x004098a0                SVC_Handler
 .text.DebugMon_Handler
                0x004098a8        0x8 ../../../../libraries/libchip_sam3s/lib/libchip_sam3s4_gcc_dbg.a(exceptions.o)
                0x004098a8                DebugMon_Handler
 .text.PendSV_Handler
                0x004098b0        0x8 ../../../../libraries/libchip_sam3s/lib/libchip_sam3s4_gcc_dbg.a(exceptions.o)
                0x004098b0                PendSV_Handler
 .text.SUPC_IrqHandler
                0x004098b8        0x8 ../../../../libraries/libchip_sam3s/lib/libchip_sam3s4_gcc_dbg.a(exceptions.o)
                0x004098b8                SUPC_IrqHandler
 .text.RSTC_IrqHandler
                0x004098c0        0x8 ../../../../libraries/libchip_sam3s/lib/libchip_sam3s4_gcc_dbg.a(exceptions.o)
                0x004098c0                RSTC_IrqHandler
 .text.RTC_IrqHandler
                0x004098c8        0x8 ../../../../libraries/libchip_sam3s/lib/libchip_sam3s4_gcc_dbg.a(exceptions.o)
                0x004098c8                RTC_IrqHandler
 .text.RTT_IrqHandler
                0x004098d0        0x8 ../../../../libraries/libchip_sam3s/lib/libchip_sam3s4_gcc_dbg.a(exceptions.o)
                0x004098d0                RTT_IrqHandler
 .text.WDT_IrqHandler
                0x004098d8        0x8 ../../../../libraries/libchip_sam3s/lib/libchip_sam3s4_gcc_dbg.a(exceptions.o)
                0x004098d8                WDT_IrqHandler
 .text.PMC_IrqHandler
                0x004098e0        0x8 ../../../../libraries/libchip_sam3s/lib/libchip_sam3s4_gcc_dbg.a(exceptions.o)
                0x004098e0                PMC_IrqHandler
 .text.EEFC_IrqHandler
                0x004098e8        0x8 ../../../../libraries/libchip_sam3s/lib/libchip_sam3s4_gcc_dbg.a(exceptions.o)
                0x004098e8                EEFC_IrqHandler
 .text.UART0_IrqHandler
                0x004098f0        0x8 ../../../../libraries/libchip_sam3s/lib/libchip_sam3s4_gcc_dbg.a(exceptions.o)
                0x004098f0                UART0_IrqHandler
 .text.UART1_IrqHandler
                0x004098f8        0x8 ../../../../libraries/libchip_sam3s/lib/libchip_sam3s4_gcc_dbg.a(exceptions.o)
                0x004098f8                UART1_IrqHandler
 .text.SMC_IrqHandler
                0x00409900        0x8 ../../../../libraries/libchip_sam3s/lib/libchip_sam3s4_gcc_dbg.a(exceptions.o)
                0x00409900                SMC_IrqHandler
 .text.USART0_IrqHandler
                0x00409908        0x8 ../../../../libraries/libchip_sam3s/lib/libchip_sam3s4_gcc_dbg.a(exceptions.o)
                0x00409908                USART0_IrqHandler
 .text.USART1_IrqHandler
                0x00409910        0x8 ../../../../libraries/libchip_sam3s/lib/libchip_sam3s4_gcc_dbg.a(exceptions.o)
                0x00409910                USART1_IrqHandler
 .text.MCI_IrqHandler
                0x00409918        0x8 ../../../../libraries/libchip_sam3s/lib/libchip_sam3s4_gcc_dbg.a(exceptions.o)
                0x00409918                MCI_IrqHandler
 .text.TWI0_IrqHandler
                0x00409920        0x8 ../../../../libraries/libchip_sam3s/lib/libchip_sam3s4_gcc_dbg.a(exceptions.o)
                0x00409920                TWI0_IrqHandler
 .text.TWI1_IrqHandler
                0x00409928        0x8 ../../../../libraries/libchip_sam3s/lib/libchip_sam3s4_gcc_dbg.a(exceptions.o)
                0x00409928                TWI1_IrqHandler
 .text.SPI_IrqHandler
                0x00409930        0x8 ../../../../libraries/libchip_sam3s/lib/libchip_sam3s4_gcc_dbg.a(exceptions.o)
                0x00409930                SPI_IrqHandler
 .text.TC1_IrqHandler
                0x00409938        0x8 ../../../../libraries/libchip_sam3s/lib/libchip_sam3s4_gcc_dbg.a(exceptions.o)
                0x00409938                TC1_IrqHandler
 .text.TC2_IrqHandler
                0x00409940        0x8 ../../../../libraries/libchip_sam3s/lib/libchip_sam3s4_gcc_dbg.a(exceptions.o)
                0x00409940                TC2_IrqHandler
 .text.TC3_IrqHandler
                0x00409948        0x8 ../../../../libraries/libchip_sam3s/lib/libchip_sam3s4_gcc_dbg.a(exceptions.o)
                0x00409948                TC3_IrqHandler
 .text.TC4_IrqHandler
                0x00409950        0x8 ../../../../libraries/libchip_sam3s/lib/libchip_sam3s4_gcc_dbg.a(exceptions.o)
                0x00409950                TC4_IrqHandler
 .text.TC5_IrqHandler
                0x00409958        0x8 ../../../../libraries/libchip_sam3s/lib/libchip_sam3s4_gcc_dbg.a(exceptions.o)
                0x00409958                TC5_IrqHandler
 .text.ADC_IrqHandler
                0x00409960        0x8 ../../../../libraries/libchip_sam3s/lib/libchip_sam3s4_gcc_dbg.a(exceptions.o)
                0x00409960                ADC_IrqHandler
 .text.DAC_IrqHandler
                0x00409968        0x8 ../../../../libraries/libchip_sam3s/lib/libchip_sam3s4_gcc_dbg.a(exceptions.o)
                0x00409968                DAC_IrqHandler
 .text.PWM_IrqHandler
                0x00409970        0x8 ../../../../libraries/libchip_sam3s/lib/libchip_sam3s4_gcc_dbg.a(exceptions.o)
                0x00409970                PWM_IrqHandler
 .text.CRCCU_IrqHandler
                0x00409978        0x8 ../../../../libraries/libchip_sam3s/lib/libchip_sam3s4_gcc_dbg.a(exceptions.o)
                0x00409978                CRCCU_IrqHandler
 .text.ACC_IrqHandler
                0x00409980        0x8 ../../../../libraries/libchip_sam3s/lib/libchip_sam3s4_gcc_dbg.a(exceptions.o)
                0x00409980                ACC_IrqHandler
 *(.glue_7t)
 .glue_7t       0x00000000        0x0 linker stubs
 *(.glue_7)
 .glue_7        0x00000000        0x0 linker stubs
 *(.rodata .rodata* .gnu.linkonce.r.*)
 .rodata        0x00409988       0xe8 obj/flash_main.o
                0x004099dc                usbdDriverDescriptors
                0x00409a04                configurationDescriptors
                0x00409a24                serialNumberDescriptor
                0x00409a2e                productDescriptor
                0x00409a4e                manufacturerDescriptor
                0x00409a5a                languageIdDescriptor
                0x00409a5e                usbDeviceDescriptor
 .rodata.str1.1
                0x00409a70      0x103 obj/flash_main.o
 .rodata        0x00409b73        0xc obj/flash_dds.o
 *fill*         0x00409b7f        0x1 
 .rodata        0x00409b80       0x20 /work/tools/arm-2012.09/bin/../arm-none-eabi/lib/thumb2/libc.a(lib_a-vfiprintf.o)
 .rodata.str1.4
                0x00409ba0       0x2f /work/tools/arm-2012.09/bin/../arm-none-eabi/lib/thumb2/libc.a(lib_a-vfiprintf.o)
                                 0x30 (size before relaxing)
 *fill*         0x00409bcf        0x1 
 .rodata        0x00409bd0       0x60 /work/tools/arm-2012.09/bin/../arm-none-eabi/lib/thumb2/libc.a(lib_a-findfp.o)
                0x00409bd0                __sf_fake_stderr
                0x00409bf0                __sf_fake_stdout
                0x00409c10                __sf_fake_stdin
 .rodata        0x00409c30        0x4 /work/tools/arm-2012.09/bin/../arm-none-eabi/lib/thumb2/libc.a(lib_a-impure.o)
                0x00409c30                _global_impure_ptr
 .rodata.str1.4
                0x00409c34        0x2 /work/tools/arm-2012.09/bin/../arm-none-eabi/lib/thumb2/libc.a(lib_a-impure.o)
                                  0x4 (size before relaxing)
 *fill*         0x00409c36        0x2 
 .rodata.str1.4
                0x00409c38        0xa /work/tools/arm-2012.09/bin/../arm-none-eabi/lib/thumb2/libc.a(lib_a-locale.o)
                                 0x14 (size before relaxing)
 *fill*         0x00409c42        0x2 
 .rodata        0x00409c44       0xc0 ../../../../libraries/libchip_sam3s/lib/libchip_sam3s4_gcc_dbg.a(pio_it.o)
 .rodata        0x00409d04      0x198 ../../../../libraries/libchip_sam3s/lib/libchip_sam3s4_gcc_dbg.a(twi.o)
 .rodata        0x00409e9c       0x64 ../../../../libraries/libchip_sam3s/lib/libchip_sam3s4_gcc_dbg.a(pmc.o)
 .rodata        0x00409f00      0x184 ../../../../libraries/libchip_sam3s/lib/libchip_sam3s4_gcc_dbg.a(twid.o)
 .rodata        0x0040a084       0x80 ../../../../libraries/libchip_sam3s/lib/libchip_sam3s4_gcc_dbg.a(tc.o)
 .rodata        0x0040a104       0x1c ../../../../libraries/libboard_sam3s-ek/lib/libboard_sam3s_ek_gcc_dbg.a(syscalls.o)
 .rodata        0x0040a120       0x28 ../../../../libraries/libboard_sam3s-ek/lib/libboard_sam3s_ek_gcc_dbg.a(led.o)
 .rodata        0x0040a148       0x30 ../../../../libraries/usb/lib/libusb_sam3s_gcc_dbg.a(USBD.o)
 .rodata        0x0040a178       0xf4 ../../../../libraries/usb/lib/libusb_sam3s_gcc_dbg.a(USBDDriver.o)
 .rodata.str1.4
                0x0040a26c       0x40 /work/tools/arm-2012.09/bin/../arm-none-eabi/lib/thumb2/libc.a(lib_a-assert.o)
                                 0x44 (size before relaxing)
 .rodata        0x0040a2ac       0x64 ../../../../libraries/libchip_sam3s/lib/libchip_sam3s4_gcc_dbg.a(USBD_HAL.o)
 *(.ARM.extab* .gnu.linkonce.armextab.*)
                0x0040a310                . = ALIGN (0x4)
 *(.init)
 .init          0x0040a310        0x4 /work/tools/arm-2012.09/bin/../lib/gcc/arm-none-eabi/4.7.2/thumb2/crti.o
                0x0040a310                _init
 .init          0x0040a314        0x8 /work/tools/arm-2012.09/bin/../lib/gcc/arm-none-eabi/4.7.2/thumb2/crtn.o
                0x0040a31c                . = ALIGN (0x4)
                0x0040a31c                __preinit_array_start = .
 *(.preinit_array)
                0x0040a31c                __preinit_array_end = .
                0x0040a31c                . = ALIGN (0x4)
                0x0040a31c                __init_array_start = .
 *(SORT(.init_array.*))
 *(.init_array)
 .init_array    0x0040a31c        0x4 /work/tools/arm-2012.09/bin/../lib/gcc/arm-none-eabi/4.7.2/thumb2/crtbegin.o
                0x0040a320                __init_array_end = .
                0x0040a320                . = ALIGN (0x4)
 *crtbegin.o(.ctors)
 *(EXCLUDE_FILE(*crtend.o) .ctors)
 *(SORT(.ctors.*))
 *crtend.o(.ctors)
                0x0040a320                . = ALIGN (0x4)
 *(.fini)
 .fini          0x0040a320        0x4 /work/tools/arm-2012.09/bin/../lib/gcc/arm-none-eabi/4.7.2/thumb2/crti.o
                0x0040a320                _fini
 .fini          0x0040a324        0x8 /work/tools/arm-2012.09/bin/../lib/gcc/arm-none-eabi/4.7.2/thumb2/crtn.o
                0x0040a32c                . = ALIGN (0x4)
                0x0040a32c                __fini_array_start = .
 *(.fini_array)
 .fini_array    0x0040a32c        0x4 /work/tools/arm-2012.09/bin/../lib/gcc/arm-none-eabi/4.7.2/thumb2/crtbegin.o
 *(SORT(.fini_array.*))
                0x0040a330                __fini_array_end = .
 *crtbegin.o(.dtors)
 *(EXCLUDE_FILE(*crtend.o) .dtors)
 *(SORT(.dtors.*))
 *crtend.o(.dtors)
                0x0040a330                . = ALIGN (0x4)
                0x0040a330                _efixed = .
                0x0040a330                PROVIDE (__exidx_start, .)

.vfp11_veneer   0x0040a330        0x0
 .vfp11_veneer  0x00000000        0x0 linker stubs

.v4_bx          0x0040a330        0x0
 .v4_bx         0x00000000        0x0 linker stubs

.iplt           0x0040a330        0x0
 .iplt          0x00000000        0x0 /work/tools/arm-2012.09/bin/../lib/gcc/arm-none-eabi/4.7.2/thumb2/crtbegin.o

.ARM.exidx      0x0040a330        0x8
 *(.ARM.exidx* .gnu.linkonce.armexidx.*)
 .ARM.exidx     0x0040a330        0x8 /work/tools/arm-2012.09/bin/../lib/gcc/arm-none-eabi/4.7.2/thumb2/libgcc.a(_divdi3.o)
 .ARM.exidx     0x0040a338        0x0 /work/tools/arm-2012.09/bin/../lib/gcc/arm-none-eabi/4.7.2/thumb2/libgcc.a(_udivdi3.o)
                                  0x8 (size before relaxing)
                0x0040a338                PROVIDE (__exidx_end, .)

.eh_frame       0x0040a338        0x0
 .eh_frame      0x0040a338        0x0 /work/tools/arm-2012.09/bin/../lib/gcc/arm-none-eabi/4.7.2/thumb2/crtbegin.o

.rel.dyn        0x0040a338        0x0
 .rel.iplt      0x00000000        0x0 /work/tools/arm-2012.09/bin/../lib/gcc/arm-none-eabi/4.7.2/thumb2/crtbegin.o

.jcr            0x0040a338        0x0
 .jcr           0x0040a338        0x0 /work/tools/arm-2012.09/bin/../lib/gcc/arm-none-eabi/4.7.2/thumb2/crtbegin.o

.tm_clone_table
                0x0040a338        0x0
 .tm_clone_table
                0x0040a338        0x0 /work/tools/arm-2012.09/bin/../lib/gcc/arm-none-eabi/4.7.2/thumb2/crtbegin.o
 .tm_clone_table
                0x0040a338        0x0 /work/tools/arm-2012.09/bin/../lib/gcc/arm-none-eabi/4.7.2/thumb2/crtend.o

.igot.plt       0x0040a338        0x0
 .igot.plt      0x00000000        0x0 /work/tools/arm-2012.09/bin/../lib/gcc/arm-none-eabi/4.7.2/thumb2/crtbegin.o
                0x0040a338                . = ALIGN (0x4)
                0x0040a338                _etext = .

.relocate       0x20000000      0x634 load address 0x0040a338
                0x20000000                . = ALIGN (0x4)
                0x20000000                _srelocate = .
 *(.ramfunc .ramfunc.*)
 *(.data .data.*)
 .data          0x20000000       0x30 obj/flash_main.o
                0x20000000                a
                0x2000000c                sample_len
                0x20000010                prx_data
                0x20000014                bLed1Active
                0x20000018                prx_first_part
                0x2000001c                prx_second_part
                0x20000020                stringDescriptors
 .data          0x20000030       0x80 obj/flash_dds.o
                0x20000030                pinsDDS
                0x2000009c                fc0_mult
                0x200000a0                fclk
                0x200000a8                fc1_mult
 .data          0x200000b0       0xf4 /work/tools/arm-2012.09/bin/../arm-none-eabi/lib/thumb2/libc.a(lib_a-impure.o)
                0x200000b0                _impure_ptr
 .data          0x200001a4       0x7c /work/tools/arm-2012.09/bin/../arm-none-eabi/lib/thumb2/libc.a(lib_a-locale.o)
                0x200001c4                __mb_cur_max
 .data          0x20000220      0x410 /work/tools/arm-2012.09/bin/../arm-none-eabi/lib/thumb2/libc.a(lib_a-mallocr.o)
                0x20000220                __malloc_av_
                0x20000628                __malloc_sbrk_base
                0x2000062c                __malloc_trim_threshold
 .data          0x20000630        0x4 /work/tools/arm-2012.09/bin/../arm-none-eabi/lib/thumb2/libc.a(lib_a-wctomb_r.o)
                0x20000630                __wctomb
                0x20000634                . = ALIGN (0x4)
                0x20000634                _erelocate = .

.bss            0x20000638     0x8204 load address 0x0040a970
                0x20000638                . = ALIGN (0x4)
                0x20000638                _sbss = .
                0x20000638                _szero = .
 *(.bss .bss.*)
 .bss           0x20000638       0x1c /work/tools/arm-2012.09/bin/../lib/gcc/arm-none-eabi/4.7.2/thumb2/crtbegin.o
 .bss           0x20000654       0x28 obj/flash_main.o
                0x20000654                receiving
                0x20000655                command_flag
                0x20000658                dwTimeStamp
                0x2000065c                fft_cnt
                0x20000660                if_freq
                0x20000664                sample_addr
                0x20000668                sample_en
                0x2000066c                start_freq
                0x20000670                rf_pll_mult
                0x20000671                lo_pll_mult
                0x20000672                ignor_cnt_bak
                0x20000674                ignor_cnt
                0x20000676                freq_cnt
                0x20000678                trans_cnt
                0x2000067a                WorkMode
 .bss           0x2000067c        0x8 obj/flash_i2c_inter.o
 .bss           0x20000684       0x34 /work/tools/arm-2012.09/bin/../arm-none-eabi/lib/thumb2/libc.a(lib_a-mallocr.o)
                0x20000684                __malloc_top_pad
                0x20000688                __malloc_current_mallinfo
                0x200006b0                __malloc_max_sbrked_mem
                0x200006b4                __malloc_max_total_mem
 .bss           0x200006b8       0x3c ../../../../libraries/libchip_sam3s/lib/libchip_sam3s4_gcc_dbg.a(pio_it.o)
 .bss           0x200006f4        0x4 ../../../../libraries/libchip_sam3s/lib/libchip_sam3s4_gcc_dbg.a(pio_capture.o)
 .bss           0x200006f8        0x4 ../../../../libraries/libboard_sam3s-ek/lib/libboard_sam3s_ek_gcc_dbg.a(syscalls.o)
 .bss           0x200006fc        0x2 ../../../../libraries/usb/lib/libusb_sam3s_gcc_dbg.a(USBD.o)
 *fill*         0x200006fe        0x2 
 .bss           0x20000700       0x10 ../../../../libraries/usb/lib/libusb_sam3s_gcc_dbg.a(USBDDriver.o)
 .bss           0x20000710       0xe0 ../../../../libraries/libchip_sam3s/lib/libchip_sam3s4_gcc_dbg.a(USBD_HAL.o)
 *(COMMON)
 COMMON         0x200007f0     0x8034 obj/flash_main.o
                0x200007f0                wr_addr
                0x200007f4                rd_addr
                0x200007f8                command_pro
                0x20000808                send_buffer
                0x20008818                usbdDriver
 *fill*         0x20008824        0x4 
 COMMON         0x20008828       0x10 obj/flash_dds.o
                0x20008828                fc0
                0x20008830                fc1
 COMMON         0x20008838        0x4 /work/tools/arm-2012.09/bin/../arm-none-eabi/lib/thumb2/libc.a(lib_a-reent.o)
                0x20008838                errno
                0x2000883c                . = ALIGN (0x4)
                0x2000883c                _ebss = .
                0x2000883c                _ezero = .

.stack          0x20008840     0x2400 load address 0x00412b78
                0x20008840                . = ALIGN (0x8)
 *(.stack .stack.*)
 .stack         0x20008840     0x2400 ../../../../libraries/libboard_sam3s-ek/lib/libboard_sam3s_ek_gcc_dbg.a(board_cstartup_gnu.o)
                0x20008840                pdwStack
                0x2000ac40                . = ALIGN (0x4)
                0x2000ac40                _end = .
OUTPUT(bin/usb_core_sam3s_ek_sam3s4-flash.elf elf32-littlearm)

.ARM.attributes
                0x00000000       0x29
 .ARM.attributes
                0x00000000       0x19 /work/tools/arm-2012.09/bin/../lib/gcc/arm-none-eabi/4.7.2/thumb2/crti.o
 .ARM.attributes
                0x00000019       0x29 /work/tools/arm-2012.09/bin/../lib/gcc/arm-none-eabi/4.7.2/thumb2/crtbegin.o
 .ARM.attributes
                0x00000042       0x33 obj/flash_main.o
 .ARM.attributes
                0x00000075       0x33 obj/flash_i2c_inter.o
 .ARM.attributes
                0x000000a8       0x33 obj/flash_dds.o
 .ARM.attributes
                0x000000db       0x19 /work/tools/arm-2012.09/bin/../lib/gcc/arm-none-eabi/4.7.2/thumb2/libgcc.a(_arm_addsubdf3.o)
 .ARM.attributes
                0x000000f4       0x19 /work/tools/arm-2012.09/bin/../lib/gcc/arm-none-eabi/4.7.2/thumb2/libgcc.a(_arm_muldivdf3.o)
 .ARM.attributes
                0x0000010d       0x19 /work/tools/arm-2012.09/bin/../lib/gcc/arm-none-eabi/4.7.2/thumb2/libgcc.a(_arm_cmpdf2.o)
 .ARM.attributes
                0x00000126       0x19 /work/tools/arm-2012.09/bin/../lib/gcc/arm-none-eabi/4.7.2/thumb2/libgcc.a(_arm_fixunsdfsi.o)
 .ARM.attributes
                0x0000013f       0x19 /work/tools/arm-2012.09/bin/../lib/gcc/arm-none-eabi/4.7.2/thumb2/libgcc.a(_arm_addsubsf3.o)
 .ARM.attributes
                0x00000158       0x19 /work/tools/arm-2012.09/bin/../lib/gcc/arm-none-eabi/4.7.2/thumb2/libgcc.a(_arm_cmpsf2.o)
 .ARM.attributes
                0x00000171       0x29 /work/tools/arm-2012.09/bin/../arm-none-eabi/lib/thumb2/libc.a(lib_a-iprintf.o)
 .ARM.attributes
                0x0000019a       0x29 /work/tools/arm-2012.09/bin/../arm-none-eabi/lib/thumb2/libc.a(lib_a-vfiprintf.o)
 .ARM.attributes
                0x000001c3       0x29 /work/tools/arm-2012.09/bin/../arm-none-eabi/lib/thumb2/libc.a(lib_a-wsetup.o)
 .ARM.attributes
                0x000001ec       0x29 /work/tools/arm-2012.09/bin/../arm-none-eabi/lib/thumb2/libc.a(lib_a-fflush.o)
 .ARM.attributes
                0x00000215       0x29 /work/tools/arm-2012.09/bin/../arm-none-eabi/lib/thumb2/libc.a(lib_a-findfp.o)
 .ARM.attributes
                0x0000023e       0x29 /work/tools/arm-2012.09/bin/../arm-none-eabi/lib/thumb2/libc.a(lib_a-fputwc.o)
 .ARM.attributes
                0x00000267       0x29 /work/tools/arm-2012.09/bin/../arm-none-eabi/lib/thumb2/libc.a(lib_a-freer.o)
 .ARM.attributes
                0x00000290       0x29 /work/tools/arm-2012.09/bin/../arm-none-eabi/lib/thumb2/libc.a(lib_a-fvwrite.o)
 .ARM.attributes
                0x000002b9       0x29 /work/tools/arm-2012.09/bin/../arm-none-eabi/lib/thumb2/libc.a(lib_a-fwalk.o)
 .ARM.attributes
                0x000002e2       0x29 /work/tools/arm-2012.09/bin/../arm-none-eabi/lib/thumb2/libc.a(lib_a-impure.o)
 .ARM.attributes
                0x0000030b       0x29 /work/tools/arm-2012.09/bin/../arm-none-eabi/lib/thumb2/libc.a(lib_a-locale.o)
 .ARM.attributes
                0x00000334       0x29 /work/tools/arm-2012.09/bin/../arm-none-eabi/lib/thumb2/libc.a(lib_a-makebuf.o)
 .ARM.attributes
                0x0000035d       0x29 /work/tools/arm-2012.09/bin/../arm-none-eabi/lib/thumb2/libc.a(lib_a-mallocr.o)
 .ARM.attributes
                0x00000386       0x29 /work/tools/arm-2012.09/bin/../arm-none-eabi/lib/thumb2/libc.a(lib_a-memchr.o)
 .ARM.attributes
                0x000003af       0x29 /work/tools/arm-2012.09/bin/../arm-none-eabi/lib/thumb2/libc.a(lib_a-memcpy.o)
 .ARM.attributes
                0x000003d8       0x29 /work/tools/arm-2012.09/bin/../arm-none-eabi/lib/thumb2/libc.a(lib_a-memmove.o)
 .ARM.attributes
                0x00000401       0x29 /work/tools/arm-2012.09/bin/../arm-none-eabi/lib/thumb2/libc.a(lib_a-memset.o)
 .ARM.attributes
                0x0000042a       0x29 /work/tools/arm-2012.09/bin/../arm-none-eabi/lib/thumb2/libc.a(lib_a-mlock.o)
 .ARM.attributes
                0x00000453       0x29 /work/tools/arm-2012.09/bin/../arm-none-eabi/lib/thumb2/libc.a(lib_a-reallocr.o)
 .ARM.attributes
                0x0000047c       0x29 /work/tools/arm-2012.09/bin/../arm-none-eabi/lib/thumb2/libc.a(lib_a-sbrkr.o)
 .ARM.attributes
                0x000004a5       0x29 /work/tools/arm-2012.09/bin/../arm-none-eabi/lib/thumb2/libc.a(lib_a-stdio.o)
 .ARM.attributes
                0x000004ce       0x29 /work/tools/arm-2012.09/bin/../arm-none-eabi/lib/thumb2/libc.a(lib_a-strcmp.o)
 .ARM.attributes
                0x000004f7       0x29 /work/tools/arm-2012.09/bin/../arm-none-eabi/lib/thumb2/libc.a(lib_a-strlen.o)
 .ARM.attributes
                0x00000520       0x29 /work/tools/arm-2012.09/bin/../arm-none-eabi/lib/thumb2/libc.a(lib_a-wbuf.o)
 .ARM.attributes
                0x00000549       0x29 /work/tools/arm-2012.09/bin/../arm-none-eabi/lib/thumb2/libc.a(lib_a-wcrtomb.o)
 .ARM.attributes
                0x00000572       0x29 /work/tools/arm-2012.09/bin/../arm-none-eabi/lib/thumb2/libc.a(lib_a-wctomb_r.o)
 .ARM.attributes
                0x0000059b       0x29 /work/tools/arm-2012.09/bin/../arm-none-eabi/lib/thumb2/libc.a(lib_a-writer.o)
 .ARM.attributes
                0x000005c4       0x29 /work/tools/arm-2012.09/bin/../arm-none-eabi/lib/thumb2/libc.a(lib_a-closer.o)
 .ARM.attributes
                0x000005ed       0x29 /work/tools/arm-2012.09/bin/../arm-none-eabi/lib/thumb2/libc.a(lib_a-fclose.o)
 .ARM.attributes
                0x00000616       0x29 /work/tools/arm-2012.09/bin/../arm-none-eabi/lib/thumb2/libc.a(lib_a-fstatr.o)
 .ARM.attributes
                0x0000063f       0x29 /work/tools/arm-2012.09/bin/../arm-none-eabi/lib/thumb2/libc.a(lib_a-isattyr.o)
 .ARM.attributes
                0x00000668       0x29 /work/tools/arm-2012.09/bin/../arm-none-eabi/lib/thumb2/libc.a(lib_a-lseekr.o)
 .ARM.attributes
                0x00000691       0x29 /work/tools/arm-2012.09/bin/../arm-none-eabi/lib/thumb2/libc.a(lib_a-readr.o)
 .ARM.attributes
                0x000006ba       0x29 /work/tools/arm-2012.09/bin/../arm-none-eabi/lib/thumb2/libc.a(lib_a-reent.o)
 .ARM.attributes
                0x000006e3       0x33 ../../../../libraries/libchip_sam3s/lib/libchip_sam3s4_gcc_dbg.a(pio_it.o)
 .ARM.attributes
                0x00000716       0x33 ../../../../libraries/libchip_sam3s/lib/libchip_sam3s4_gcc_dbg.a(twi.o)
 .ARM.attributes
                0x00000749       0x33 ../../../../libraries/libchip_sam3s/lib/libchip_sam3s4_gcc_dbg.a(pio.o)
 .ARM.attributes
                0x0000077c       0x33 ../../../../libraries/libchip_sam3s/lib/libchip_sam3s4_gcc_dbg.a(ssc.o)
 .ARM.attributes
                0x000007af       0x33 ../../../../libraries/libchip_sam3s/lib/libchip_sam3s4_gcc_dbg.a(pmc.o)
 .ARM.attributes
                0x000007e2       0x33 ../../../../libraries/libchip_sam3s/lib/libchip_sam3s4_gcc_dbg.a(twid.o)
 .ARM.attributes
                0x00000815       0x33 ../../../../libraries/libchip_sam3s/lib/libchip_sam3s4_gcc_dbg.a(tc.o)
 .ARM.attributes
                0x00000848       0x33 ../../../../libraries/libchip_sam3s/lib/libchip_sam3s4_gcc_dbg.a(wdt.o)
 .ARM.attributes
                0x0000087b       0x33 ../../../../libraries/libchip_sam3s/lib/libchip_sam3s4_gcc_dbg.a(pio_capture.o)
 .ARM.attributes
                0x000008ae       0x33 ../../../../libraries/libboard_sam3s-ek/lib/libboard_sam3s_ek_gcc_dbg.a(wm8731.o)
 .ARM.attributes
                0x000008e1       0x33 ../../../../libraries/libboard_sam3s-ek/lib/libboard_sam3s_ek_gcc_dbg.a(syscalls.o)
 .ARM.attributes
                0x00000914       0x33 ../../../../libraries/libboard_sam3s-ek/lib/libboard_sam3s_ek_gcc_dbg.a(board_cstartup_gnu.o)
 .ARM.attributes
                0x00000947       0x33 ../../../../libraries/libboard_sam3s-ek/lib/libboard_sam3s_ek_gcc_dbg.a(board_lowlevel.o)
 .ARM.attributes
                0x0000097a       0x33 ../../../../libraries/libboard_sam3s-ek/lib/libboard_sam3s_ek_gcc_dbg.a(led.o)
 .ARM.attributes
                0x000009ad       0x33 ../../../../libraries/usb/lib/libusb_sam3s_gcc_dbg.a(USBRequests.o)
 .ARM.attributes
                0x000009e0       0x33 ../../../../libraries/usb/lib/libusb_sam3s_gcc_dbg.a(USBD.o)
 .ARM.attributes
                0x00000a13       0x33 ../../../../libraries/usb/lib/libusb_sam3s_gcc_dbg.a(USBDCallbacks.o)
 .ARM.attributes
                0x00000a46       0x33 ../../../../libraries/usb/lib/libusb_sam3s_gcc_dbg.a(USBDDriver.o)
 .ARM.attributes
                0x00000a79       0x33 ../../../../libraries/usb/lib/libusb_sam3s_gcc_dbg.a(USBDDriverCallbacks.o)
 .ARM.attributes
                0x00000aac       0x33 ../../../../libraries/usb/lib/libusb_sam3s_gcc_dbg.a(USBDescriptors.o)
 .ARM.attributes
                0x00000adf       0x19 /work/tools/arm-2012.09/bin/../lib/gcc/arm-none-eabi/4.7.2/thumb2/libgcc.a(_aeabi_uldivmod.o)
 .ARM.attributes
                0x00000af8       0x29 /work/tools/arm-2012.09/bin/../lib/gcc/arm-none-eabi/4.7.2/thumb2/libgcc.a(bpabi.o)
 .ARM.attributes
                0x00000b21       0x19 /work/tools/arm-2012.09/bin/../lib/gcc/arm-none-eabi/4.7.2/thumb2/libgcc.a(_dvmd_tls.o)
 .ARM.attributes
                0x00000b3a       0x29 /work/tools/arm-2012.09/bin/../lib/gcc/arm-none-eabi/4.7.2/thumb2/libgcc.a(_divdi3.o)
 .ARM.attributes
                0x00000b63       0x29 /work/tools/arm-2012.09/bin/../lib/gcc/arm-none-eabi/4.7.2/thumb2/libgcc.a(_udivdi3.o)
 .ARM.attributes
                0x00000b8c       0x19 /work/tools/arm-2012.09/bin/../lib/gcc/arm-none-eabi/4.7.2/thumb2/libgcc.a(_udivsi3.o)
 .ARM.attributes
                0x00000ba5       0x29 /work/tools/arm-2012.09/bin/../arm-none-eabi/lib/thumb2/libc.a(lib_a-assert.o)
 .ARM.attributes
                0x00000bce       0x29 /work/tools/arm-2012.09/bin/../arm-none-eabi/lib/thumb2/libc.a(lib_a-fiprintf.o)
 .ARM.attributes
                0x00000bf7       0x29 /work/tools/arm-2012.09/bin/../arm-none-eabi/lib/thumb2/libc.a(lib_a-init.o)
 .ARM.attributes
                0x00000c20       0x29 /work/tools/arm-2012.09/bin/../arm-none-eabi/lib/thumb2/libc.a(lib_a-abort.o)
 .ARM.attributes
                0x00000c49       0x29 /work/tools/arm-2012.09/bin/../arm-none-eabi/lib/thumb2/libc.a(lib_a-signal.o)
 .ARM.attributes
                0x00000c72       0x29 /work/tools/arm-2012.09/bin/../arm-none-eabi/lib/thumb2/libc.a(lib_a-signalr.o)
 .ARM.attributes
                0x00000c9b       0x33 ../../../../libraries/libchip_sam3s/lib/libchip_sam3s4_gcc_dbg.a(USBD_HAL.o)
 .ARM.attributes
                0x00000cce       0x33 ../../../../libraries/libchip_sam3s/lib/libchip_sam3s4_gcc_dbg.a(exceptions.o)
 .ARM.attributes
                0x00000d01       0x29 /work/tools/arm-2012.09/bin/../lib/gcc/arm-none-eabi/4.7.2/thumb2/crtend.o
 .ARM.attributes
                0x00000d2a       0x19 /work/tools/arm-2012.09/bin/../lib/gcc/arm-none-eabi/4.7.2/thumb2/crtn.o

.comment        0x00000000       0x30
 .comment       0x00000000       0x30 obj/flash_main.o
                                 0x31 (size before relaxing)
 .comment       0x00000000       0x31 obj/flash_i2c_inter.o
 .comment       0x00000000       0x31 obj/flash_dds.o
 .comment       0x00000000       0x31 ../../../../libraries/libchip_sam3s/lib/libchip_sam3s4_gcc_dbg.a(pio_it.o)
 .comment       0x00000000       0x31 ../../../../libraries/libchip_sam3s/lib/libchip_sam3s4_gcc_dbg.a(twi.o)
 .comment       0x00000000       0x31 ../../../../libraries/libchip_sam3s/lib/libchip_sam3s4_gcc_dbg.a(pio.o)
 .comment       0x00000000       0x31 ../../../../libraries/libchip_sam3s/lib/libchip_sam3s4_gcc_dbg.a(ssc.o)
 .comment       0x00000000       0x31 ../../../../libraries/libchip_sam3s/lib/libchip_sam3s4_gcc_dbg.a(pmc.o)
 .comment       0x00000000       0x31 ../../../../libraries/libchip_sam3s/lib/libchip_sam3s4_gcc_dbg.a(twid.o)
 .comment       0x00000000       0x31 ../../../../libraries/libchip_sam3s/lib/libchip_sam3s4_gcc_dbg.a(tc.o)
 .comment       0x00000000       0x31 ../../../../libraries/libchip_sam3s/lib/libchip_sam3s4_gcc_dbg.a(wdt.o)
 .comment       0x00000000       0x31 ../../../../libraries/libchip_sam3s/lib/libchip_sam3s4_gcc_dbg.a(pio_capture.o)
 .comment       0x00000000       0x31 ../../../../libraries/libboard_sam3s-ek/lib/libboard_sam3s_ek_gcc_dbg.a(wm8731.o)
 .comment       0x00000000       0x31 ../../../../libraries/libboard_sam3s-ek/lib/libboard_sam3s_ek_gcc_dbg.a(syscalls.o)
 .comment       0x00000000       0x31 ../../../../libraries/libboard_sam3s-ek/lib/libboard_sam3s_ek_gcc_dbg.a(board_cstartup_gnu.o)
 .comment       0x00000000       0x31 ../../../../libraries/libboard_sam3s-ek/lib/libboard_sam3s_ek_gcc_dbg.a(board_lowlevel.o)
 .comment       0x00000000       0x31 ../../../../libraries/libboard_sam3s-ek/lib/libboard_sam3s_ek_gcc_dbg.a(led.o)
 .comment       0x00000000       0x31 ../../../../libraries/usb/lib/libusb_sam3s_gcc_dbg.a(USBRequests.o)
 .comment       0x00000000       0x31 ../../../../libraries/usb/lib/libusb_sam3s_gcc_dbg.a(USBD.o)
 .comment       0x00000000       0x31 ../../../../libraries/usb/lib/libusb_sam3s_gcc_dbg.a(USBDCallbacks.o)
 .comment       0x00000000       0x31 ../../../../libraries/usb/lib/libusb_sam3s_gcc_dbg.a(USBDDriver.o)
 .comment       0x00000000       0x31 ../../../../libraries/usb/lib/libusb_sam3s_gcc_dbg.a(USBDDriverCallbacks.o)
 .comment       0x00000000       0x31 ../../../../libraries/usb/lib/libusb_sam3s_gcc_dbg.a(USBDescriptors.o)
 .comment       0x00000000       0x31 ../../../../libraries/libchip_sam3s/lib/libchip_sam3s4_gcc_dbg.a(USBD_HAL.o)
 .comment       0x00000000       0x31 ../../../../libraries/libchip_sam3s/lib/libchip_sam3s4_gcc_dbg.a(exceptions.o)

.debug_info     0x00000000     0xd4e9
 .debug_info    0x00000000     0x2fd9 obj/flash_main.o
 .debug_info    0x00002fd9      0x7ff obj/flash_i2c_inter.o
 .debug_info    0x000037d8      0xea9 obj/flash_dds.o
 .debug_info    0x00004681      0xd9a ../../../../libraries/libchip_sam3s/lib/libchip_sam3s4_gcc_dbg.a(pio_it.o)
 .debug_info    0x0000541b      0x77c ../../../../libraries/libchip_sam3s/lib/libchip_sam3s4_gcc_dbg.a(twi.o)
 .debug_info    0x00005b97      0x9ba ../../../../libraries/libchip_sam3s/lib/libchip_sam3s4_gcc_dbg.a(pio.o)
 .debug_info    0x00006551      0x7c4 ../../../../libraries/libchip_sam3s/lib/libchip_sam3s4_gcc_dbg.a(ssc.o)
 .debug_info    0x00006d15      0x470 ../../../../libraries/libchip_sam3s/lib/libchip_sam3s4_gcc_dbg.a(pmc.o)
 .debug_info    0x00007185      0x620 ../../../../libraries/libchip_sam3s/lib/libchip_sam3s4_gcc_dbg.a(twid.o)
 .debug_info    0x000077a5      0x49c ../../../../libraries/libchip_sam3s/lib/libchip_sam3s4_gcc_dbg.a(tc.o)
 .debug_info    0x00007c41      0x1f8 ../../../../libraries/libchip_sam3s/lib/libchip_sam3s4_gcc_dbg.a(wdt.o)
 .debug_info    0x00007e39      0x7ff ../../../../libraries/libchip_sam3s/lib/libchip_sam3s4_gcc_dbg.a(pio_capture.o)
 .debug_info    0x00008638      0x49b ../../../../libraries/libboard_sam3s-ek/lib/libboard_sam3s_ek_gcc_dbg.a(wm8731.o)
 .debug_info    0x00008ad3      0x4c8 ../../../../libraries/libboard_sam3s-ek/lib/libboard_sam3s_ek_gcc_dbg.a(syscalls.o)
 .debug_info    0x00008f9b      0x31a ../../../../libraries/libboard_sam3s-ek/lib/libboard_sam3s_ek_gcc_dbg.a(board_cstartup_gnu.o)
 .debug_info    0x000092b5      0x3e3 ../../../../libraries/libboard_sam3s-ek/lib/libboard_sam3s_ek_gcc_dbg.a(board_lowlevel.o)
 .debug_info    0x00009698      0x769 ../../../../libraries/libboard_sam3s-ek/lib/libboard_sam3s_ek_gcc_dbg.a(led.o)
 .debug_info    0x00009e01      0x3cd ../../../../libraries/usb/lib/libusb_sam3s_gcc_dbg.a(USBRequests.o)
 .debug_info    0x0000a1ce      0x56d ../../../../libraries/usb/lib/libusb_sam3s_gcc_dbg.a(USBD.o)
 .debug_info    0x0000a73b      0x190 ../../../../libraries/usb/lib/libusb_sam3s_gcc_dbg.a(USBDCallbacks.o)
 .debug_info    0x0000a8cb      0xab9 ../../../../libraries/usb/lib/libusb_sam3s_gcc_dbg.a(USBDDriver.o)
 .debug_info    0x0000b384       0xfc ../../../../libraries/usb/lib/libusb_sam3s_gcc_dbg.a(USBDDriverCallbacks.o)
 .debug_info    0x0000b480      0x5c6 ../../../../libraries/usb/lib/libusb_sam3s_gcc_dbg.a(USBDescriptors.o)
 .debug_info    0x0000ba46     0x1666 ../../../../libraries/libchip_sam3s/lib/libchip_sam3s4_gcc_dbg.a(USBD_HAL.o)
 .debug_info    0x0000d0ac      0x43d ../../../../libraries/libchip_sam3s/lib/libchip_sam3s4_gcc_dbg.a(exceptions.o)

.debug_abbrev   0x00000000     0x2435
 .debug_abbrev  0x00000000      0x4b9 obj/flash_main.o
 .debug_abbrev  0x000004b9      0x174 obj/flash_i2c_inter.o
 .debug_abbrev  0x0000062d      0x28f obj/flash_dds.o
 .debug_abbrev  0x000008bc      0x1fb ../../../../libraries/libchip_sam3s/lib/libchip_sam3s4_gcc_dbg.a(pio_it.o)
 .debug_abbrev  0x00000ab7      0x17c ../../../../libraries/libchip_sam3s/lib/libchip_sam3s4_gcc_dbg.a(twi.o)
 .debug_abbrev  0x00000c33      0x19a ../../../../libraries/libchip_sam3s/lib/libchip_sam3s4_gcc_dbg.a(pio.o)
 .debug_abbrev  0x00000dcd      0x115 ../../../../libraries/libchip_sam3s/lib/libchip_sam3s4_gcc_dbg.a(ssc.o)
 .debug_abbrev  0x00000ee2       0xfd ../../../../libraries/libchip_sam3s/lib/libchip_sam3s4_gcc_dbg.a(pmc.o)
 .debug_abbrev  0x00000fdf      0x199 ../../../../libraries/libchip_sam3s/lib/libchip_sam3s4_gcc_dbg.a(twid.o)
 .debug_abbrev  0x00001178      0x119 ../../../../libraries/libchip_sam3s/lib/libchip_sam3s4_gcc_dbg.a(tc.o)
 .debug_abbrev  0x00001291       0xcf ../../../../libraries/libchip_sam3s/lib/libchip_sam3s4_gcc_dbg.a(wdt.o)
 .debug_abbrev  0x00001360      0x148 ../../../../libraries/libchip_sam3s/lib/libchip_sam3s4_gcc_dbg.a(pio_capture.o)
 .debug_abbrev  0x000014a8      0x124 ../../../../libraries/libboard_sam3s-ek/lib/libboard_sam3s_ek_gcc_dbg.a(wm8731.o)
 .debug_abbrev  0x000015cc      0x132 ../../../../libraries/libboard_sam3s-ek/lib/libboard_sam3s_ek_gcc_dbg.a(syscalls.o)
 .debug_abbrev  0x000016fe       0xf9 ../../../../libraries/libboard_sam3s-ek/lib/libboard_sam3s_ek_gcc_dbg.a(board_cstartup_gnu.o)
 .debug_abbrev  0x000017f7       0xd6 ../../../../libraries/libboard_sam3s-ek/lib/libboard_sam3s_ek_gcc_dbg.a(board_lowlevel.o)
 .debug_abbrev  0x000018cd      0x110 ../../../../libraries/libboard_sam3s-ek/lib/libboard_sam3s_ek_gcc_dbg.a(led.o)
 .debug_abbrev  0x000019dd       0xd9 ../../../../libraries/usb/lib/libusb_sam3s_gcc_dbg.a(USBRequests.o)
 .debug_abbrev  0x00001ab6      0x1df ../../../../libraries/usb/lib/libusb_sam3s_gcc_dbg.a(USBD.o)
 .debug_abbrev  0x00001c95       0xb9 ../../../../libraries/usb/lib/libusb_sam3s_gcc_dbg.a(USBDCallbacks.o)
 .debug_abbrev  0x00001d4e      0x1ff ../../../../libraries/usb/lib/libusb_sam3s_gcc_dbg.a(USBDDriver.o)
 .debug_abbrev  0x00001f4d       0x7a ../../../../libraries/usb/lib/libusb_sam3s_gcc_dbg.a(USBDDriverCallbacks.o)
 .debug_abbrev  0x00001fc7      0x115 ../../../../libraries/usb/lib/libusb_sam3s_gcc_dbg.a(USBDescriptors.o)
 .debug_abbrev  0x000020dc      0x2e5 ../../../../libraries/libchip_sam3s/lib/libchip_sam3s4_gcc_dbg.a(USBD_HAL.o)
 .debug_abbrev  0x000023c1       0x74 ../../../../libraries/libchip_sam3s/lib/libchip_sam3s4_gcc_dbg.a(exceptions.o)

.debug_loc      0x00000000     0x409f
 .debug_loc     0x00000000      0x9e2 obj/flash_main.o
 .debug_loc     0x000009e2       0x62 obj/flash_i2c_inter.o
 .debug_loc     0x00000a44      0x439 obj/flash_dds.o
 .debug_loc     0x00000e7d      0x27c ../../../../libraries/libchip_sam3s/lib/libchip_sam3s4_gcc_dbg.a(pio_it.o)
 .debug_loc     0x000010f9      0x348 ../../../../libraries/libchip_sam3s/lib/libchip_sam3s4_gcc_dbg.a(twi.o)
 .debug_loc     0x00001441      0x2a0 ../../../../libraries/libchip_sam3s/lib/libchip_sam3s4_gcc_dbg.a(pio.o)
 .debug_loc     0x000016e1      0x2a8 ../../../../libraries/libchip_sam3s/lib/libchip_sam3s4_gcc_dbg.a(ssc.o)
 .debug_loc     0x00001989      0x100 ../../../../libraries/libchip_sam3s/lib/libchip_sam3s4_gcc_dbg.a(pmc.o)
 .debug_loc     0x00001a89       0xe0 ../../../../libraries/libchip_sam3s/lib/libchip_sam3s4_gcc_dbg.a(twid.o)
 .debug_loc     0x00001b69       0xe0 ../../../../libraries/libchip_sam3s/lib/libchip_sam3s4_gcc_dbg.a(tc.o)
 .debug_loc     0x00001c49      0x118 ../../../../libraries/libchip_sam3s/lib/libchip_sam3s4_gcc_dbg.a(wdt.o)
 .debug_loc     0x00001d61      0x138 ../../../../libraries/libchip_sam3s/lib/libchip_sam3s4_gcc_dbg.a(pio_capture.o)
 .debug_loc     0x00001e99       0xe0 ../../../../libraries/libboard_sam3s-ek/lib/libboard_sam3s_ek_gcc_dbg.a(wm8731.o)
 .debug_loc     0x00001f79      0x25c ../../../../libraries/libboard_sam3s-ek/lib/libboard_sam3s_ek_gcc_dbg.a(syscalls.o)
 .debug_loc     0x000021d5       0x38 ../../../../libraries/libboard_sam3s-ek/lib/libboard_sam3s_ek_gcc_dbg.a(board_cstartup_gnu.o)
 .debug_loc     0x0000220d       0x38 ../../../../libraries/libboard_sam3s-ek/lib/libboard_sam3s_ek_gcc_dbg.a(board_lowlevel.o)
 .debug_loc     0x00002245       0xe0 ../../../../libraries/libboard_sam3s-ek/lib/libboard_sam3s_ek_gcc_dbg.a(led.o)
 .debug_loc     0x00002325      0x380 ../../../../libraries/usb/lib/libusb_sam3s_gcc_dbg.a(USBRequests.o)
 .debug_loc     0x000026a5      0x3bc ../../../../libraries/usb/lib/libusb_sam3s_gcc_dbg.a(USBD.o)
 .debug_loc     0x00002a61       0xe8 ../../../../libraries/usb/lib/libusb_sam3s_gcc_dbg.a(USBDCallbacks.o)
 .debug_loc     0x00002b49      0x340 ../../../../libraries/usb/lib/libusb_sam3s_gcc_dbg.a(USBDDriver.o)
 .debug_loc     0x00002e89       0x70 ../../../../libraries/usb/lib/libusb_sam3s_gcc_dbg.a(USBDDriverCallbacks.o)
 .debug_loc     0x00002ef9      0x2d8 ../../../../libraries/usb/lib/libusb_sam3s_gcc_dbg.a(USBDescriptors.o)
 .debug_loc     0x000031d1      0x796 ../../../../libraries/libchip_sam3s/lib/libchip_sam3s4_gcc_dbg.a(USBD_HAL.o)
 .debug_loc     0x00003967      0x738 ../../../../libraries/libchip_sam3s/lib/libchip_sam3s4_gcc_dbg.a(exceptions.o)

.debug_aranges  0x00000000      0xaa8
 .debug_aranges
                0x00000000       0x68 obj/flash_main.o
 .debug_aranges
                0x00000068       0x30 obj/flash_i2c_inter.o
 .debug_aranges
                0x00000098       0x50 obj/flash_dds.o
 .debug_aranges
                0x000000e8       0x78 ../../../../libraries/libchip_sam3s/lib/libchip_sam3s4_gcc_dbg.a(pio_it.o)
 .debug_aranges
                0x00000160       0x90 ../../../../libraries/libchip_sam3s/lib/libchip_sam3s4_gcc_dbg.a(twi.o)
 .debug_aranges
                0x000001f0       0x78 ../../../../libraries/libchip_sam3s/lib/libchip_sam3s4_gcc_dbg.a(pio.o)
 .debug_aranges
                0x00000268       0x80 ../../../../libraries/libchip_sam3s/lib/libchip_sam3s4_gcc_dbg.a(ssc.o)
 .debug_aranges
                0x000002e8       0x40 ../../../../libraries/libchip_sam3s/lib/libchip_sam3s4_gcc_dbg.a(pmc.o)
 .debug_aranges
                0x00000328       0x38 ../../../../libraries/libchip_sam3s/lib/libchip_sam3s4_gcc_dbg.a(twid.o)
 .debug_aranges
                0x00000360       0x38 ../../../../libraries/libchip_sam3s/lib/libchip_sam3s4_gcc_dbg.a(tc.o)
 .debug_aranges
                0x00000398       0x40 ../../../../libraries/libchip_sam3s/lib/libchip_sam3s4_gcc_dbg.a(wdt.o)
 .debug_aranges
                0x000003d8       0x48 ../../../../libraries/libchip_sam3s/lib/libchip_sam3s4_gcc_dbg.a(pio_capture.o)
 .debug_aranges
                0x00000420       0x38 ../../../../libraries/libboard_sam3s-ek/lib/libboard_sam3s_ek_gcc_dbg.a(wm8731.o)
 .debug_aranges
                0x00000458       0x70 ../../../../libraries/libboard_sam3s-ek/lib/libboard_sam3s_ek_gcc_dbg.a(syscalls.o)
 .debug_aranges
                0x000004c8       0x20 ../../../../libraries/libboard_sam3s-ek/lib/libboard_sam3s_ek_gcc_dbg.a(board_cstartup_gnu.o)
 .debug_aranges
                0x000004e8       0x20 ../../../../libraries/libboard_sam3s-ek/lib/libboard_sam3s_ek_gcc_dbg.a(board_lowlevel.o)
 .debug_aranges
                0x00000508       0x38 ../../../../libraries/libboard_sam3s-ek/lib/libboard_sam3s_ek_gcc_dbg.a(led.o)
 .debug_aranges
                0x00000540       0x98 ../../../../libraries/usb/lib/libusb_sam3s_gcc_dbg.a(USBRequests.o)
 .debug_aranges
                0x000005d8       0xb0 ../../../../libraries/usb/lib/libusb_sam3s_gcc_dbg.a(USBD.o)
 .debug_aranges
                0x00000688       0x40 ../../../../libraries/usb/lib/libusb_sam3s_gcc_dbg.a(USBDCallbacks.o)
 .debug_aranges
                0x000006c8       0x90 ../../../../libraries/usb/lib/libusb_sam3s_gcc_dbg.a(USBDDriver.o)
 .debug_aranges
                0x00000758       0x28 ../../../../libraries/usb/lib/libusb_sam3s_gcc_dbg.a(USBDDriverCallbacks.o)
 .debug_aranges
                0x00000780       0x80 ../../../../libraries/usb/lib/libusb_sam3s_gcc_dbg.a(USBDescriptors.o)
 .debug_aranges
                0x00000800      0x140 ../../../../libraries/libchip_sam3s/lib/libchip_sam3s4_gcc_dbg.a(USBD_HAL.o)
 .debug_aranges
                0x00000940      0x168 ../../../../libraries/libchip_sam3s/lib/libchip_sam3s4_gcc_dbg.a(exceptions.o)

.debug_ranges   0x00000000      0xa50
 .debug_ranges  0x00000000      0x100 obj/flash_main.o
 .debug_ranges  0x00000100       0x20 obj/flash_i2c_inter.o
 .debug_ranges  0x00000120       0xb8 obj/flash_dds.o
 .debug_ranges  0x000001d8       0x68 ../../../../libraries/libchip_sam3s/lib/libchip_sam3s4_gcc_dbg.a(pio_it.o)
 .debug_ranges  0x00000240       0x80 ../../../../libraries/libchip_sam3s/lib/libchip_sam3s4_gcc_dbg.a(twi.o)
 .debug_ranges  0x000002c0       0x68 ../../../../libraries/libchip_sam3s/lib/libchip_sam3s4_gcc_dbg.a(pio.o)
 .debug_ranges  0x00000328       0x70 ../../../../libraries/libchip_sam3s/lib/libchip_sam3s4_gcc_dbg.a(ssc.o)
 .debug_ranges  0x00000398       0x30 ../../../../libraries/libchip_sam3s/lib/libchip_sam3s4_gcc_dbg.a(pmc.o)
 .debug_ranges  0x000003c8       0x28 ../../../../libraries/libchip_sam3s/lib/libchip_sam3s4_gcc_dbg.a(twid.o)
 .debug_ranges  0x000003f0       0x28 ../../../../libraries/libchip_sam3s/lib/libchip_sam3s4_gcc_dbg.a(tc.o)
 .debug_ranges  0x00000418       0x30 ../../../../libraries/libchip_sam3s/lib/libchip_sam3s4_gcc_dbg.a(wdt.o)
 .debug_ranges  0x00000448       0x38 ../../../../libraries/libchip_sam3s/lib/libchip_sam3s4_gcc_dbg.a(pio_capture.o)
 .debug_ranges  0x00000480       0x28 ../../../../libraries/libboard_sam3s-ek/lib/libboard_sam3s_ek_gcc_dbg.a(wm8731.o)
 .debug_ranges  0x000004a8       0x60 ../../../../libraries/libboard_sam3s-ek/lib/libboard_sam3s_ek_gcc_dbg.a(syscalls.o)
 .debug_ranges  0x00000508       0x10 ../../../../libraries/libboard_sam3s-ek/lib/libboard_sam3s_ek_gcc_dbg.a(board_cstartup_gnu.o)
 .debug_ranges  0x00000518       0x10 ../../../../libraries/libboard_sam3s-ek/lib/libboard_sam3s_ek_gcc_dbg.a(board_lowlevel.o)
 .debug_ranges  0x00000528       0x28 ../../../../libraries/libboard_sam3s-ek/lib/libboard_sam3s_ek_gcc_dbg.a(led.o)
 .debug_ranges  0x00000550       0x88 ../../../../libraries/usb/lib/libusb_sam3s_gcc_dbg.a(USBRequests.o)
 .debug_ranges  0x000005d8       0xa0 ../../../../libraries/usb/lib/libusb_sam3s_gcc_dbg.a(USBD.o)
 .debug_ranges  0x00000678       0x30 ../../../../libraries/usb/lib/libusb_sam3s_gcc_dbg.a(USBDCallbacks.o)
 .debug_ranges  0x000006a8       0x80 ../../../../libraries/usb/lib/libusb_sam3s_gcc_dbg.a(USBDDriver.o)
 .debug_ranges  0x00000728       0x18 ../../../../libraries/usb/lib/libusb_sam3s_gcc_dbg.a(USBDDriverCallbacks.o)
 .debug_ranges  0x00000740       0x70 ../../../../libraries/usb/lib/libusb_sam3s_gcc_dbg.a(USBDescriptors.o)
 .debug_ranges  0x000007b0      0x148 ../../../../libraries/libchip_sam3s/lib/libchip_sam3s4_gcc_dbg.a(USBD_HAL.o)
 .debug_ranges  0x000008f8      0x158 ../../../../libraries/libchip_sam3s/lib/libchip_sam3s4_gcc_dbg.a(exceptions.o)

.debug_line     0x00000000     0x38b9
 .debug_line    0x00000000      0x4f3 obj/flash_main.o
 .debug_line    0x000004f3      0x1a2 obj/flash_i2c_inter.o
 .debug_line    0x00000695      0x2a6 obj/flash_dds.o
 .debug_line    0x0000093b      0x23a ../../../../libraries/libchip_sam3s/lib/libchip_sam3s4_gcc_dbg.a(pio_it.o)
 .debug_line    0x00000b75      0x2c5 ../../../../libraries/libchip_sam3s/lib/libchip_sam3s4_gcc_dbg.a(twi.o)
 .debug_line    0x00000e3a      0x228 ../../../../libraries/libchip_sam3s/lib/libchip_sam3s4_gcc_dbg.a(pio.o)
 .debug_line    0x00001062      0x1de ../../../../libraries/libchip_sam3s/lib/libchip_sam3s4_gcc_dbg.a(ssc.o)
 .debug_line    0x00001240      0x16e ../../../../libraries/libchip_sam3s/lib/libchip_sam3s4_gcc_dbg.a(pmc.o)
 .debug_line    0x000013ae      0x229 ../../../../libraries/libchip_sam3s/lib/libchip_sam3s4_gcc_dbg.a(twid.o)
 .debug_line    0x000015d7      0x151 ../../../../libraries/libchip_sam3s/lib/libchip_sam3s4_gcc_dbg.a(tc.o)
 .debug_line    0x00001728      0x132 ../../../../libraries/libchip_sam3s/lib/libchip_sam3s4_gcc_dbg.a(wdt.o)
 .debug_line    0x0000185a      0x195 ../../../../libraries/libchip_sam3s/lib/libchip_sam3s4_gcc_dbg.a(pio_capture.o)
 .debug_line    0x000019ef      0x162 ../../../../libraries/libboard_sam3s-ek/lib/libboard_sam3s_ek_gcc_dbg.a(wm8731.o)