Archive member included because of file (symbol)

/work/tools/arm-2012.09/bin/../arm-none-eabi/lib/thumb2/libc.a(lib_a-iprintf.o)
                              obj/flash_main.o (iprintf)
/work/tools/arm-2012.09/bin/../arm-none-eabi/lib/thumb2/libc.a(lib_a-vfiprintf.o)
                              /work/tools/arm-2012.09/bin/../arm-none-eabi/lib/thumb2/libc.a(lib_a-iprintf.o) (_vfiprintf_r)
/work/tools/arm-2012.09/bin/../arm-none-eabi/lib/thumb2/libc.a(lib_a-wsetup.o)
                              /work/tools/arm-2012.09/bin/../arm-none-eabi/lib/thumb2/libc.a(lib_a-vfiprintf.o) (__swsetup_r)
/work/tools/arm-2012.09/bin/../arm-none-eabi/lib/thumb2/libc.a(lib_a-fflush.o)
                              /work/tools/arm-2012.09/bin/../arm-none-eabi/lib/thumb2/libc.a(lib_a-vfiprintf.o) (_fflush_r)
/work/tools/arm-2012.09/bin/../arm-none-eabi/lib/thumb2/libc.a(lib_a-findfp.o)
                              /work/tools/arm-2012.09/bin/../arm-none-eabi/lib/thumb2/libc.a(lib_a-iprintf.o) (__sinit)
/work/tools/arm-2012.09/bin/../arm-none-eabi/lib/thumb2/libc.a(lib_a-fputwc.o)
                              /work/tools/arm-2012.09/bin/../arm-none-eabi/lib/thumb2/libc.a(lib_a-vfiprintf.o) (_fputwc_r)
/work/tools/arm-2012.09/bin/../arm-none-eabi/lib/thumb2/libc.a(lib_a-freer.o)
                              /work/tools/arm-2012.09/bin/../arm-none-eabi/lib/thumb2/libc.a(lib_a-wsetup.o) (_free_r)
/work/tools/arm-2012.09/bin/../arm-none-eabi/lib/thumb2/libc.a(lib_a-fvwrite.o)
                              /work/tools/arm-2012.09/bin/../arm-none-eabi/lib/thumb2/libc.a(lib_a-vfiprintf.o) (__sfvwrite_r)
/work/tools/arm-2012.09/bin/../arm-none-eabi/lib/thumb2/libc.a(lib_a-fwalk.o)
                              /work/tools/arm-2012.09/bin/../arm-none-eabi/lib/thumb2/libc.a(lib_a-findfp.o) (_fwalk)
/work/tools/arm-2012.09/bin/../arm-none-eabi/lib/thumb2/libc.a(lib_a-impure.o)
                              /work/tools/arm-2012.09/bin/../arm-none-eabi/lib/thumb2/libc.a(lib_a-fflush.o) (_global_impure_ptr)
/work/tools/arm-2012.09/bin/../arm-none-eabi/lib/thumb2/libc.a(lib_a-locale.o)
                              /work/tools/arm-2012.09/bin/../arm-none-eabi/lib/thumb2/libc.a(lib_a-fputwc.o) (__locale_mb_cur_max)
/work/tools/arm-2012.09/bin/../arm-none-eabi/lib/thumb2/libc.a(lib_a-makebuf.o)
                              /work/tools/arm-2012.09/bin/../arm-none-eabi/lib/thumb2/libc.a(lib_a-wsetup.o) (__smakebuf_r)
/work/tools/arm-2012.09/bin/../arm-none-eabi/lib/thumb2/libc.a(lib_a-mallocr.o)
                              /work/tools/arm-2012.09/bin/../arm-none-eabi/lib/thumb2/libc.a(lib_a-findfp.o) (_malloc_r)
/work/tools/arm-2012.09/bin/../arm-none-eabi/lib/thumb2/libc.a(lib_a-memchr.o)
                              /work/tools/arm-2012.09/bin/../arm-none-eabi/lib/thumb2/libc.a(lib_a-vfiprintf.o) (memchr)
/work/tools/arm-2012.09/bin/../arm-none-eabi/lib/thumb2/libc.a(lib_a-memcpy.o)
                              /work/tools/arm-2012.09/bin/../arm-none-eabi/lib/thumb2/libc.a(lib_a-fvwrite.o) (memcpy)
/work/tools/arm-2012.09/bin/../arm-none-eabi/lib/thumb2/libc.a(lib_a-memmove.o)
                              /work/tools/arm-2012.09/bin/../arm-none-eabi/lib/thumb2/libc.a(lib_a-fvwrite.o) (memmove)
/work/tools/arm-2012.09/bin/../arm-none-eabi/lib/thumb2/libc.a(lib_a-memset.o)
                              /work/tools/arm-2012.09/bin/../arm-none-eabi/lib/thumb2/libc.a(lib_a-findfp.o) (memset)
/work/tools/arm-2012.09/bin/../arm-none-eabi/lib/thumb2/libc.a(lib_a-mlock.o)
                              /work/tools/arm-2012.09/bin/../arm-none-eabi/lib/thumb2/libc.a(lib_a-freer.o) (__malloc_lock)
/work/tools/arm-2012.09/bin/../arm-none-eabi/lib/thumb2/libc.a(lib_a-reallocr.o)
                              /work/tools/arm-2012.09/bin/../arm-none-eabi/lib/thumb2/libc.a(lib_a-fvwrite.o) (_realloc_r)
/work/tools/arm-2012.09/bin/../arm-none-eabi/lib/thumb2/libc.a(lib_a-sbrkr.o)
                              /work/tools/arm-2012.09/bin/../arm-none-eabi/lib/thumb2/libc.a(lib_a-freer.o) (_sbrk_r)
/work/tools/arm-2012.09/bin/../arm-none-eabi/lib/thumb2/libc.a(lib_a-stdio.o)
                              /work/tools/arm-2012.09/bin/../arm-none-eabi/lib/thumb2/libc.a(lib_a-findfp.o) (__sread)
/work/tools/arm-2012.09/bin/../arm-none-eabi/lib/thumb2/libc.a(lib_a-strcmp.o)
                              /work/tools/arm-2012.09/bin/../arm-none-eabi/lib/thumb2/libc.a(lib_a-locale.o) (strcmp)
/work/tools/arm-2012.09/bin/../arm-none-eabi/lib/thumb2/libc.a(lib_a-strlen.o)
                              /work/tools/arm-2012.09/bin/../arm-none-eabi/lib/thumb2/libc.a(lib_a-vfiprintf.o) (strlen)
/work/tools/arm-2012.09/bin/../arm-none-eabi/lib/thumb2/libc.a(lib_a-wbuf.o)
                              /work/tools/arm-2012.09/bin/../arm-none-eabi/lib/thumb2/libc.a(lib_a-fputwc.o) (__swbuf_r)
/work/tools/arm-2012.09/bin/../arm-none-eabi/lib/thumb2/libc.a(lib_a-wcrtomb.o)
[...]
Memory Configuration

Name             Origin             Length             Attributes
rom              0x00400000         0x00040000         xr
ram              0x20000000         0x0000c000         xrw
*default*        0x00000000         0xffffffff

Linker script and memory map

LOAD /work/tools/arm-2012.09/bin/../lib/gcc/arm-none-eabi/4.7.2/thumb2/crti.o
LOAD /work/tools/arm-2012.09/bin/../lib/gcc/arm-none-eabi/4.7.2/thumb2/crtbegin.o
LOAD obj/flash_device_descriptor.o
LOAD obj/flash_main.o
START GROUP
LOAD /work/tools/arm-2012.09/bin/../lib/gcc/arm-none-eabi/4.7.2/thumb2/libgcc.a
LOAD /work/tools/arm-2012.09/bin/../arm-none-eabi/lib/thumb2/libc.a
LOAD ../../../../libraries/libchip_sam3s/lib/libchip_sam3s4_gcc_dbg.a
LOAD ../../../../libraries/libboard_sam3s-ek/lib/libboard_sam3s_ek_gcc_dbg.a
LOAD ../../../../libraries/memories/lib/libmemories_sam3s_gcc_dbg.a
LOAD ../../../../libraries/usb/lib/libusb_sam3s_gcc_dbg.a
END GROUP
START GROUP
LOAD /work/tools/arm-2012.09/bin/../lib/gcc/arm-none-eabi/4.7.2/thumb2/libgcc.a
LOAD /work/tools/arm-2012.09/bin/../arm-none-eabi/lib/thumb2/libc.a
END GROUP
LOAD /work/tools/arm-2012.09/bin/../lib/gcc/arm-none-eabi/4.7.2/thumb2/crtend.o
LOAD /work/tools/arm-2012.09/bin/../lib/gcc/arm-none-eabi/4.7.2/thumb2/crtn.o

.text           0x00400000     0xab24
                0x00400000                . = ALIGN (0x4)
                0x00400000                _sfixed = .
 *(.vectors .vectors.*)
 .vectors       0x00400000       0xd0 ../../../../libraries/libboard_sam3s-ek/lib/libboard_sam3s_ek_gcc_dbg.a(board_cstartup_gnu.o)
                0x00400000                exception_table
 *(.text .text.* .gnu.linkonce.t.*)
 .text          0x004000d0       0xc8 /work/tools/arm-2012.09/bin/../lib/gcc/arm-none-eabi/4.7.2/thumb2/crtbegin.o
 .text._UsbDataSent
                0x00400198        0xc obj/flash_main.o
 .text.ISR_Vbus
                0x004001a4       0x34 obj/flash_main.o
 .text._DebugLog.constprop.3
                0x004001d8       0x40 obj/flash_main.o
 .text._UsbDataReceived
                0x00400218       0x78 obj/flash_main.o
 .text.USBDCallbacks_Initialized
                0x00400290        0xc obj/flash_main.o
                0x00400290                USBDCallbacks_Initialized
 .text.USBDDriverCallbacks_ConfigurationChanged
                0x0040029c        0x4 obj/flash_main.o
                0x0040029c                USBDDriverCallbacks_ConfigurationChanged
 .text.USBDCallbacks_RequestReceived
                0x004002a0        0x4 obj/flash_main.o
                0x004002a0                USBDCallbacks_RequestReceived
 .text.TC0_IrqHandler
                0x004002a4       0xac obj/flash_main.o
                0x004002a4                TC0_IrqHandler
 .text.USART1_IrqHandler
                0x00400350       0xf4 obj/flash_main.o
                0x00400350                USART1_IrqHandler
 .text.startup.main
                0x00400444      0x320 obj/flash_main.o
                0x00400444                main
 .text          0x00400764       0x64 /work/tools/arm-2012.09/bin/../arm-none-eabi/lib/thumb2/libc.a(lib_a-iprintf.o)
                0x00400764                iprintf
                0x0040079c                _iprintf_r
 .text          0x004007c8      0xd10 /work/tools/arm-2012.09/bin/../arm-none-eabi/lib/thumb2/libc.a(lib_a-vfiprintf.o)
                0x004007c8                __sprint_r
                0x00400844                _vfiprintf_r
                0x004014bc                vfiprintf
 .text          0x004014d8      0x104 /work/tools/arm-2012.09/bin/../arm-none-eabi/lib/thumb2/libc.a(lib_a-wsetup.o)
                0x004014d8                __swsetup_r
 .text          0x004015dc      0x1c0 /work/tools/arm-2012.09/bin/../arm-none-eabi/lib/thumb2/libc.a(lib_a-fflush.o)
                0x004015dc                _fflush_r
                0x00401774                fflush
 .text          0x0040179c      0x1c8 /work/tools/arm-2012.09/bin/../arm-none-eabi/lib/thumb2/libc.a(lib_a-findfp.o)
                0x004017a4                _cleanup_r
                0x00401800                __sfmoreglue
                0x00401830                _cleanup
                0x00401840                __sinit
                0x0040189c                __sfp
                0x00401924                __sfp_lock_acquire
                0x00401928                __sfp_lock_release
                0x0040192c                __sinit_lock_acquire
                0x00401930                __sinit_lock_release
                0x00401934                __fp_lock_all
                0x0040194c                __fp_unlock_all
 .text          0x00401964      0x12c /work/tools/arm-2012.09/bin/../arm-none-eabi/lib/thumb2/libc.a(lib_a-fputwc.o)
                0x00401964                _fputwc_r
                0x00401a38                fputwc
 .text          0x00401a90      0x238 /work/tools/arm-2012.09/bin/../arm-none-eabi/lib/thumb2/libc.a(lib_a-freer.o)
                0x00401a90                _malloc_trim_r
                0x00401b34                _free_r
 .text          0x00401cc8      0x31c /work/tools/arm-2012.09/bin/../arm-none-eabi/lib/thumb2/libc.a(lib_a-fvwrite.o)
                0x00401cc8                __sfvwrite_r
 .text          0x00401fe4       0xa0 /work/tools/arm-2012.09/bin/../arm-none-eabi/lib/thumb2/libc.a(lib_a-fwalk.o)
                0x00401fe4                _fwalk
                0x00402030                _fwalk_reent
 .text          0x00402084       0x9c /work/tools/arm-2012.09/bin/../arm-none-eabi/lib/thumb2/libc.a(lib_a-locale.o)
                0x00402084                _setlocale_r
                0x004020d8                __locale_charset
                0x004020e4                __locale_mb_cur_max
                0x004020f0                __locale_msgcharset
                0x004020f8                __locale_cjk_lang
                0x004020fc                _localeconv_r
                0x00402104                setlocale
                0x00402118                localeconv
 .text          0x00402120       0xf0 /work/tools/arm-2012.09/bin/../arm-none-eabi/lib/thumb2/libc.a(lib_a-makebuf.o)
                0x00402120                __smakebuf_r
 .text          0x00402210      0x598 /work/tools/arm-2012.09/bin/../arm-none-eabi/lib/thumb2/libc.a(lib_a-mallocr.o)
                0x00402210                _malloc_r
 .text          0x004027a8       0x94 /work/tools/arm-2012.09/bin/../arm-none-eabi/lib/thumb2/libc.a(lib_a-memchr.o)
                0x004027a8                memchr
 .text          0x0040283c      0x174 /work/tools/arm-2012.09/bin/../arm-none-eabi/lib/thumb2/libc.a(lib_a-memcpy.o)
                0x0040283c                memcpy
 .text          0x004029b0       0xcc /work/tools/arm-2012.09/bin/../arm-none-eabi/lib/thumb2/libc.a(lib_a-memmove.o)
                0x004029b0                memmove
 .text          0x00402a7c       0xcc /work/tools/arm-2012.09/bin/../arm-none-eabi/lib/thumb2/libc.a(lib_a-memset.o)
                0x00402a7c                memset
 .text          0x00402b48        0x8 /work/tools/arm-2012.09/bin/../arm-none-eabi/lib/thumb2/libc.a(lib_a-mlock.o)
                0x00402b48                __malloc_lock
                0x00402b4c                __malloc_unlock
 .text          0x00402b50      0x3cc /work/tools/arm-2012.09/bin/../arm-none-eabi/lib/thumb2/libc.a(lib_a-reallocr.o)
                0x00402b50                _realloc_r
 .text          0x00402f1c       0x28 /work/tools/arm-2012.09/bin/../arm-none-eabi/lib/thumb2/libc.a(lib_a-sbrkr.o)
                0x00402f1c                _sbrk_r
 .text          0x00402f44       0x8c /work/tools/arm-2012.09/bin/../arm-none-eabi/lib/thumb2/libc.a(lib_a-stdio.o)
                0x00402f44                __sread
                0x00402f68                __seofread
                0x00402f6c                __swrite
                0x00402fa8                __sseek
                0x00402fc8                __sclose
 .text          0x00402fd0      0x1dc /work/tools/arm-2012.09/bin/../arm-none-eabi/lib/thumb2/libc.a(lib_a-strcmp.o)
                0x00402fd0                strcmp
 .text          0x004031ac       0x60 /work/tools/arm-2012.09/bin/../arm-none-eabi/lib/thumb2/libc.a(lib_a-strlen.o)
                0x004031ac                strlen
 .text          0x0040320c      0x100 /work/tools/arm-2012.09/bin/../arm-none-eabi/lib/thumb2/libc.a(lib_a-wbuf.o)
                0x0040320c                __swbuf_r
                0x004032f8                __swbuf
 .text          0x0040330c       0xbc /work/tools/arm-2012.09/bin/../arm-none-eabi/lib/thumb2/libc.a(lib_a-wcrtomb.o)
                0x0040330c                _wcrtomb_r
                0x00403364                wcrtomb
 .text          0x004033c8       0x48 /work/tools/arm-2012.09/bin/../arm-none-eabi/lib/thumb2/libc.a(lib_a-wctomb_r.o)
                0x004033c8                __ascii_wctomb
                0x004033e0                _wctomb_r
 .text          0x00403410       0x2c /work/tools/arm-2012.09/bin/../arm-none-eabi/lib/thumb2/libc.a(lib_a-writer.o)
                0x00403410                _write_r
 .text          0x0040343c       0x28 /work/tools/arm-2012.09/bin/../arm-none-eabi/lib/thumb2/libc.a(lib_a-closer.o)
                0x0040343c                _close_r
 .text          0x00403464       0xc8 /work/tools/arm-2012.09/bin/../arm-none-eabi/lib/thumb2/libc.a(lib_a-fclose.o)
                0x00403464                _fclose_r
                0x0040351c                fclose
 .text          0x0040352c       0x28 /work/tools/arm-2012.09/bin/../arm-none-eabi/lib/thumb2/libc.a(lib_a-fstatr.o)
                0x0040352c                _fstat_r
 .text          0x00403554       0x28 /work/tools/arm-2012.09/bin/../arm-none-eabi/lib/thumb2/libc.a(lib_a-isattyr.o)
                0x00403554                _isatty_r
 .text          0x0040357c       0x2c /work/tools/arm-2012.09/bin/../arm-none-eabi/lib/thumb2/libc.a(lib_a-lseekr.o)
                0x0040357c                _lseek_r
 .text          0x004035a8       0x2c /work/tools/arm-2012.09/bin/../arm-none-eabi/lib/thumb2/libc.a(lib_a-readr.o)
                0x004035a8                _read_r
 .text.NVIC_EnableIRQ
                0x004035d4       0x34 ../../../../libraries/libchip_sam3s/lib/libchip_sam3s4_gcc_dbg.a(pio_it.o)
 .text.NVIC_DisableIRQ
                0x00403608       0x38 ../../../../libraries/libchip_sam3s/lib/libchip_sam3s4_gcc_dbg.a(pio_it.o)
 .text.NVIC_ClearPendingIRQ
                0x00403640       0x38 ../../../../libraries/libchip_sam3s/lib/libchip_sam3s4_gcc_dbg.a(pio_it.o)
 .text.NVIC_SetPriority
                0x00403678       0x58 ../../../../libraries/libchip_sam3s/lib/libchip_sam3s4_gcc_dbg.a(pio_it.o)
 .text.PioInterruptHandler
                0x004036d0       0xc0 ../../../../libraries/libchip_sam3s/lib/libchip_sam3s4_gcc_dbg.a(pio_it.o)
                0x004036d0                PioInterruptHandler
 .text.PIOA_IrqHandler
                0x00403790       0x2c ../../../../libraries/libchip_sam3s/lib/libchip_sam3s4_gcc_dbg.a(pio_it.o)
                0x00403790                PIOA_IrqHandler
 .text.PIOB_IrqHandler
                0x004037bc       0x18 ../../../../libraries/libchip_sam3s/lib/libchip_sam3s4_gcc_dbg.a(pio_it.o)
                0x004037bc                PIOB_IrqHandler
 .text.PIOC_IrqHandler
                0x004037d4       0x18 ../../../../libraries/libchip_sam3s/lib/libchip_sam3s4_gcc_dbg.a(pio_it.o)
                0x004037d4                PIOC_IrqHandler
 .text.PIO_InitializeInterrupts
                0x004037ec       0xa4 ../../../../libraries/libchip_sam3s/lib/libchip_sam3s4_gcc_dbg.a(pio_it.o)
                0x004037ec                PIO_InitializeInterrupts
 .text.PIO_ConfigureIt
                0x00403890       0xec ../../../../libraries/libchip_sam3s/lib/libchip_sam3s4_gcc_dbg.a(pio_it.o)
                0x00403890                PIO_ConfigureIt
 .text.PIO_EnableIt
                0x0040397c       0xa0 ../../../../libraries/libchip_sam3s/lib/libchip_sam3s4_gcc_dbg.a(pio_it.o)
                0x0040397c                PIO_EnableIt
 .text.PIO_SetPeripheralA
                0x00403a1c       0x74 ../../../../libraries/libchip_sam3s/lib/libchip_sam3s4_gcc_dbg.a(pio.o)
 .text.PIO_SetPeripheralB
                0x00403a90       0x68 ../../../../libraries/libchip_sam3s/lib/libchip_sam3s4_gcc_dbg.a(pio.o)
 .text.PIO_SetPeripheralC
                0x00403af8       0x68 ../../../../libraries/libchip_sam3s/lib/libchip_sam3s4_gcc_dbg.a(pio.o)
 .text.PIO_SetPeripheralD
                0x00403b60       0x5c ../../../../libraries/libchip_sam3s/lib/libchip_sam3s4_gcc_dbg.a(pio.o)
 .text.PIO_SetInput
                0x00403bbc       0x84 ../../../../libraries/libchip_sam3s/lib/libchip_sam3s4_gcc_dbg.a(pio.o)
 .text.PIO_SetOutput
                0x00403c40       0x6c ../../../../libraries/libchip_sam3s/lib/libchip_sam3s4_gcc_dbg.a(pio.o)
 .text.PIO_Configure
                0x00403cac      0x158 ../../../../libraries/libchip_sam3s/lib/libchip_sam3s4_gcc_dbg.a(pio.o)
                0x00403cac                PIO_Configure
 .text.PIO_Get  0x00403e04       0x54 ../../../../libraries/libchip_sam3s/lib/libchip_sam3s4_gcc_dbg.a(pio.o)
                0x00403e04                PIO_Get
 .text.PMC_EnablePeripheral
                0x00403e58       0xc4 ../../../../libraries/libchip_sam3s/lib/libchip_sam3s4_gcc_dbg.a(pmc.o)
                0x00403e58                PMC_EnablePeripheral
 .text.PMC_DisablePeripheral
                0x00403f1c       0xc4 ../../../../libraries/libchip_sam3s/lib/libchip_sam3s4_gcc_dbg.a(pmc.o)
                0x00403f1c                PMC_DisablePeripheral
 .text.PMC_IsPeriphEnabled
                0x00403fe0       0x84 ../../../../libraries/libchip_sam3s/lib/libchip_sam3s4_gcc_dbg.a(pmc.o)
                0x00403fe0                PMC_IsPeriphEnabled
 .text.TC_Configure
                0x00404064       0x68 ../../../../libraries/libchip_sam3s/lib/libchip_sam3s4_gcc_dbg.a(tc.o)
                0x00404064                TC_Configure
 .text.TC_Start
                0x004040cc       0x54 ../../../../libraries/libchip_sam3s/lib/libchip_sam3s4_gcc_dbg.a(tc.o)
                0x004040cc                TC_Start
 .text.TC_Stop  0x00404120       0x54 ../../../../libraries/libchip_sam3s/lib/libchip_sam3s4_gcc_dbg.a(tc.o)
                0x00404120                TC_Stop
 .text.TC_FindMckDivisor
                0x00404174       0xd8 ../../../../libraries/libchip_sam3s/lib/libchip_sam3s4_gcc_dbg.a(tc.o)
                0x00404174                TC_FindMckDivisor
 .text.WDT_Disable
                0x0040424c       0x1c ../../../../libraries/libchip_sam3s/lib/libchip_sam3s4_gcc_dbg.a(wdt.o)
                0x0040424c                WDT_Disable
 .text.PIO_CaptureHandler
                0x00404268      0x104 ../../../../libraries/libchip_sam3s/lib/libchip_sam3s4_gcc_dbg.a(pio_capture.o)
                0x00404268                PIO_CaptureHandler
 .text.USART_Configure
                0x0040436c       0x90 ../../../../libraries/libchip_sam3s/lib/libchip_sam3s4_gcc_dbg.a(usart.o)
                0x0040436c                USART_Configure
 .text.USART_SetTransmitterEnabled
                0x004043fc       0x30 ../../../../libraries/libchip_sam3s/lib/libchip_sam3s4_gcc_dbg.a(usart.o)
                0x004043fc                USART_SetTransmitterEnabled
 .text.USART_SetReceiverEnabled
                0x0040442c       0x30 ../../../../libraries/libchip_sam3s/lib/libchip_sam3s4_gcc_dbg.a(usart.o)
                0x0040442c                USART_SetReceiverEnabled
 .text.USART_WriteBuffer
                0x0040445c       0x78 ../../../../libraries/libchip_sam3s/lib/libchip_sam3s4_gcc_dbg.a(usart.o)
                0x0040445c                USART_WriteBuffer
 .text.USART_ReadBuffer
                0x004044d4       0x78 ../../../../libraries/libchip_sam3s/lib/libchip_sam3s4_gcc_dbg.a(usart.o)
                0x004044d4                USART_ReadBuffer
 .text._sbrk    0x0040454c       0x40 ../../../../libraries/libboard_sam3s-ek/lib/libboard_sam3s_ek_gcc_dbg.a(syscalls.o)
                0x0040454c                _sbrk
 .text._close   0x0040458c       0x18 ../../../../libraries/libboard_sam3s-ek/lib/libboard_sam3s_ek_gcc_dbg.a(syscalls.o)
                0x0040458c                _close
 .text._fstat   0x004045a4       0x24 ../../../../libraries/libboard_sam3s-ek/lib/libboard_sam3s_ek_gcc_dbg.a(syscalls.o)
                0x004045a4                _fstat
 .text._isatty  0x004045c8       0x18 ../../../../libraries/libboard_sam3s-ek/lib/libboard_sam3s_ek_gcc_dbg.a(syscalls.o)
                0x004045c8                _isatty
 .text._lseek   0x004045e0       0x1c ../../../../libraries/libboard_sam3s-ek/lib/libboard_sam3s_ek_gcc_dbg.a(syscalls.o)
                0x004045e0                _lseek
 .text._read    0x004045fc       0x1c ../../../../libraries/libboard_sam3s-ek/lib/libboard_sam3s_ek_gcc_dbg.a(syscalls.o)
                0x004045fc                _read
 .text._write   0x00404618       0x3c ../../../../libraries/libboard_sam3s-ek/lib/libboard_sam3s_ek_gcc_dbg.a(syscalls.o)
                0x00404618                _write
 .text._exit    0x00404654       0x1c ../../../../libraries/libboard_sam3s-ek/lib/libboard_sam3s_ek_gcc_dbg.a(syscalls.o)
                0x00404654                _exit
 .text._kill    0x00404670       0x18 ../../../../libraries/libboard_sam3s-ek/lib/libboard_sam3s_ek_gcc_dbg.a(syscalls.o)
                0x00404670                _kill
 .text._getpid  0x00404688       0x10 ../../../../libraries/libboard_sam3s-ek/lib/libboard_sam3s_ek_gcc_dbg.a(syscalls.o)
                0x00404688                _getpid
 .text.ResetException
                0x00404698       0xc0 ../../../../libraries/libboard_sam3s-ek/lib/libboard_sam3s_ek_gcc_dbg.a(board_cstartup_gnu.o)
                0x00404698                ResetException
 .text.LowLevelInit
                0x00404758      0x184 ../../../../libraries/libboard_sam3s-ek/lib/libboard_sam3s_ek_gcc_dbg.a(board_lowlevel.o)
                0x00404758                LowLevelInit
 .text.UART_Configure
                0x004048dc       0x88 ../../../../libraries/libboard_sam3s-ek/lib/libboard_sam3s_ek_gcc_dbg.a(uart_console.o)
                0x004048dc                UART_Configure
 .text.UART_GetChar
                0x00404964       0x48 ../../../../libraries/libboard_sam3s-ek/lib/libboard_sam3s_ek_gcc_dbg.a(uart_console.o)
                0x00404964                UART_GetChar
 .text.UART_IsRxReady
                0x004049ac       0x48 ../../../../libraries/libboard_sam3s-ek/lib/libboard_sam3s_ek_gcc_dbg.a(uart_console.o)
                0x004049ac                UART_IsRxReady
 .text.CDCDSerial_EventHandler
                0x004049f4       0x78 ../../../../libraries/usb/lib/libusb_sam3s_gcc_dbg.a(CDCDSerial.o)
 .text.CDCDSerial_Initialize
                0x00404a6c       0x3c ../../../../libraries/usb/lib/libusb_sam3s_gcc_dbg.a(CDCDSerial.o)
                0x00404a6c                CDCDSerial_Initialize
 .text.CDCDSerial_ConfigureFunction
                0x00404aa8       0x2c ../../../../libraries/usb/lib/libusb_sam3s_gcc_dbg.a(CDCDSerial.o)
                0x00404aa8                CDCDSerial_ConfigureFunction
 .text.CDCDSerial_RequestHandler
                0x00404ad4       0x28 ../../../../libraries/usb/lib/libusb_sam3s_gcc_dbg.a(CDCDSerial.o)
                0x00404ad4                CDCDSerial_RequestHandler
 .text.CDCDSerial_Read
                0x00404afc       0x38 ../../../../libraries/usb/lib/libusb_sam3s_gcc_dbg.a(CDCDSerial.o)
                0x00404afc                CDCDSerial_Read
 .text.CDCDSerial_Write
                0x00404b34       0x38 ../../../../libraries/usb/lib/libusb_sam3s_gcc_dbg.a(CDCDSerial.o)
                0x00404b34                CDCDSerial_Write
 .text.CDCDSerial_GetControlLineState
                0x00404b6c       0x24 ../../../../libraries/usb/lib/libusb_sam3s_gcc_dbg.a(CDCDSerial.o)
                0x00404b6c                CDCDSerial_GetControlLineState
 .text.CDCDSerial_GetSerialState
                0x00404b90       0x24 ../../../../libraries/usb/lib/libusb_sam3s_gcc_dbg.a(CDCDSerial.o)
                0x00404b90                CDCDSerial_GetSerialState
 .text.CDCDSerial_SetSerialState
                0x00404bb4       0x28 ../../../../libraries/usb/lib/libusb_sam3s_gcc_dbg.a(CDCDSerial.o)
                0x00404bb4                CDCDSerial_SetSerialState
 .text.CDCDSerial_LineCodingIsToChange
                0x00404bdc       0x14 ../../../../libraries/usb/lib/libusb_sam3s_gcc_dbg.a(CDCDSerial.o)
                0x00404bdc                CDCDSerial_LineCodingIsToChange
 .text.CDCDSerial_ControlLineStateChanged
                0x00404bf0       0x18 ../../../../libraries/usb/lib/libusb_sam3s_gcc_dbg.a(CDCDSerial.o)
                0x00404bf0                CDCDSerial_ControlLineStateChanged
 .text.CDCDSerialDriver_Initialize
                0x00404c08       0x40 ../../../../libraries/usb/lib/libusb_sam3s_gcc_dbg.a(CDCDSerialDriver.o)
                0x00404c08                CDCDSerialDriver_Initialize
 .text.CDCDSerialDriver_ConfigurationChangedHandler
                0x00404c48       0x44 ../../../../libraries/usb/lib/libusb_sam3s_gcc_dbg.a(CDCDSerialDriver.o)
                0x00404c48                CDCDSerialDriver_ConfigurationChangedHandler
 .text.CDCDSerialDriver_RequestHandler
                0x00404c8c       0x38 ../../../../libraries/usb/lib/libusb_sam3s_gcc_dbg.a(CDCDSerialDriver.o)
                0x00404c8c                CDCDSerialDriver_RequestHandler
 .text._Interfaces_Parse
                0x00404cc4      0x130 ../../../../libraries/usb/lib/libusb_sam3s_gcc_dbg.a(CDCDSerialPort.o)
 .text._SetLineCodingCallback
                0x00404df4       0x94 ../../../../libraries/usb/lib/libusb_sam3s_gcc_dbg.a(CDCDSerialPort.o)
 .text._SetLineCoding
                0x00404e88       0x30 ../../../../libraries/usb/lib/libusb_sam3s_gcc_dbg.a(CDCDSerialPort.o)
 .text._GetLineCoding
                0x00404eb8       0x34 ../../../../libraries/usb/lib/libusb_sam3s_gcc_dbg.a(CDCDSerialPort.o)
 .text._SetControlLineState
                0x00404eec       0x80 ../../../../libraries/usb/lib/libusb_sam3s_gcc_dbg.a(CDCDSerialPort.o)
 .text.CDCDSerialPort_Initialize
                0x00404f6c       0x84 ../../../../libraries/usb/lib/libusb_sam3s_gcc_dbg.a(CDCDSerialPort.o)
                0x00404f6c                CDCDSerialPort_Initialize
 .text.CDCDSerialPort_ParseInterfaces
                0x00404ff0       0x38 ../../../../libraries/usb/lib/libusb_sam3s_gcc_dbg.a(CDCDSerialPort.o)
                0x00404ff0                CDCDSerialPort_ParseInterfaces
 .text.CDCDSerialPort_RequestHandler
                0x00405028       0x9c ../../../../libraries/usb/lib/libusb_sam3s_gcc_dbg.a(CDCDSerialPort.o)
                0x00405028                CDCDSerialPort_RequestHandler
 .text.CDCDSerialPort_Read
                0x004050c4       0x40 ../../../../libraries/usb/lib/libusb_sam3s_gcc_dbg.a(CDCDSerialPort.o)
                0x004050c4                CDCDSerialPort_Read
 .text.CDCDSerialPort_Write
                0x00405104       0x40 ../../../../libraries/usb/lib/libusb_sam3s_gcc_dbg.a(CDCDSerialPort.o)
                0x00405104                CDCDSerialPort_Write
 .text.CDCDSerialPort_GetControlLineState
                0x00405144       0x18 ../../../../libraries/usb/lib/libusb_sam3s_gcc_dbg.a(CDCDSerialPort.o)
                0x00405144                CDCDSerialPort_GetControlLineState
 .text.CDCDSerialPort_GetSerialState
                0x0040515c       0x18 ../../../../libraries/usb/lib/libusb_sam3s_gcc_dbg.a(CDCDSerialPort.o)
                0x0040515c                CDCDSerialPort_GetSerialState
 .text.CDCDSerialPort_SetSerialState
                0x00405174       0x64 ../../../../libraries/usb/lib/libusb_sam3s_gcc_dbg.a(CDCDSerialPort.o)
                0x00405174                CDCDSerialPort_SetSerialState
 .text.USBD_SuspendHandler
                0x004051d8       0x38 ../../../../libraries/usb/lib/libusb_sam3s_gcc_dbg.a(USBD.o)
                0x004051d8                USBD_SuspendHandler
 .text.USBD_ResumeHandler
                0x00405210       0x38 ../../../../libraries/usb/lib/libusb_sam3s_gcc_dbg.a(USBD.o)
                0x00405210                USBD_ResumeHandler
 .text.USBD_ResetHandler
                0x00405248       0x44 ../../../../libraries/usb/lib/libusb_sam3s_gcc_dbg.a(USBD.o)
                0x00405248                USBD_ResetHandler
 .text.USBD_RequestHandler
                0x0040528c       0x38 ../../../../libraries/usb/lib/libusb_sam3s_gcc_dbg.a(USBD.o)
                0x0040528c                USBD_RequestHandler
 .text.USBD_ConfigureEndpoint
                0x004052c4       0x1c ../../../../libraries/usb/lib/libusb_sam3s_gcc_dbg.a(USBD.o)
                0x004052c4                USBD_ConfigureEndpoint
 .text.USBD_Write
                0x004052e0       0x3c ../../../../libraries/usb/lib/libusb_sam3s_gcc_dbg.a(USBD.o)
                0x004052e0                USBD_Write
 .text.USBD_Read
                0x0040531c       0x3c ../../../../libraries/usb/lib/libusb_sam3s_gcc_dbg.a(USBD.o)
                0x0040531c                USBD_Read
 .text.USBD_Halt
                0x00405358       0x24 ../../../../libraries/usb/lib/libusb_sam3s_gcc_dbg.a(USBD.o)
                0x00405358                USBD_Halt
 .text.USBD_Unhalt
                0x0040537c       0x24 ../../../../libraries/usb/lib/libusb_sam3s_gcc_dbg.a(USBD.o)
                0x0040537c                USBD_Unhalt
 .text.USBD_IsHighSpeed
                0x004053a0       0x14 ../../../../libraries/usb/lib/libusb_sam3s_gcc_dbg.a(USBD.o)
                0x004053a0                USBD_IsHighSpeed
 .text.USBD_Stall
                0x004053b4       0x24 ../../../../libraries/usb/lib/libusb_sam3s_gcc_dbg.a(USBD.o)
                0x004053b4                USBD_Stall
 .text.USBD_SetAddress
                0x004053d8       0x3c ../../../../libraries/usb/lib/libusb_sam3s_gcc_dbg.a(USBD.o)
                0x004053d8                USBD_SetAddress
 .text.USBD_SetConfiguration
                0x00405414       0x50 ../../../../libraries/usb/lib/libusb_sam3s_gcc_dbg.a(USBD.o)
                0x00405414                USBD_SetConfiguration
 .text.USBD_Connect
                0x00405464       0x10 ../../../../libraries/usb/lib/libusb_sam3s_gcc_dbg.a(USBD.o)
                0x00405464                USBD_Connect
 .text.USBD_Disconnect
                0x00405474       0x38 ../../../../libraries/usb/lib/libusb_sam3s_gcc_dbg.a(USBD.o)
                0x00405474                USBD_Disconnect
 .text.USBD_Init
                0x004054ac       0x30 ../../../../libraries/usb/lib/libusb_sam3s_gcc_dbg.a(USBD.o)
                0x004054ac                USBD_Init
 .text.USBD_GetState
                0x004054dc       0x14 ../../../../libraries/usb/lib/libusb_sam3s_gcc_dbg.a(USBD.o)
                0x004054dc                USBD_GetState
 .text.USBDCallbacks_Reset
                0x004054f0        0xc ../../../../libraries/usb/lib/libusb_sam3s_gcc_dbg.a(USBDCallbacks.o)
                0x004054f0                USBDCallbacks_Reset
 .text.USBDCallbacks_Suspended
                0x004054fc        0xc ../../../../libraries/usb/lib/libusb_sam3s_gcc_dbg.a(USBDCallbacks.o)
                0x004054fc                USBDCallbacks_Suspended
 .text.USBDCallbacks_Resumed
                0x00405508        0xc ../../../../libraries/usb/lib/libusb_sam3s_gcc_dbg.a(USBDCallbacks.o)
                0x00405508                USBDCallbacks_Resumed
 .text.TerminateCtrlInWithNull
                0x00405514       0x38 ../../../../libraries/usb/lib/libusb_sam3s_gcc_dbg.a(USBDDriver.o)
 .text.SetConfiguration
                0x0040554c       0xe4 ../../../../libraries/usb/lib/libusb_sam3s_gcc_dbg.a(USBDDriver.o)
 .text.GetConfiguration
                0x00405630       0x34 ../../../../libraries/usb/lib/libusb_sam3s_gcc_dbg.a(USBDDriver.o)
 .text.GetDeviceStatus
                0x00405664       0x94 ../../../../libraries/usb/lib/libusb_sam3s_gcc_dbg.a(USBDDriver.o)
 .text.GetEndpointStatus
                0x004056f8       0x74 ../../../../libraries/usb/lib/libusb_sam3s_gcc_dbg.a(USBDDriver.o)
 .text.GetDescriptor
                0x0040576c      0x27c ../../../../libraries/usb/lib/libusb_sam3s_gcc_dbg.a(USBDDriver.o)
 .text.SetInterface
                0x004059e8       0x78 ../../../../libraries/usb/lib/libusb_sam3s_gcc_dbg.a(USBDDriver.o)
 .text.GetInterface
                0x00405a60       0x50 ../../../../libraries/usb/lib/libusb_sam3s_gcc_dbg.a(USBDDriver.o)
 .text.USBD_GetDriver
                0x00405ab0       0x14 ../../../../libraries/usb/lib/libusb_sam3s_gcc_dbg.a(USBDDriver.o)
                0x00405ab0                USBD_GetDriver
 .text.USBDDriver_Initialize
                0x00405ac4       0x34 ../../../../libraries/usb/lib/libusb_sam3s_gcc_dbg.a(USBDDriver.o)
                0x00405ac4                USBDDriver_Initialize
 .text.USBDDriver_GetCfgDescriptors
                0x00405af8       0x44 ../../../../libraries/usb/lib/libusb_sam3s_gcc_dbg.a(USBDDriver.o)
                0x00405af8                USBDDriver_GetCfgDescriptors
 .text.USBDDriver_RequestHandler
                0x00405b3c      0x378 ../../../../libraries/usb/lib/libusb_sam3s_gcc_dbg.a(USBDDriver.o)
                0x00405b3c                USBDDriver_RequestHandler
 .text.USBDDriverCallbacks_InterfaceSettingChanged
                0x00405eb4       0x18 ../../../../libraries/usb/lib/libusb_sam3s_gcc_dbg.a(USBDDriverCallbacks.o)
                0x00405eb4                USBDDriverCallbacks_InterfaceSettingChanged
 .text.CDCLineCoding_Initialize
                0x00405ecc       0x30 ../../../../libraries/usb/lib/libusb_sam3s_gcc_dbg.a(CDCLineCoding.o)
                0x00405ecc                CDCLineCoding_Initialize
 .text.USBGenericDescriptor_GetLength
                0x00405efc       0x18 ../../../../libraries/usb/lib/libusb_sam3s_gcc_dbg.a(USBDescriptors.o)
                0x00405efc                USBGenericDescriptor_GetLength
 .text.USBGenericDescriptor_GetType
                0x00405f14       0x18 ../../../../libraries/usb/lib/libusb_sam3s_gcc_dbg.a(USBDescriptors.o)
                0x00405f14                USBGenericDescriptor_GetType
 .text.USBGenericDescriptor_GetNextDescriptor
                0x00405f2c       0x24 ../../../../libraries/usb/lib/libusb_sam3s_gcc_dbg.a(USBDescriptors.o)
                0x00405f2c                USBGenericDescriptor_GetNextDescriptor
 .text.USBGenericDescriptor_Parse
                0x00405f50       0x74 ../../../../libraries/usb/lib/libusb_sam3s_gcc_dbg.a(USBDescriptors.o)
                0x00405f50                USBGenericDescriptor_Parse
 .text.USBEndpointDescriptor_GetNumber
                0x00405fc4       0x20 ../../../../libraries/usb/lib/libusb_sam3s_gcc_dbg.a(USBDescriptors.o)
                0x00405fc4                USBEndpointDescriptor_GetNumber
 .text.USBEndpointDescriptor_GetDirection
                0x00405fe4       0x2c ../../../../libraries/usb/lib/libusb_sam3s_gcc_dbg.a(USBDescriptors.o)
                0x00405fe4                USBEndpointDescriptor_GetDirection
 .text.USBEndpointDescriptor_GetType
                0x00406010       0x20 ../../../../libraries/usb/lib/libusb_sam3s_gcc_dbg.a(USBDescriptors.o)
                0x00406010                USBEndpointDescriptor_GetType
 .text.USBEndpointDescriptor_GetMaxPacketSize
                0x00406030       0x1c ../../../../libraries/usb/lib/libusb_sam3s_gcc_dbg.a(USBDescriptors.o)
                0x00406030                USBEndpointDescriptor_GetMaxPacketSize
 .text.USBConfigurationDescriptor_GetTotalLength
                0x0040604c       0x1c ../../../../libraries/usb/lib/libusb_sam3s_gcc_dbg.a(USBDescriptors.o)
                0x0040604c                USBConfigurationDescriptor_GetTotalLength
 .text.USBConfigurationDescriptor_IsSelfPowered
                0x00406068       0x2c ../../../../libraries/usb/lib/libusb_sam3s_gcc_dbg.a(USBDescriptors.o)
                0x00406068                USBConfigurationDescriptor_IsSelfPowered
 .text.USBConfigurationDescriptor_Parse
                0x00406094       0xdc ../../../../libraries/usb/lib/libusb_sam3s_gcc_dbg.a(USBDescriptors.o)
                0x00406094                USBConfigurationDescriptor_Parse
 .text.USBGenericRequest_GetType
                0x00406170       0x24 ../../../../libraries/usb/lib/libusb_sam3s_gcc_dbg.a(USBRequests.o)
                0x00406170                USBGenericRequest_GetType
 .text.USBGenericRequest_GetRequest
                0x00406194       0x18 ../../../../libraries/usb/lib/libusb_sam3s_gcc_dbg.a(USBRequests.o)
                0x00406194                USBGenericRequest_GetRequest
 .text.USBGenericRequest_GetValue
                0x004061ac       0x18 ../../../../libraries/usb/lib/libusb_sam3s_gcc_dbg.a(USBRequests.o)
                0x004061ac                USBGenericRequest_GetValue
 .text.USBGenericRequest_GetIndex
                0x004061c4       0x18 ../../../../libraries/usb/lib/libusb_sam3s_gcc_dbg.a(USBRequests.o)
                0x004061c4                USBGenericRequest_GetIndex
 .text.USBGenericRequest_GetLength
                0x004061dc       0x18 ../../../../libraries/usb/lib/libusb_sam3s_gcc_dbg.a(USBRequests.o)
                0x004061dc                USBGenericRequest_GetLength
 .text.USBGenericRequest_GetEndpointNumber
                0x004061f4       0x28 ../../../../libraries/usb/lib/libusb_sam3s_gcc_dbg.a(USBRequests.o)
                0x004061f4                USBGenericRequest_GetEndpointNumber
 .text.USBGenericRequest_GetRecipient
                0x0040621c       0x20 ../../../../libraries/usb/lib/libusb_sam3s_gcc_dbg.a(USBRequests.o)
                0x0040621c                USBGenericRequest_GetRecipient
 .text.USBGenericRequest_GetDirection
                0x0040623c       0x2c ../../../../libraries/usb/lib/libusb_sam3s_gcc_dbg.a(USBRequests.o)
                0x0040623c                USBGenericRequest_GetDirection
 .text.USBGetDescriptorRequest_GetDescriptorType
                0x00406268       0x28 ../../../../libraries/usb/lib/libusb_sam3s_gcc_dbg.a(USBRequests.o)
                0x00406268                USBGetDescriptorRequest_GetDescriptorType
 .text.USBGetDescriptorRequest_GetDescriptorIndex
                0x00406290       0x20 ../../../../libraries/usb/lib/libusb_sam3s_gcc_dbg.a(USBRequests.o)
                0x00406290                USBGetDescriptorRequest_GetDescriptorIndex
 .text.USBSetAddressRequest_GetAddress
                0x004062b0       0x28 ../../../../libraries/usb/lib/libusb_sam3s_gcc_dbg.a(USBRequests.o)
                0x004062b0                USBSetAddressRequest_GetAddress
 .text.USBSetConfigurationRequest_GetConfiguration
                0x004062d8       0x20 ../../../../libraries/usb/lib/libusb_sam3s_gcc_dbg.a(USBRequests.o)
                0x004062d8                USBSetConfigurationRequest_GetConfiguration
 .text.USBInterfaceRequest_GetInterface
                0x004062f8       0x20 ../../../../libraries/usb/lib/libusb_sam3s_gcc_dbg.a(USBRequests.o)
                0x004062f8                USBInterfaceRequest_GetInterface
 .text.USBInterfaceRequest_GetAlternateSetting
                0x00406318       0x20 ../../../../libraries/usb/lib/libusb_sam3s_gcc_dbg.a(USBRequests.o)
                0x00406318                USBInterfaceRequest_GetAlternateSetting
 .text.USBFeatureRequest_GetFeatureSelector
                0x00406338       0x20 ../../../../libraries/usb/lib/libusb_sam3s_gcc_dbg.a(USBRequests.o)
                0x00406338                USBFeatureRequest_GetFeatureSelector
 .text          0x00406358       0x2c /work/tools/arm-2012.09/bin/../lib/gcc/arm-none-eabi/4.7.2/thumb2/libgcc.a(_aeabi_uldivmod.o)
                0x00406358                __aeabi_uldivmod
 .text          0x00406384       0x60 /work/tools/arm-2012.09/bin/../lib/gcc/arm-none-eabi/4.7.2/thumb2/libgcc.a(bpabi.o)
                0x00406384                __gnu_ldivmod_helper
                0x004063b4                __gnu_uldivmod_helper
 .text          0x004063e4      0xa34 /work/tools/arm-2012.09/bin/../lib/gcc/arm-none-eabi/4.7.2/thumb2/libgcc.a(unwind-arm.o)
                0x004066bc                _Unwind_GetCFA
                0x004066c0                __gnu_Unwind_RaiseException
                0x00406720                __gnu_Unwind_ForcedUnwind
                0x00406738                __gnu_Unwind_Resume
                0x0040677c                __gnu_Unwind_Resume_or_Rethrow
                0x00406794                _Unwind_Complete
                0x00406798                _Unwind_DeleteException
                0x004067a8                _Unwind_VRS_Get
                0x004067f0                _Unwind_VRS_Set
                0x00406b24                __aeabi_unwind_cpp_pr2
                0x00406b2c                __aeabi_unwind_cpp_pr1
                0x00406b34                __aeabi_unwind_cpp_pr0
                0x00406b3c                __gnu_Unwind_Backtrace
                0x00406bac                _Unwind_VRS_Pop
 .text          0x00406e18      0x1ac /work/tools/arm-2012.09/bin/../lib/gcc/arm-none-eabi/4.7.2/thumb2/libgcc.a(libunwind.o)
                0x00406e18                __restore_core_regs
                0x00406e18                restore_core_regs
                0x00406e30                __gnu_Unwind_Restore_VFP
                0x00406e38                __gnu_Unwind_Save_VFP
                0x00406e40                __gnu_Unwind_Restore_VFP_D
                0x00406e48                __gnu_Unwind_Save_VFP_D
                0x00406e50                __gnu_Unwind_Restore_VFP_D_16_to_31
                0x00406e58                __gnu_Unwind_Save_VFP_D_16_to_31
                0x00406e60                __gnu_Unwind_Restore_WMMXD
                0x00406ea4                __gnu_Unwind_Save_WMMXD
                0x00406ee8                __gnu_Unwind_Restore_WMMXC
                0x00406efc                __gnu_Unwind_Save_WMMXC
                0x00406f10                ___Unwind_RaiseException
                0x00406f10                _Unwind_RaiseException
                0x00406f34                ___Unwind_Resume
                0x00406f34                _Unwind_Resume
                0x00406f58                _Unwind_Resume_or_Rethrow
                0x00406f58                ___Unwind_Resume_or_Rethrow
                0x00406f7c                ___Unwind_ForcedUnwind
                0x00406f7c                _Unwind_ForcedUnwind
                0x00406fa0                _Unwind_Backtrace
                0x00406fa0                ___Unwind_Backtrace
 .text          0x00406fc4      0x3a8 /work/tools/arm-2012.09/bin/../lib/gcc/arm-none-eabi/4.7.2/thumb2/libgcc.a(pr-support.o)
                0x00407014                __gnu_unwind_execute
                0x00407310                __gnu_unwind_frame
                0x0040733c                _Unwind_GetRegionStart
                0x00407348                _Unwind_GetLanguageSpecificData
                0x0040735c                _Unwind_GetDataRelBase
                0x00407364                _Unwind_GetTextRelBase
 .text          0x0040736c        0x4 /work/tools/arm-2012.09/bin/../lib/gcc/arm-none-eabi/4.7.2/thumb2/libgcc.a(_dvmd_tls.o)
                0x0040736c                __aeabi_ldiv0
                0x0040736c                __aeabi_idiv0
 .text          0x00407370      0x36c /work/tools/arm-2012.09/bin/../lib/gcc/arm-none-eabi/4.7.2/thumb2/libgcc.a(_divdi3.o)
                0x00407370                __divdi3
 .text          0x004076dc      0x314 /work/tools/arm-2012.09/bin/../lib/gcc/arm-none-eabi/4.7.2/thumb2/libgcc.a(_udivdi3.o)
                0x004076dc                __udivdi3
 .text          0x004079f0      0x278 /work/tools/arm-2012.09/bin/../lib/gcc/arm-none-eabi/4.7.2/thumb2/libgcc.a(_udivsi3.o)
                0x004079f0                __udivsi3
                0x004079f0                __aeabi_uidiv
                0x00407c4c                __aeabi_uidivmod
 .text          0x00407c68       0x10 /work/tools/arm-2012.09/bin/../arm-none-eabi/lib/thumb2/libc.a(lib_a-abort.o)
                0x00407c68                abort
 .text          0x00407c78       0x54 /work/tools/arm-2012.09/bin/../arm-none-eabi/lib/thumb2/libc.a(lib_a-assert.o)
                0x00407c78                __assert_func
                0x00407cc0                __assert
 .text          0x00407ccc       0x4c /work/tools/arm-2012.09/bin/../arm-none-eabi/lib/thumb2/libc.a(lib_a-fiprintf.o)
                0x00407ccc                _fiprintf_r
                0x00407cec                fiprintf
 .text          0x00407d18       0x58 /work/tools/arm-2012.09/bin/../arm-none-eabi/lib/thumb2/libc.a(lib_a-init.o)
                0x00407d18                __libc_init_array
 .text          0x00407d70      0x150 /work/tools/arm-2012.09/bin/../arm-none-eabi/lib/thumb2/libc.a(lib_a-signal.o)
                0x00407d70                _init_signal_r
                0x00407da0                _signal_r
                0x00407ddc                _raise_r
                0x00407e30                __sigtramp_r
                0x00407e7c                raise
                0x00407e8c                signal
                0x00407ea0                _init_signal
                0x00407eb0                __sigtramp
 .text          0x00407ec0       0x2c /work/tools/arm-2012.09/bin/../arm-none-eabi/lib/thumb2/libc.a(lib_a-signalr.o)
                0x00407ec0                _kill_r
                0x00407ee8                _getpid_r
 .text.UDP_EnablePeripheralClock
                0x00407eec       0x44 ../../../../libraries/libchip_sam3s/lib/libchip_sam3s4_gcc_dbg.a(USBD_HAL.o)
 .text.UDP_EndOfTransfer
                0x00407f30      0x118 ../../../../libraries/libchip_sam3s/lib/libchip_sam3s4_gcc_dbg.a(USBD_HAL.o)
 .text.UDP_ClearRxFlag
                0x00408048      0x11c ../../../../libraries/libchip_sam3s/lib/libchip_sam3s4_gcc_dbg.a(USBD_HAL.o)
 .text.UDP_MblUpdate
                0x00408164       0xd8 ../../../../libraries/libchip_sam3s/lib/libchip_sam3s4_gcc_dbg.a(USBD_HAL.o)
 .text.UDP_MblWriteFifo
                0x0040823c      0x22c ../../../../libraries/libchip_sam3s/lib/libchip_sam3s4_gcc_dbg.a(USBD_HAL.o)
 .text.UDP_WritePayload
                0x00408468       0xa4 ../../../../libraries/libchip_sam3s/lib/libchip_sam3s4_gcc_dbg.a(USBD_HAL.o)
 .text.UDP_ReadPayload
                0x0040850c       0xb8 ../../../../libraries/libchip_sam3s/lib/libchip_sam3s4_gcc_dbg.a(USBD_HAL.o)
 .text.UDP_ReadRequest
                0x004085c4       0x44 ../../../../libraries/libchip_sam3s/lib/libchip_sam3s4_gcc_dbg.a(USBD_HAL.o)
 .text.UDP_IsTransferFinished
                0x00408608       0x98 ../../../../libraries/libchip_sam3s/lib/libchip_sam3s4_gcc_dbg.a(USBD_HAL.o)
 .text.UDP_EndpointHandler
                0x004086a0      0x95c ../../../../libraries/libchip_sam3s/lib/libchip_sam3s4_gcc_dbg.a(USBD_HAL.o)
 .text.USBD_IrqHandler
                0x00408ffc      0x16c ../../../../libraries/libchip_sam3s/lib/libchip_sam3s4_gcc_dbg.a(USBD_HAL.o)
                0x00408ffc                USBD_IrqHandler
 .text.USBD_HAL_ResetEPs
                0x00409168      0x194 ../../../../libraries/libchip_sam3s/lib/libchip_sam3s4_gcc_dbg.a(USBD_HAL.o)
                0x00409168                USBD_HAL_ResetEPs
 .text.USBD_HAL_ConfigureEP
                0x004092fc      0x208 ../../../../libraries/libchip_sam3s/lib/libchip_sam3s4_gcc_dbg.a(USBD_HAL.o)
                0x004092fc                USBD_HAL_ConfigureEP
 .text.USBD_HAL_SetTransferCallback
                0x00409504       0x64 ../../../../libraries/libchip_sam3s/lib/libchip_sam3s4_gcc_dbg.a(USBD_HAL.o)
                0x00409504                USBD_HAL_SetTransferCallback
 .text.USBD_HAL_Write
                0x00409568       0x6c ../../../../libraries/libchip_sam3s/lib/libchip_sam3s4_gcc_dbg.a(USBD_HAL.o)
                0x00409568                USBD_HAL_Write
 .text.UDP_AddWr
                0x004095d4      0x230 ../../../../libraries/libchip_sam3s/lib/libchip_sam3s4_gcc_dbg.a(USBD_HAL.o)
 .text.UDP_Write
                0x00409804      0x14c ../../../../libraries/libchip_sam3s/lib/libchip_sam3s4_gcc_dbg.a(USBD_HAL.o)
 .text.USBD_HAL_Read
                0x00409950       0x5c ../../../../libraries/libchip_sam3s/lib/libchip_sam3s4_gcc_dbg.a(USBD_HAL.o)
                0x00409950                USBD_HAL_Read
 .text.UDP_Read
                0x004099ac       0x90 ../../../../libraries/libchip_sam3s/lib/libchip_sam3s4_gcc_dbg.a(USBD_HAL.o)
 .text.USBD_HAL_Connect
                0x00409a3c       0x44 ../../../../libraries/libchip_sam3s/lib/libchip_sam3s4_gcc_dbg.a(USBD_HAL.o)
                0x00409a3c                USBD_HAL_Connect
 .text.UDP_DisablePeripheralClock
                0x00409a80       0x18 ../../../../libraries/libchip_sam3s/lib/libchip_sam3s4_gcc_dbg.a(USBD_HAL.o)
 .text.USBD_HAL_Disconnect
                0x00409a98       0x44 ../../../../libraries/libchip_sam3s/lib/libchip_sam3s4_gcc_dbg.a(USBD_HAL.o)
                0x00409a98                USBD_HAL_Disconnect
 .text.UDP_EnableUsbClock
                0x00409adc       0x18 ../../../../libraries/libchip_sam3s/lib/libchip_sam3s4_gcc_dbg.a(USBD_HAL.o)
 .text.UDP_EnableTransceiver
                0x00409af4       0x24 ../../../../libraries/libchip_sam3s/lib/libchip_sam3s4_gcc_dbg.a(USBD_HAL.o)
 .text.USBD_HAL_SetAddress
                0x00409b18       0x4c ../../../../libraries/libchip_sam3s/lib/libchip_sam3s4_gcc_dbg.a(USBD_HAL.o)
                0x00409b18                USBD_HAL_SetAddress
 .text.USBD_HAL_SetConfiguration
                0x00409b64       0x44 ../../../../libraries/libchip_sam3s/lib/libchip_sam3s4_gcc_dbg.a(USBD_HAL.o)
                0x00409b64                USBD_HAL_SetConfiguration
 .text.USBD_HAL_Init
                0x00409ba8       0x68 ../../../../libraries/libchip_sam3s/lib/libchip_sam3s4_gcc_dbg.a(USBD_HAL.o)
                0x00409ba8                USBD_HAL_Init
 .text.USBD_HAL_Stall
                0x00409c10       0xb0 ../../../../libraries/libchip_sam3s/lib/libchip_sam3s4_gcc_dbg.a(USBD_HAL.o)
                0x00409c10                USBD_HAL_Stall
 .text.USBD_HAL_Halt
                0x00409cc0      0x19c ../../../../libraries/libchip_sam3s/lib/libchip_sam3s4_gcc_dbg.a(USBD_HAL.o)
                0x00409cc0                USBD_HAL_Halt
 .text.USBD_HAL_IsHighSpeed
                0x00409e5c       0x10 ../../../../libraries/libchip_sam3s/lib/libchip_sam3s4_gcc_dbg.a(USBD_HAL.o)
                0x00409e5c                USBD_HAL_IsHighSpeed
 .text.USBD_HAL_Suspend
                0x00409e6c       0x28 ../../../../libraries/libchip_sam3s/lib/libchip_sam3s4_gcc_dbg.a(USBD_HAL.o)
                0x00409e6c                USBD_HAL_Suspend
 .text.UDP_DisableTransceiver
                0x00409e94       0x24 ../../../../libraries/libchip_sam3s/lib/libchip_sam3s4_gcc_dbg.a(USBD_HAL.o)
 .text.UDP_DisableUsbClock
                0x00409eb8       0x18 ../../../../libraries/libchip_sam3s/lib/libchip_sam3s4_gcc_dbg.a(USBD_HAL.o)
 .text.USBD_HAL_Activate
                0x00409ed0       0x28 ../../../../libraries/libchip_sam3s/lib/libchip_sam3s4_gcc_dbg.a(USBD_HAL.o)
                0x00409ed0                USBD_HAL_Activate
 .text.IrqHandlerNotUsed
                0x00409ef8        0x8 ../../../../libraries/libchip_sam3s/lib/libchip_sam3s4_gcc_dbg.a(exceptions.o)
                0x00409ef8                IrqHandlerNotUsed
 .text.NMI_Handler
                0x00409f00        0x8 ../../../../libraries/libchip_sam3s/lib/libchip_sam3s4_gcc_dbg.a(exceptions.o)
                0x00409f00                NMI_Handler
 .text.HardFault_Handler
                0x00409f08        0x8 ../../../../libraries/libchip_sam3s/lib/libchip_sam3s4_gcc_dbg.a(exceptions.o)
                0x00409f08                HardFault_Handler
 .text.MemManage_Handler
                0x00409f10        0x8 ../../../../libraries/libchip_sam3s/lib/libchip_sam3s4_gcc_dbg.a(exceptions.o)
                0x00409f10                MemManage_Handler
 .text.BusFault_Handler
                0x00409f18        0x8 ../../../../libraries/libchip_sam3s/lib/libchip_sam3s4_gcc_dbg.a(exceptions.o)
                0x00409f18                BusFault_Handler
 .text.UsageFault_Handler
                0x00409f20        0x8 ../../../../libraries/libchip_sam3s/lib/libchip_sam3s4_gcc_dbg.a(exceptions.o)
                0x00409f20                UsageFault_Handler
 .text.SVC_Handler
                0x00409f28        0x8 ../../../../libraries/libchip_sam3s/lib/libchip_sam3s4_gcc_dbg.a(exceptions.o)
                0x00409f28                SVC_Handler
 .text.DebugMon_Handler
                0x00409f30        0x8 ../../../../libraries/libchip_sam3s/lib/libchip_sam3s4_gcc_dbg.a(exceptions.o)
                0x00409f30                DebugMon_Handler
 .text.PendSV_Handler
                0x00409f38        0x8 ../../../../libraries/libchip_sam3s/lib/libchip_sam3s4_gcc_dbg.a(exceptions.o)
                0x00409f38                PendSV_Handler
 .text.SysTick_Handler
                0x00409f40        0x8 ../../../../libraries/libchip_sam3s/lib/libchip_sam3s4_gcc_dbg.a(exceptions.o)
                0x00409f40                SysTick_Handler
 .text.SUPC_IrqHandler
                0x00409f48        0x8 ../../../../libraries/libchip_sam3s/lib/libchip_sam3s4_gcc_dbg.a(exceptions.o)
                0x00409f48                SUPC_IrqHandler
 .text.RSTC_IrqHandler
                0x00409f50        0x8 ../../../../libraries/libchip_sam3s/lib/libchip_sam3s4_gcc_dbg.a(exceptions.o)
                0x00409f50                RSTC_IrqHandler
 .text.RTC_IrqHandler
                0x00409f58        0x8 ../../../../libraries/libchip_sam3s/lib/libchip_sam3s4_gcc_dbg.a(exceptions.o)
                0x00409f58                RTC_IrqHandler
 .text.RTT_IrqHandler
                0x00409f60        0x8 ../../../../libraries/libchip_sam3s/lib/libchip_sam3s4_gcc_dbg.a(exceptions.o)
                0x00409f60                RTT_IrqHandler
 .text.WDT_IrqHandler
                0x00409f68        0x8 ../../../../libraries/libchip_sam3s/lib/libchip_sam3s4_gcc_dbg.a(exceptions.o)
                0x00409f68                WDT_IrqHandler
 .text.PMC_IrqHandler
                0x00409f70        0x8 ../../../../libraries/libchip_sam3s/lib/libchip_sam3s4_gcc_dbg.a(exceptions.o)
                0x00409f70                PMC_IrqHandler
 .text.EEFC_IrqHandler
                0x00409f78        0x8 ../../../../libraries/libchip_sam3s/lib/libchip_sam3s4_gcc_dbg.a(exceptions.o)
                0x00409f78                EEFC_IrqHandler
 .text.UART0_IrqHandler
                0x00409f80        0x8 ../../../../libraries/libchip_sam3s/lib/libchip_sam3s4_gcc_dbg.a(exceptions.o)
                0x00409f80                UART0_IrqHandler
 .text.UART1_IrqHandler
                0x00409f88        0x8 ../../../../libraries/libchip_sam3s/lib/libchip_sam3s4_gcc_dbg.a(exceptions.o)
                0x00409f88                UART1_IrqHandler
 .text.SMC_IrqHandler
                0x00409f90        0x8 ../../../../libraries/libchip_sam3s/lib/libchip_sam3s4_gcc_dbg.a(exceptions.o)
                0x00409f90                SMC_IrqHandler
 .text.USART0_IrqHandler
                0x00409f98        0x8 ../../../../libraries/libchip_sam3s/lib/libchip_sam3s4_gcc_dbg.a(exceptions.o)
                0x00409f98                USART0_IrqHandler
 .text.MCI_IrqHandler
                0x00409fa0        0x8 ../../../../libraries/libchip_sam3s/lib/libchip_sam3s4_gcc_dbg.a(exceptions.o)
                0x00409fa0                MCI_IrqHandler
 .text.TWI0_IrqHandler
                0x00409fa8        0x8 ../../../../libraries/libchip_sam3s/lib/libchip_sam3s4_gcc_dbg.a(exceptions.o)
                0x00409fa8                TWI0_IrqHandler
 .text.TWI1_IrqHandler
                0x00409fb0        0x8 ../../../../libraries/libchip_sam3s/lib/libchip_sam3s4_gcc_dbg.a(exceptions.o)
                0x00409fb0                TWI1_IrqHandler
 .text.SPI_IrqHandler
                0x00409fb8        0x8 ../../../../libraries/libchip_sam3s/lib/libchip_sam3s4_gcc_dbg.a(exceptions.o)
                0x00409fb8                SPI_IrqHandler
 .text.SSC_IrqHandler
                0x00409fc0        0x8 ../../../../libraries/libchip_sam3s/lib/libchip_sam3s4_gcc_dbg.a(exceptions.o)
                0x00409fc0                SSC_IrqHandler
 .text.TC1_IrqHandler
                0x00409fc8        0x8 ../../../../libraries/libchip_sam3s/lib/libchip_sam3s4_gcc_dbg.a(exceptions.o)
                0x00409fc8                TC1_IrqHandler
 .text.TC2_IrqHandler
                0x00409fd0        0x8 ../../../../libraries/libchip_sam3s/lib/libchip_sam3s4_gcc_dbg.a(exceptions.o)
                0x00409fd0                TC2_IrqHandler
 .text.TC3_IrqHandler
                0x00409fd8        0x8 ../../../../libraries/libchip_sam3s/lib/libchip_sam3s4_gcc_dbg.a(exceptions.o)
                0x00409fd8                TC3_IrqHandler
 .text.TC4_IrqHandler
                0x00409fe0        0x8 ../../../../libraries/libchip_sam3s/lib/libchip_sam3s4_gcc_dbg.a(exceptions.o)
                0x00409fe0                TC4_IrqHandler
 .text.TC5_IrqHandler
                0x00409fe8        0x8 ../../../../libraries/libchip_sam3s/lib/libchip_sam3s4_gcc_dbg.a(exceptions.o)
                0x00409fe8                TC5_IrqHandler
 .text.ADC_IrqHandler
                0x00409ff0        0x8 ../../../../libraries/libchip_sam3s/lib/libchip_sam3s4_gcc_dbg.a(exceptions.o)
                0x00409ff0                ADC_IrqHandler
 .text.DAC_IrqHandler
                0x00409ff8        0x8 ../../../../libraries/libchip_sam3s/lib/libchip_sam3s4_gcc_dbg.a(exceptions.o)
                0x00409ff8                DAC_IrqHandler
 .text.PWM_IrqHandler
                0x0040a000        0x8 ../../../../libraries/libchip_sam3s/lib/libchip_sam3s4_gcc_dbg.a(exceptions.o)
                0x0040a000                PWM_IrqHandler
 .text.CRCCU_IrqHandler
                0x0040a008        0x8 ../../../../libraries/libchip_sam3s/lib/libchip_sam3s4_gcc_dbg.a(exceptions.o)
                0x0040a008                CRCCU_IrqHandler
 .text.ACC_IrqHandler
                0x0040a010        0x8 ../../../../libraries/libchip_sam3s/lib/libchip_sam3s4_gcc_dbg.a(exceptions.o)
                0x0040a010                ACC_IrqHandler
 *(.glue_7t)
 .glue_7t       0x00000000        0x0 linker stubs
 *(.glue_7)
 .glue_7        0x00000000        0x0 linker stubs
 *(.rodata .rodata* .gnu.linkonce.r.*)
 .rodata        0x0040a018       0xa0 obj/flash_device_descriptor.o
                0x0040a018                cdcdSerialDriverDescriptors
                0x0040a040                productStringDescriptor
                0x0040a05c                languageIdStringDescriptor
                0x0040a060                configurationDescriptorsFS
                0x0040a0a3                deviceDescriptor
 .rodata        0x0040a0b8       0x30 obj/flash_main.o
 .rodata.str1.1
                0x0040a0e8      0x290 obj/flash_main.o
 .rodata        0x0040a378       0x20 /work/tools/arm-2012.09/bin/../arm-none-eabi/lib/thumb2/libc.a(lib_a-vfiprintf.o)
 .rodata.str1.4
                0x0040a398       0x2f /work/tools/arm-2012.09/bin/../arm-none-eabi/lib/thumb2/libc.a(lib_a-vfiprintf.o)
                                 0x30 (size before relaxing)
 *fill*         0x0040a3c7        0x1 
 .rodata        0x0040a3c8       0x60 /work/tools/arm-2012.09/bin/../arm-none-eabi/lib/thumb2/libc.a(lib_a-findfp.o)
                0x0040a3c8                __sf_fake_stderr
                0x0040a3e8                __sf_fake_stdout
                0x0040a408                __sf_fake_stdin
 .rodata        0x0040a428        0x4 /work/tools/arm-2012.09/bin/../arm-none-eabi/lib/thumb2/libc.a(lib_a-impure.o)
                0x0040a428                _global_impure_ptr
 .rodata.str1.4
                0x0040a42c        0x2 /work/tools/arm-2012.09/bin/../arm-none-eabi/lib/thumb2/libc.a(lib_a-impure.o)
                                  0x4 (size before relaxing)
 *fill*         0x0040a42e        0x2 
 .rodata.str1.4
                0x0040a430        0xa /work/tools/arm-2012.09/bin/../arm-none-eabi/lib/thumb2/libc.a(lib_a-locale.o)
                                 0x14 (size before relaxing)
 *fill*         0x0040a43a        0x2 
 .rodata        0x0040a43c       0xc0 ../../../../libraries/libchip_sam3s/lib/libchip_sam3s4_gcc_dbg.a(pio_it.o)
 .rodata        0x0040a4fc       0x64 ../../../../libraries/libchip_sam3s/lib/libchip_sam3s4_gcc_dbg.a(pmc.o)
 .rodata        0x0040a560       0x80 ../../../../libraries/libchip_sam3s/lib/libchip_sam3s4_gcc_dbg.a(tc.o)
 .rodata        0x0040a5e0       0x1c ../../../../libraries/libboard_sam3s-ek/lib/libboard_sam3s_ek_gcc_dbg.a(syscalls.o)
 .rodata        0x0040a5fc       0xdc ../../../../libraries/libboard_sam3s-ek/lib/libboard_sam3s_ek_gcc_dbg.a(uart_console.o)
 .rodata        0x0040a6d8       0x30 ../../../../libraries/usb/lib/libusb_sam3s_gcc_dbg.a(USBD.o)
 .rodata        0x0040a708       0xf4 ../../../../libraries/usb/lib/libusb_sam3s_gcc_dbg.a(USBDDriver.o)
 .rodata.str1.4
                0x0040a7fc       0x40 /work/tools/arm-2012.09/bin/../arm-none-eabi/lib/thumb2/libc.a(lib_a-assert.o)
                                 0x44 (size before relaxing)
 .rodata        0x0040a83c       0x64 ../../../../libraries/libchip_sam3s/lib/libchip_sam3s4_gcc_dbg.a(USBD_HAL.o)
 *(.ARM.extab* .gnu.linkonce.armextab.*)
 .ARM.extab.text.PIO_SetPeripheralA
                0x0040a8a0        0xc ../../../../libraries/libchip_sam3s/lib/libchip_sam3s4_gcc_dbg.a(pio.o)
 .ARM.extab.text.PIO_SetPeripheralB
                0x0040a8ac        0xc ../../../../libraries/libchip_sam3s/lib/libchip_sam3s4_gcc_dbg.a(pio.o)
 .ARM.extab.text.PIO_SetPeripheralC
                0x0040a8b8        0xc ../../../../libraries/libchip_sam3s/lib/libchip_sam3s4_gcc_dbg.a(pio.o)
 .ARM.extab.text.PIO_SetPeripheralD
                0x0040a8c4        0xc ../../../../libraries/libchip_sam3s/lib/libchip_sam3s4_gcc_dbg.a(pio.o)
 .ARM.extab.text.PIO_SetInput
                0x0040a8d0        0xc ../../../../libraries/libchip_sam3s/lib/libchip_sam3s4_gcc_dbg.a(pio.o)
 .ARM.extab.text.PIO_SetOutput
                0x0040a8dc        0xc ../../../../libraries/libchip_sam3s/lib/libchip_sam3s4_gcc_dbg.a(pio.o)
 .ARM.extab.text.PIO_Configure
                0x0040a8e8        0xc ../../../../libraries/libchip_sam3s/lib/libchip_sam3s4_gcc_dbg.a(pio.o)
 .ARM.extab.text.PIO_Get
                0x0040a8f4        0xc ../../../../libraries/libchip_sam3s/lib/libchip_sam3s4_gcc_dbg.a(pio.o)
 .ARM.extab.text.PMC_EnablePeripheral
                0x0040a900        0xc ../../../../libraries/libchip_sam3s/lib/libchip_sam3s4_gcc_dbg.a(pmc.o)
 .ARM.extab.text.PMC_DisablePeripheral
                0x0040a90c        0xc ../../../../libraries/libchip_sam3s/lib/libchip_sam3s4_gcc_dbg.a(pmc.o)
 .ARM.extab.text.PMC_IsPeriphEnabled
                0x0040a918        0xc ../../../../libraries/libchip_sam3s/lib/libchip_sam3s4_gcc_dbg.a(pmc.o)
 .ARM.extab.text.TC_Configure
                0x0040a924        0xc ../../../../libraries/libchip_sam3s/lib/libchip_sam3s4_gcc_dbg.a(tc.o)
 .ARM.extab.text.TC_Start
                0x0040a930        0xc ../../../../libraries/libchip_sam3s/lib/libchip_sam3s4_gcc_dbg.a(tc.o)
 .ARM.extab.text.TC_Stop
                0x0040a93c        0xc ../../../../libraries/libchip_sam3s/lib/libchip_sam3s4_gcc_dbg.a(tc.o)
 .ARM.extab.text.TC_FindMckDivisor
                0x0040a948        0xc ../../../../libraries/libchip_sam3s/lib/libchip_sam3s4_gcc_dbg.a(tc.o)
 .ARM.extab.text.WDT_Disable
                0x0040a954        0xc ../../../../libraries/libchip_sam3s/lib/libchip_sam3s4_gcc_dbg.a(wdt.o)
 .ARM.extab.text.PIO_CaptureHandler
                0x0040a960        0xc ../../../../libraries/libchip_sam3s/lib/libchip_sam3s4_gcc_dbg.a(pio_capture.o)
 .ARM.extab.text.USART_Configure
                0x0040a96c        0xc ../../../../libraries/libchip_sam3s/lib/libchip_sam3s4_gcc_dbg.a(usart.o)
 .ARM.extab.text.USART_SetTransmitterEnabled
                0x0040a978        0xc ../../../../libraries/libchip_sam3s/lib/libchip_sam3s4_gcc_dbg.a(usart.o)
 .ARM.extab.text.USART_SetReceiverEnabled
                0x0040a984        0xc ../../../../libraries/libchip_sam3s/lib/libchip_sam3s4_gcc_dbg.a(usart.o)
 .ARM.extab.text.USART_WriteBuffer
                0x0040a990        0xc ../../../../libraries/libchip_sam3s/lib/libchip_sam3s4_gcc_dbg.a(usart.o)
 .ARM.extab.text.USART_ReadBuffer
                0x0040a99c        0xc ../../../../libraries/libchip_sam3s/lib/libchip_sam3s4_gcc_dbg.a(usart.o)
 .ARM.extab     0x0040a9a8       0x18 /work/tools/arm-2012.09/bin/../lib/gcc/arm-none-eabi/4.7.2/thumb2/libgcc.a(unwind-arm.o)
 .ARM.extab     0x0040a9c0       0x18 /work/tools/arm-2012.09/bin/../lib/gcc/arm-none-eabi/4.7.2/thumb2/libgcc.a(pr-support.o)
 .ARM.extab.text.UDP_EnablePeripheralClock
                0x0040a9d8        0xc ../../../../libraries/libchip_sam3s/lib/libchip_sam3s4_gcc_dbg.a(USBD_HAL.o)
 .ARM.extab.text.UDP_EndOfTransfer
                0x0040a9e4        0xc ../../../../libraries/libchip_sam3s/lib/libchip_sam3s4_gcc_dbg.a(USBD_HAL.o)
 .ARM.extab.text.UDP_ClearRxFlag
                0x0040a9f0        0xc ../../../../libraries/libchip_sam3s/lib/libchip_sam3s4_gcc_dbg.a(USBD_HAL.o)
 .ARM.extab.text.UDP_MblUpdate
                0x0040a9fc        0xc ../../../../libraries/libchip_sam3s/lib/libchip_sam3s4_gcc_dbg.a(USBD_HAL.o)
 .ARM.extab.text.UDP_MblWriteFifo
                0x0040aa08        0xc ../../../../libraries/libchip_sam3s/lib/libchip_sam3s4_gcc_dbg.a(USBD_HAL.o)
 .ARM.extab.text.UDP_WritePayload
                0x0040aa14        0xc ../../../../libraries/libchip_sam3s/lib/libchip_sam3s4_gcc_dbg.a(USBD_HAL.o)
 .ARM.extab.text.UDP_ReadPayload
                0x0040aa20        0xc ../../../../libraries/libchip_sam3s/lib/libchip_sam3s4_gcc_dbg.a(USBD_HAL.o)
 .ARM.extab.text.UDP_ReadRequest
                0x0040aa2c        0xc ../../../../libraries/libchip_sam3s/lib/libchip_sam3s4_gcc_dbg.a(USBD_HAL.o)
 .ARM.extab.text.UDP_IsTransferFinished
                0x0040aa38        0xc ../../../../libraries/libchip_sam3s/lib/libchip_sam3s4_gcc_dbg.a(USBD_HAL.o)
 .ARM.extab.text.UDP_EndpointHandler
                0x0040aa44        0xc ../../../../libraries/libchip_sam3s/lib/libchip_sam3s4_gcc_dbg.a(USBD_HAL.o)
 .ARM.extab.text.USBD_IrqHandler
                0x0040aa50        0xc ../../../../libraries/libchip_sam3s/lib/libchip_sam3s4_gcc_dbg.a(USBD_HAL.o)
 .ARM.extab.text.USBD_HAL_ResetEPs
                0x0040aa5c        0xc ../../../../libraries/libchip_sam3s/lib/libchip_sam3s4_gcc_dbg.a(USBD_HAL.o)
 .ARM.extab.text.USBD_HAL_ConfigureEP
                0x0040aa68        0xc ../../../../libraries/libchip_sam3s/lib/libchip_sam3s4_gcc_dbg.a(USBD_HAL.o)
 .ARM.extab.text.USBD_HAL_SetTransferCallback
                0x0040aa74        0xc ../../../../libraries/libchip_sam3s/lib/libchip_sam3s4_gcc_dbg.a(USBD_HAL.o)
 .ARM.extab.text.USBD_HAL_Write
                0x0040aa80        0xc ../../../../libraries/libchip_sam3s/lib/libchip_sam3s4_gcc_dbg.a(USBD_HAL.o)
 .ARM.extab.text.UDP_AddWr
                0x0040aa8c        0xc ../../../../libraries/libchip_sam3s/lib/libchip_sam3s4_gcc_dbg.a(USBD_HAL.o)
 .ARM.extab.text.UDP_Write
                0x0040aa98        0xc ../../../../libraries/libchip_sam3s/lib/libchip_sam3s4_gcc_dbg.a(USBD_HAL.o)
 .ARM.extab.text.USBD_HAL_Read
                0x0040aaa4        0xc ../../../../libraries/libchip_sam3s/lib/libchip_sam3s4_gcc_dbg.a(USBD_HAL.o)
 .ARM.extab.text.UDP_Read
                0x0040aab0        0xc ../../../../libraries/libchip_sam3s/lib/libchip_sam3s4_gcc_dbg.a(USBD_HAL.o)
 .ARM.extab.text.USBD_HAL_Connect
                0x0040aabc        0xc ../../../../libraries/libchip_sam3s/lib/libchip_sam3s4_gcc_dbg.a(USBD_HAL.o)
 .ARM.extab.text.USBD_HAL_Disconnect
                0x0040aac8        0xc ../../../../libraries/libchip_sam3s/lib/libchip_sam3s4_gcc_dbg.a(USBD_HAL.o)
 .ARM.extab.text.USBD_HAL_SetAddress
                0x0040aad4        0xc ../../../../libraries/libchip_sam3s/lib/libchip_sam3s4_gcc_dbg.a(USBD_HAL.o)
 .ARM.extab.text.USBD_HAL_SetConfiguration
                0x0040aae0        0xc ../../../../libraries/libchip_sam3s/lib/libchip_sam3s4_gcc_dbg.a(USBD_HAL.o)
 .ARM.extab.text.USBD_HAL_Stall
                0x0040aaec        0xc ../../../../libraries/libchip_sam3s/lib/libchip_sam3s4_gcc_dbg.a(USBD_HAL.o)
 .ARM.extab.text.USBD_HAL_Halt
                0x0040aaf8        0xc ../../../../libraries/libchip_sam3s/lib/libchip_sam3s4_gcc_dbg.a(USBD_HAL.o)
                0x0040ab04                . = ALIGN (0x4)
 *(.init)
 .init          0x0040ab04        0x4 /work/tools/arm-2012.09/bin/../lib/gcc/arm-none-eabi/4.7.2/thumb2/crti.o
                0x0040ab04                _init
 .init          0x0040ab08        0x8 /work/tools/arm-2012.09/bin/../lib/gcc/arm-none-eabi/4.7.2/thumb2/crtn.o
                0x0040ab10                . = ALIGN (0x4)
                0x0040ab10                __preinit_array_start = .
 *(.preinit_array)
                0x0040ab10                __preinit_array_end = .
                0x0040ab10                . = ALIGN (0x4)
                0x0040ab10                __init_array_start = .
 *(SORT(.init_array.*))
 *(.init_array)
 .init_array    0x0040ab10        0x4 /work/tools/arm-2012.09/bin/../lib/gcc/arm-none-eabi/4.7.2/thumb2/crtbegin.o
                0x0040ab14                __init_array_end = .
                0x0040ab14                . = ALIGN (0x4)
 *crtbegin.o(.ctors)
 *(EXCLUDE_FILE(*crtend.o) .ctors)
 *(SORT(.ctors.*))
 *crtend.o(.ctors)
                0x0040ab14                . = ALIGN (0x4)
 *(.fini)
 .fini          0x0040ab14        0x4 /work/tools/arm-2012.09/bin/../lib/gcc/arm-none-eabi/4.7.2/thumb2/crti.o
                0x0040ab14                _fini
 .fini          0x0040ab18        0x8 /work/tools/arm-2012.09/bin/../lib/gcc/arm-none-eabi/4.7.2/thumb2/crtn.o
                0x0040ab20                . = ALIGN (0x4)
                0x0040ab20                __fini_array_start = .
 *(.fini_array)
 .fini_array    0x0040ab20        0x4 /work/tools/arm-2012.09/bin/../lib/gcc/arm-none-eabi/4.7.2/thumb2/crtbegin.o
 *(SORT(.fini_array.*))
                0x0040ab24                __fini_array_end = .
 *crtbegin.o(.dtors)
 *(EXCLUDE_FILE(*crtend.o) .dtors)
 *(SORT(.dtors.*))
 *crtend.o(.dtors)
                0x0040ab24                . = ALIGN (0x4)
                0x0040ab24                _efixed = .
                0x0040ab24                PROVIDE (__exidx_start, .)

.vfp11_veneer   0x0040ab24        0x0
 .vfp11_veneer  0x00000000        0x0 linker stubs

.v4_bx          0x0040ab24        0x0
 .v4_bx         0x00000000        0x0 linker stubs

.iplt           0x0040ab24        0x0
 .iplt          0x00000000        0x0 /work/tools/arm-2012.09/bin/../lib/gcc/arm-none-eabi/4.7.2/thumb2/crtbegin.o

.ARM.exidx      0x0040ab24      0x288
 *(.ARM.exidx* .gnu.linkonce.armexidx.*)
 .ARM.exidx.text.PIO_SetPeripheralA
                0x0040ab24        0x8 ../../../../libraries/libchip_sam3s/lib/libchip_sam3s4_gcc_dbg.a(pio.o)
 .ARM.exidx.text.PIO_SetPeripheralB
                0x0040ab2c        0x8 ../../../../libraries/libchip_sam3s/lib/libchip_sam3s4_gcc_dbg.a(pio.o)
 .ARM.exidx.text.PIO_SetPeripheralC
                0x0040ab34        0x8 ../../../../libraries/libchip_sam3s/lib/libchip_sam3s4_gcc_dbg.a(pio.o)
 .ARM.exidx.text.PIO_SetPeripheralD
                0x0040ab3c        0x8 ../../../../libraries/libchip_sam3s/lib/libchip_sam3s4_gcc_dbg.a(pio.o)
 .ARM.exidx.text.PIO_SetInput
                0x0040ab44        0x8 ../../../../libraries/libchip_sam3s/lib/libchip_sam3s4_gcc_dbg.a(pio.o)
 .ARM.exidx.text.PIO_SetOutput
                0x0040ab4c        0x8 ../../../../libraries/libchip_sam3s/lib/libchip_sam3s4_gcc_dbg.a(pio.o)
 .ARM.exidx.text.PIO_Configure
                0x0040ab54        0x8 ../../../../libraries/libchip_sam3s/lib/libchip_sam3s4_gcc_dbg.a(pio.o)
 .ARM.exidx.text.PIO_Get
                0x0040ab5c        0x8 ../../../../libraries/libchip_sam3s/lib/libchip_sam3s4_gcc_dbg.a(pio.o)
 .ARM.exidx.text.PMC_EnablePeripheral
                0x0040ab64        0x8 ../../../../libraries/libchip_sam3s/lib/libchip_sam3s4_gcc_dbg.a(pmc.o)
 .ARM.exidx.text.PMC_DisablePeripheral
                0x0040ab6c        0x8 ../../../../libraries/libchip_sam3s/lib/libchip_sam3s4_gcc_dbg.a(pmc.o)
 .ARM.exidx.text.PMC_IsPeriphEnabled
                0x0040ab74        0x8 ../../../../libraries/libchip_sam3s/lib/libchip_sam3s4_gcc_dbg.a(pmc.o)
 .ARM.exidx.text.TC_Configure
                0x0040ab7c        0x8 ../../../../libraries/libchip_sam3s/lib/libchip_sam3s4_gcc_dbg.a(tc.o)
 .ARM.exidx.text.TC_Start
                0x0040ab84        0x8 ../../../../libraries/libchip_sam3s/lib/libchip_sam3s4_gcc_dbg.a(tc.o)
 .ARM.exidx.text.TC_Stop
                0x0040ab8c        0x8 ../../../../libraries/libchip_sam3s/lib/libchip_sam3s4_gcc_dbg.a(tc.o)
 .ARM.exidx.text.TC_FindMckDivisor
                0x0040ab94        0x8 ../../../../libraries/libchip_sam3s/lib/libchip_sam3s4_gcc_dbg.a(tc.o)
 .ARM.exidx.text.WDT_Disable
                0x0040ab9c        0x8 ../../../../libraries/libchip_sam3s/lib/libchip_sam3s4_gcc_dbg.a(wdt.o)
 .ARM.exidx.text.PIO_CaptureHandler
                0x0040aba4        0x8 ../../../../libraries/libchip_sam3s/lib/libchip_sam3s4_gcc_dbg.a(pio_capture.o)
 .ARM.exidx.text.USART_Configure
                0x0040abac        0x8 ../../../../libraries/libchip_sam3s/lib/libchip_sam3s4_gcc_dbg.a(usart.o)
 .ARM.exidx.text.USART_SetTransmitterEnabled
                0x0040abb4        0x8 ../../../../libraries/libchip_sam3s/lib/libchip_sam3s4_gcc_dbg.a(usart.o)
 .ARM.exidx.text.USART_SetReceiverEnabled
                0x0040abbc        0x8 ../../../../libraries/libchip_sam3s/lib/libchip_sam3s4_gcc_dbg.a(usart.o)
 .ARM.exidx.text.USART_WriteBuffer
                0x0040abc4        0x8 ../../../../libraries/libchip_sam3s/lib/libchip_sam3s4_gcc_dbg.a(usart.o)
 .ARM.exidx.text.USART_ReadBuffer
                0x0040abcc       0x10 ../../../../libraries/libchip_sam3s/lib/libchip_sam3s4_gcc_dbg.a(usart.o)
                                  0x8 (size before relaxing)
 .ARM.exidx     0x0040abdc       0x88 /work/tools/arm-2012.09/bin/../lib/gcc/arm-none-eabi/4.7.2/thumb2/libgcc.a(unwind-arm.o)
                                 0xd8 (size before relaxing)
 .ARM.exidx     0x0040ac64       0x38 /work/tools/arm-2012.09/bin/../lib/gcc/arm-none-eabi/4.7.2/thumb2/libgcc.a(pr-support.o)
                                 0x48 (size before relaxing)
 .ARM.exidx     0x0040ac9c        0x0 /work/tools/arm-2012.09/bin/../lib/gcc/arm-none-eabi/4.7.2/thumb2/libgcc.a(_divdi3.o)
                                  0x8 (size before relaxing)
 .ARM.exidx     0x0040ac9c        0x0 /work/tools/arm-2012.09/bin/../lib/gcc/arm-none-eabi/4.7.2/thumb2/libgcc.a(_udivdi3.o)
                                  0x8 (size before relaxing)
 .ARM.exidx.text.UDP_EnablePeripheralClock
                0x0040ac9c        0x8 ../../../../libraries/libchip_sam3s/lib/libchip_sam3s4_gcc_dbg.a(USBD_HAL.o)
 .ARM.exidx.text.UDP_EndOfTransfer
                0x0040aca4        0x8 ../../../../libraries/libchip_sam3s/lib/libchip_sam3s4_gcc_dbg.a(USBD_HAL.o)
 .ARM.exidx.text.UDP_ClearRxFlag
                0x0040acac        0x8 ../../../../libraries/libchip_sam3s/lib/libchip_sam3s4_gcc_dbg.a(USBD_HAL.o)
 .ARM.exidx.text.UDP_MblUpdate
                0x0040acb4        0x8 ../../../../libraries/libchip_sam3s/lib/libchip_sam3s4_gcc_dbg.a(USBD_HAL.o)
 .ARM.exidx.text.UDP_MblWriteFifo
                0x0040acbc        0x8 ../../../../libraries/libchip_sam3s/lib/libchip_sam3s4_gcc_dbg.a(USBD_HAL.o)
 .ARM.exidx.text.UDP_WritePayload
                0x0040acc4        0x8 ../../../../libraries/libchip_sam3s/lib/libchip_sam3s4_gcc_dbg.a(USBD_HAL.o)
 .ARM.exidx.text.UDP_ReadPayload
                0x0040accc        0x8 ../../../../libraries/libchip_sam3s/lib/libchip_sam3s4_gcc_dbg.a(USBD_HAL.o)
 .ARM.exidx.text.UDP_ReadRequest
                0x0040acd4        0x8 ../../../../libraries/libchip_sam3s/lib/libchip_sam3s4_gcc_dbg.a(USBD_HAL.o)
 .ARM.exidx.text.UDP_IsTransferFinished
                0x0040acdc        0x8 ../../../../libraries/libchip_sam3s/lib/libchip_sam3s4_gcc_dbg.a(USBD_HAL.o)
 .ARM.exidx.text.UDP_EndpointHandler
                0x0040ace4        0x8 ../../../../libraries/libchip_sam3s/lib/libchip_sam3s4_gcc_dbg.a(USBD_HAL.o)
 .ARM.exidx.text.USBD_IrqHandler
                0x0040acec        0x8 ../../../../libraries/libchip_sam3s/lib/libchip_sam3s4_gcc_dbg.a(USBD_HAL.o)
 .ARM.exidx.text.USBD_HAL_ResetEPs
                0x0040acf4        0x8 ../../../../libraries/libchip_sam3s/lib/libchip_sam3s4_gcc_dbg.a(USBD_HAL.o)
 .ARM.exidx.text.USBD_HAL_ConfigureEP
                0x0040acfc        0x8 ../../../../libraries/libchip_sam3s/lib/libchip_sam3s4_gcc_dbg.a(USBD_HAL.o)
 .ARM.exidx.text.USBD_HAL_SetTransferCallback
                0x0040ad04        0x8 ../../../../libraries/libchip_sam3s/lib/libchip_sam3s4_gcc_dbg.a(USBD_HAL.o)
 .ARM.exidx.text.USBD_HAL_Write
                0x0040ad0c        0x8 ../../../../libraries/libchip_sam3s/lib/libchip_sam3s4_gcc_dbg.a(USBD_HAL.o)
 .ARM.exidx.text.UDP_AddWr
                0x0040ad14        0x8 ../../../../libraries/libchip_sam3s/lib/libchip_sam3s4_gcc_dbg.a(USBD_HAL.o)
 .ARM.exidx.text.UDP_Write
                0x0040ad1c        0x8 ../../../../libraries/libchip_sam3s/lib/libchip_sam3s4_gcc_dbg.a(USBD_HAL.o)
 .ARM.exidx.text.USBD_HAL_Read
                0x0040ad24        0x8 ../../../../libraries/libchip_sam3s/lib/libchip_sam3s4_gcc_dbg.a(USBD_HAL.o)
 .ARM.exidx.text.UDP_Read
                0x0040ad2c        0x8 ../../../../libraries/libchip_sam3s/lib/libchip_sam3s4_gcc_dbg.a(USBD_HAL.o)
 .ARM.exidx.text.USBD_HAL_Connect
                0x0040ad34        0x8 ../../../../libraries/libchip_sam3s/lib/libchip_sam3s4_gcc_dbg.a(USBD_HAL.o)
 .ARM.exidx.text.UDP_DisablePeripheralClock
                0x0040ad3c        0x8 ../../../../libraries/libchip_sam3s/lib/libchip_sam3s4_gcc_dbg.a(USBD_HAL.o)
 .ARM.exidx.text.USBD_HAL_Disconnect
                0x0040ad44        0x8 ../../../../libraries/libchip_sam3s/lib/libchip_sam3s4_gcc_dbg.a(USBD_HAL.o)
 .ARM.exidx.text.UDP_EnableUsbClock
                0x0040ad4c        0x8 ../../../../libraries/libchip_sam3s/lib/libchip_sam3s4_gcc_dbg.a(USBD_HAL.o)
 .ARM.exidx.text.UDP_EnableTransceiver
                0x0040ad54        0x0 ../../../../libraries/libchip_sam3s/lib/libchip_sam3s4_gcc_dbg.a(USBD_HAL.o)
                                  0x8 (size before relaxing)
 .ARM.exidx.text.USBD_HAL_SetAddress
                0x0040ad54        0x8 ../../../../libraries/libchip_sam3s/lib/libchip_sam3s4_gcc_dbg.a(USBD_HAL.o)
 .ARM.exidx.text.USBD_HAL_SetConfiguration
                0x0040ad5c        0x8 ../../../../libraries/libchip_sam3s/lib/libchip_sam3s4_gcc_dbg.a(USBD_HAL.o)
 .ARM.exidx.text.USBD_HAL_Init
                0x0040ad64        0x8 ../../../../libraries/libchip_sam3s/lib/libchip_sam3s4_gcc_dbg.a(USBD_HAL.o)
 .ARM.exidx.text.USBD_HAL_Stall
                0x0040ad6c        0x8 ../../../../libraries/libchip_sam3s/lib/libchip_sam3s4_gcc_dbg.a(USBD_HAL.o)
 .ARM.exidx.text.USBD_HAL_Halt
                0x0040ad74        0x8 ../../../../libraries/libchip_sam3s/lib/libchip_sam3s4_gcc_dbg.a(USBD_HAL.o)
 .ARM.exidx.text.USBD_HAL_IsHighSpeed
                0x0040ad7c        0x8 ../../../../libraries/libchip_sam3s/lib/libchip_sam3s4_gcc_dbg.a(USBD_HAL.o)
 .ARM.exidx.text.USBD_HAL_Suspend
                0x0040ad84        0x8 ../../../../libraries/libchip_sam3s/lib/libchip_sam3s4_gcc_dbg.a(USBD_HAL.o)
 .ARM.exidx.text.UDP_DisableTransceiver
                0x0040ad8c        0x8 ../../../../libraries/libchip_sam3s/lib/libchip_sam3s4_gcc_dbg.a(USBD_HAL.o)
 .ARM.exidx.text.UDP_DisableUsbClock
                0x0040ad94        0x0 ../../../../libraries/libchip_sam3s/lib/libchip_sam3s4_gcc_dbg.a(USBD_HAL.o)
                                  0x8 (size before relaxing)
 .ARM.exidx.text.USBD_HAL_Activate
                0x0040ad94        0x8 ../../../../libraries/libchip_sam3s/lib/libchip_sam3s4_gcc_dbg.a(USBD_HAL.o)
 .ARM.exidx.text.IrqHandlerNotUsed
                0x0040ad9c        0x8 ../../../../libraries/libchip_sam3s/lib/libchip_sam3s4_gcc_dbg.a(exceptions.o)
 .ARM.exidx.text.NMI_Handler
                0x0040ada4        0x0 ../../../../libraries/libchip_sam3s/lib/libchip_sam3s4_gcc_dbg.a(exceptions.o)
                                  0x8 (size before relaxing)
 .ARM.exidx.text.HardFault_Handler
                0x0040ada4        0x0 ../../../../libraries/libchip_sam3s/lib/libchip_sam3s4_gcc_dbg.a(exceptions.o)
                                  0x8 (size before relaxing)
 .ARM.exidx.text.MemManage_Handler
                0x0040ada4        0x0 ../../../../libraries/libchip_sam3s/lib/libchip_sam3s4_gcc_dbg.a(exceptions.o)
                                  0x8 (size before relaxing)
 .ARM.exidx.text.BusFault_Handler
                0x0040ada4        0x0 ../../../../libraries/libchip_sam3s/lib/libchip_sam3s4_gcc_dbg.a(exceptions.o)
                                  0x8 (size before relaxing)
 .ARM.exidx.text.UsageFault_Handler
                0x0040ada4        0x0 ../../../../libraries/libchip_sam3s/lib/libchip_sam3s4_gcc_dbg.a(exceptions.o)
                                  0x8 (size before relaxing)
 .ARM.exidx.text.SVC_Handler
                0x0040ada4        0x0 ../../../../libraries/libchip_sam3s/lib/libchip_sam3s4_gcc_dbg.a(exceptions.o)
                                  0x8 (size before relaxing)
 .ARM.exidx.text.DebugMon_Handler
                0x0040ada4        0x0 ../../../../libraries/libchip_sam3s/lib/libchip_sam3s4_gcc_dbg.a(exceptions.o)
                                  0x8 (size before relaxing)
 .ARM.exidx.text.PendSV_Handler
                0x0040ada4        0x0 ../../../../libraries/libchip_sam3s/lib/libchip_sam3s4_gcc_dbg.a(exceptions.o)
                                  0x8 (size before relaxing)
 .ARM.exidx.text.SysTick_Handler
                0x0040ada4        0x0 ../../../../libraries/libchip_sam3s/lib/libchip_sam3s4_gcc_dbg.a(exceptions.o)
                                  0x8 (size before relaxing)
 .ARM.exidx.text.SUPC_IrqHandler
                0x0040ada4        0x0 ../../../../libraries/libchip_sam3s/lib/libchip_sam3s4_gcc_dbg.a(exceptions.o)
                                  0x8 (size before relaxing)
 .ARM.exidx.text.RSTC_IrqHandler
                0x0040ada4        0x0 ../../../../libraries/libchip_sam3s/lib/libchip_sam3s4_gcc_dbg.a(exceptions.o)
                                  0x8 (size before relaxing)
 .ARM.exidx.text.RTC_IrqHandler
                0x0040ada4        0x0 ../../../../libraries/libchip_sam3s/lib/libchip_sam3s4_gcc_dbg.a(exceptions.o)
                                  0x8 (size before relaxing)
 .ARM.exidx.text.RTT_IrqHandler
                0x0040ada4        0x0 ../../../../libraries/libchip_sam3s/lib/libchip_sam3s4_gcc_dbg.a(exceptions.o)
                                  0x8 (size before relaxing)
 .ARM.exidx.text.WDT_IrqHandler
                0x0040ada4        0x0 ../../../../libraries/libchip_sam3s/lib/libchip_sam3s4_gcc_dbg.a(exceptions.o)
                                  0x8 (size before relaxing)
 .ARM.exidx.text.PMC_IrqHandler
                0x0040ada4        0x0 ../../../../libraries/libchip_sam3s/lib/libchip_sam3s4_gcc_dbg.a(exceptions.o)
                                  0x8 (size before relaxing)
 .ARM.exidx.text.EEFC_IrqHandler
                0x0040ada4        0x0 ../../../../libraries/libchip_sam3s/lib/libchip_sam3s4_gcc_dbg.a(exceptions.o)
                                  0x8 (size before relaxing)
 .ARM.exidx.text.UART0_IrqHandler
                0x0040ada4        0x0 ../../../../libraries/libchip_sam3s/lib/libchip_sam3s4_gcc_dbg.a(exceptions.o)
                                  0x8 (size before relaxing)
 .ARM.exidx.text.UART1_IrqHandler
                0x0040ada4        0x0 ../../../../libraries/libchip_sam3s/lib/libchip_sam3s4_gcc_dbg.a(exceptions.o)
                                  0x8 (size before relaxing)
 .ARM.exidx.text.SMC_IrqHandler
                0x0040ada4        0x0 ../../../../libraries/libchip_sam3s/lib/libchip_sam3s4_gcc_dbg.a(exceptions.o)
                                  0x8 (size before relaxing)
 .ARM.exidx.text.USART0_IrqHandler
                0x0040ada4        0x0 ../../../../libraries/libchip_sam3s/lib/libchip_sam3s4_gcc_dbg.a(exceptions.o)
                                  0x8 (size before relaxing)
 .ARM.exidx.text.MCI_IrqHandler
                0x0040ada4        0x0 ../../../../libraries/libchip_sam3s/lib/libchip_sam3s4_gcc_dbg.a(exceptions.o)
                                  0x8 (size before relaxing)
 .ARM.exidx.text.TWI0_IrqHandler
                0x0040ada4        0x0 ../../../../libraries/libchip_sam3s/lib/libchip_sam3s4_gcc_dbg.a(exceptions.o)
                                  0x8 (size before relaxing)
 .ARM.exidx.text.TWI1_IrqHandler
                0x0040ada4        0x0 ../../../../libraries/libchip_sam3s/lib/libchip_sam3s4_gcc_dbg.a(exceptions.o)
                                  0x8 (size before relaxing)
 .ARM.exidx.text.SPI_IrqHandler
                0x0040ada4        0x0 ../../../../libraries/libchip_sam3s/lib/libchip_sam3s4_gcc_dbg.a(exceptions.o)
                                  0x8 (size before relaxing)
 .ARM.exidx.text.SSC_IrqHandler
                0x0040ada4        0x0 ../../../../libraries/libchip_sam3s/lib/libchip_sam3s4_gcc_dbg.a(exceptions.o)
                                  0x8 (size before relaxing)
 .ARM.exidx.text.TC1_IrqHandler
                0x0040ada4        0x0 ../../../../libraries/libchip_sam3s/lib/libchip_sam3s4_gcc_dbg.a(exceptions.o)
                                  0x8 (size before relaxing)
 .ARM.exidx.text.TC2_IrqHandler
                0x0040ada4        0x0 ../../../../libraries/libchip_sam3s/lib/libchip_sam3s4_gcc_dbg.a(exceptions.o)
                                  0x8 (size before relaxing)
 .ARM.exidx.text.TC3_IrqHandler
                0x0040ada4        0x0 ../../../../libraries/libchip_sam3s/lib/libchip_sam3s4_gcc_dbg.a(exceptions.o)
                                  0x8 (size before relaxing)
 .ARM.exidx.text.TC4_IrqHandler
                0x0040ada4        0x0 ../../../../libraries/libchip_sam3s/lib/libchip_sam3s4_gcc_dbg.a(exceptions.o)
                                  0x8 (size before relaxing)
 .ARM.exidx.text.TC5_IrqHandler
                0x0040ada4        0x0 ../../../../libraries/libchip_sam3s/lib/libchip_sam3s4_gcc_dbg.a(exceptions.o)
                                  0x8 (size before relaxing)
 .ARM.exidx.text.ADC_IrqHandler
                0x0040ada4        0x0 ../../../../libraries/libchip_sam3s/lib/libchip_sam3s4_gcc_dbg.a(exceptions.o)
                                  0x8 (size before relaxing)
 .ARM.exidx.text.DAC_IrqHandler
                0x0040ada4        0x0 ../../../../libraries/libchip_sam3s/lib/libchip_sam3s4_gcc_dbg.a(exceptions.o)
                                  0x8 (size before relaxing)
 .ARM.exidx.text.PWM_IrqHandler
                0x0040ada4        0x0 ../../../../libraries/libchip_sam3s/lib/libchip_sam3s4_gcc_dbg.a(exceptions.o)
                                  0x8 (size before relaxing)
 .ARM.exidx.text.CRCCU_IrqHandler
                0x0040ada4        0x0 ../../../../libraries/libchip_sam3s/lib/libchip_sam3s4_gcc_dbg.a(exceptions.o)
                                  0x8 (size before relaxing)
 .ARM.exidx.text.ACC_IrqHandler
                0x0040ada4        0x8 ../../../../libraries/libchip_sam3s/lib/libchip_sam3s4_gcc_dbg.a(exceptions.o)
                0x0040adac                PROVIDE (__exidx_end, .)

.eh_frame       0x0040adac        0x0
 .eh_frame      0x0040adac        0x0 /work/tools/arm-2012.09/bin/../lib/gcc/arm-none-eabi/4.7.2/thumb2/crtbegin.o

.rel.dyn        0x0040adac        0x0
 .rel.iplt      0x00000000        0x0 /work/tools/arm-2012.09/bin/../lib/gcc/arm-none-eabi/4.7.2/thumb2/crtbegin.o

.jcr            0x0040adac        0x0
 .jcr           0x0040adac        0x0 /work/tools/arm-2012.09/bin/../lib/gcc/arm-none-eabi/4.7.2/thumb2/crtbegin.o

.tm_clone_table
                0x0040adac        0x0
 .tm_clone_table
                0x0040adac        0x0 /work/tools/arm-2012.09/bin/../lib/gcc/arm-none-eabi/4.7.2/thumb2/crtbegin.o
 .tm_clone_table
                0x0040adac        0x0 /work/tools/arm-2012.09/bin/../lib/gcc/arm-none-eabi/4.7.2/thumb2/crtend.o

.igot.plt       0x0040adac        0x0
 .igot.plt      0x00000000        0x0 /work/tools/arm-2012.09/bin/../lib/gcc/arm-none-eabi/4.7.2/thumb2/crtbegin.o
                0x0040adac                . = ALIGN (0x4)
                0x0040adac                _etext = .

.relocate       0x20000000      0x594 load address 0x0040adac
                0x20000000                . = ALIGN (0x4)
                0x20000000                _srelocate = .
 *(.ramfunc .ramfunc.*)
 *(.data .data.*)
 .data          0x20000000        0x8 obj/flash_device_descriptor.o
                0x20000000                stringDescriptors
 .data          0x20000008        0x6 obj/flash_main.o
 *fill*         0x2000000e        0x2 
 .data          0x20000010       0xf4 /work/tools/arm-2012.09/bin/../arm-none-eabi/lib/thumb2/libc.a(lib_a-impure.o)
                0x20000010                _impure_ptr
 .data          0x20000104       0x7c /work/tools/arm-2012.09/bin/../arm-none-eabi/lib/thumb2/libc.a(lib_a-locale.o)
                0x20000124                __mb_cur_max
 .data          0x20000180      0x410 /work/tools/arm-2012.09/bin/../arm-none-eabi/lib/thumb2/libc.a(lib_a-mallocr.o)
                0x20000180                __malloc_av_
                0x20000588                __malloc_sbrk_base
                0x2000058c                __malloc_trim_threshold
 .data          0x20000590        0x4 /work/tools/arm-2012.09/bin/../arm-none-eabi/lib/thumb2/libc.a(lib_a-wctomb_r.o)
                0x20000590                __wctomb
                0x20000594                . = ALIGN (0x4)
                0x20000594                _erelocate = .

.bss            0x20000594      0xa88 load address 0x0040b340
                0x20000594                . = ALIGN (0x4)
                0x20000594                _sbss = .
                0x20000594                _szero = .
 *(.bss .bss.*)
 .bss           0x20000594       0x1c /work/tools/arm-2012.09/bin/../lib/gcc/arm-none-eabi/4.7.2/thumb2/crtbegin.o
 .bss           0x200005b0      0x8d4 obj/flash_main.o
 .bss           0x20000e84       0x34 /work/tools/arm-2012.09/bin/../arm-none-eabi/lib/thumb2/libc.a(lib_a-mallocr.o)
                0x20000e84                __malloc_top_pad
                0x20000e88                __malloc_current_mallinfo
                0x20000eb0                __malloc_max_sbrked_mem
                0x20000eb4                __malloc_max_total_mem
 .bss           0x20000eb8       0x3c ../../../../libraries/libchip_sam3s/lib/libchip_sam3s4_gcc_dbg.a(pio_it.o)
 .bss           0x20000ef4        0x4 ../../../../libraries/libchip_sam3s/lib/libchip_sam3s4_gcc_dbg.a(pio_capture.o)
 .bss           0x20000ef8        0x4 ../../../../libraries/libboard_sam3s-ek/lib/libboard_sam3s_ek_gcc_dbg.a(syscalls.o)
 .bss           0x20000efc        0x1 ../../../../libraries/libboard_sam3s-ek/lib/libboard_sam3s_ek_gcc_dbg.a(uart_console.o)
 *fill*         0x20000efd        0x3 
 .bss           0x20000f00       0x1c ../../../../libraries/usb/lib/libusb_sam3s_gcc_dbg.a(CDCDSerial.o)
 .bss           0x20000f1c        0x8 ../../../../libraries/usb/lib/libusb_sam3s_gcc_dbg.a(CDCDSerialPort.o)
 .bss           0x20000f24        0x2 ../../../../libraries/usb/lib/libusb_sam3s_gcc_dbg.a(USBD.o)
 *fill*         0x20000f26        0x2 
 .bss           0x20000f28       0x10 ../../../../libraries/usb/lib/libusb_sam3s_gcc_dbg.a(USBDDriver.o)
 .bss           0x20000f38       0xe0 ../../../../libraries/libchip_sam3s/lib/libchip_sam3s4_gcc_dbg.a(USBD_HAL.o)
 *(COMMON)
 COMMON         0x20001018        0x4 /work/tools/arm-2012.09/bin/../arm-none-eabi/lib/thumb2/libc.a(lib_a-reent.o)
                0x20001018                errno
                0x2000101c                . = ALIGN (0x4)
                0x2000101c                _ebss = .
                0x2000101c                _ezero = .

.stack          0x20001020     0x2400 load address 0x0040bdd0
                0x20001020                . = ALIGN (0x8)
 *(.stack .stack.*)
 .stack         0x20001020     0x2400 ../../../../libraries/libboard_sam3s-ek/lib/libboard_sam3s_ek_gcc_dbg.a(board_cstartup_gnu.o)
                0x20001020                pdwStack
                0x20003420                . = ALIGN (0x4)
                0x20003420                _end = .
OUTPUT(bin/usb_cdc_serial_sam3s_ek_sam3s4-flash.elf elf32-littlearm)

.ARM.attributes
                0x00000000       0x29
 .ARM.attributes
                0x00000000       0x19 /work/tools/arm-2012.09/bin/../lib/gcc/arm-none-eabi/4.7.2/thumb2/crti.o
 .ARM.attributes
                0x00000019       0x29 /work/tools/arm-2012.09/bin/../lib/gcc/arm-none-eabi/4.7.2/thumb2/crtbegin.o
 .ARM.attributes
                0x00000042       0x33 obj/flash_device_descriptor.o
 .ARM.attributes
                0x00000075       0x33 obj/flash_main.o
 .ARM.attributes
                0x000000a8       0x29 /work/tools/arm-2012.09/bin/../arm-none-eabi/lib/thumb2/libc.a(lib_a-iprintf.o)
 .ARM.attributes
                0x000000d1       0x29 /work/tools/arm-2012.09/bin/../arm-none-eabi/lib/thumb2/libc.a(lib_a-vfiprintf.o)
 .ARM.attributes
                0x000000fa       0x29 /work/tools/arm-2012.09/bin/../arm-none-eabi/lib/thumb2/libc.a(lib_a-wsetup.o)
 .ARM.attributes
                0x00000123       0x29 /work/tools/arm-2012.09/bin/../arm-none-eabi/lib/thumb2/libc.a(lib_a-fflush.o)
 .ARM.attributes
                0x0000014c       0x29 /work/tools/arm-2012.09/bin/../arm-none-eabi/lib/thumb2/libc.a(lib_a-findfp.o)
 .ARM.attributes
                0x00000175       0x29 /work/tools/arm-2012.09/bin/../arm-none-eabi/lib/thumb2/libc.a(lib_a-fputwc.o)
 .ARM.attributes
                0x0000019e       0x29 /work/tools/arm-2012.09/bin/../arm-none-eabi/lib/thumb2/libc.a(lib_a-freer.o)
 .ARM.attributes
                0x000001c7       0x29 /work/tools/arm-2012.09/bin/../arm-none-eabi/lib/thumb2/libc.a(lib_a-fvwrite.o)
 .ARM.attributes
                0x000001f0       0x29 /work/tools/arm-2012.09/bin/../arm-none-eabi/lib/thumb2/libc.a(lib_a-fwalk.o)
 .ARM.attributes
                0x00000219       0x29 /work/tools/arm-2012.09/bin/../arm-none-eabi/lib/thumb2/libc.a(lib_a-impure.o)
 .ARM.attributes
                0x00000242       0x29 /work/tools/arm-2012.09/bin/../arm-none-eabi/lib/thumb2/libc.a(lib_a-locale.o)
 .ARM.attributes
                0x0000026b       0x29 /work/tools/arm-2012.09/bin/../arm-none-eabi/lib/thumb2/libc.a(lib_a-makebuf.o)
 .ARM.attributes
                0x00000294       0x29 /work/tools/arm-2012.09/bin/../arm-none-eabi/lib/thumb2/libc.a(lib_a-mallocr.o)
 .ARM.attributes
                0x000002bd       0x29 /work/tools/arm-2012.09/bin/../arm-none-eabi/lib/thumb2/libc.a(lib_a-memchr.o)
 .ARM.attributes
                0x000002e6       0x29 /work/tools/arm-2012.09/bin/../arm-none-eabi/lib/thumb2/libc.a(lib_a-memcpy.o)
 .ARM.attributes
                0x0000030f       0x29 /work/tools/arm-2012.09/bin/../arm-none-eabi/lib/thumb2/libc.a(lib_a-memmove.o)
 .ARM.attributes
                0x00000338       0x29 /work/tools/arm-2012.09/bin/../arm-none-eabi/lib/thumb2/libc.a(lib_a-memset.o)
 .ARM.attributes
                0x00000361       0x29 /work/tools/arm-2012.09/bin/../arm-none-eabi/lib/thumb2/libc.a(lib_a-mlock.o)
 .ARM.attributes
                0x0000038a       0x29 /work/tools/arm-2012.09/bin/../arm-none-eabi/lib/thumb2/libc.a(lib_a-reallocr.o)
 .ARM.attributes
                0x000003b3       0x29 /work/tools/arm-2012.09/bin/../arm-none-eabi/lib/thumb2/libc.a(lib_a-sbrkr.o)
 .ARM.attributes
                0x000003dc       0x29 /work/tools/arm-2012.09/bin/../arm-none-eabi/lib/thumb2/libc.a(lib_a-stdio.o)
 .ARM.attributes
                0x00000405       0x29 /work/tools/arm-2012.09/bin/../arm-none-eabi/lib/thumb2/libc.a(lib_a-strcmp.o)
 .ARM.attributes
                0x0000042e       0x29 /work/tools/arm-2012.09/bin/../arm-none-eabi/lib/thumb2/libc.a(lib_a-strlen.o)
 .ARM.attributes
                0x00000457       0x29 /work/tools/arm-2012.09/bin/../arm-none-eabi/lib/thumb2/libc.a(lib_a-wbuf.o)
 .ARM.attributes
                0x00000480       0x29 /work/tools/arm-2012.09/bin/../arm-none-eabi/lib/thumb2/libc.a(lib_a-wcrtomb.o)
 .ARM.attributes
                0x000004a9       0x29 /work/tools/arm-2012.09/bin/../arm-none-eabi/lib/thumb2/libc.a(lib_a-wctomb_r.o)
 .ARM.attributes
                0x000004d2       0x29 /work/tools/arm-2012.09/bin/../arm-none-eabi/lib/thumb2/libc.a(lib_a-writer.o)
 .ARM.attributes
                0x000004fb       0x29 /work/tools/arm-2012.09/bin/../arm-none-eabi/lib/thumb2/libc.a(lib_a-closer.o)
 .ARM.attributes
                0x00000524       0x29 /work/tools/arm-2012.09/bin/../arm-none-eabi/lib/thumb2/libc.a(lib_a-fclose.o)
 .ARM.attributes
                0x0000054d       0x29 /work/tools/arm-2012.09/bin/../arm-none-eabi/lib/thumb2/libc.a(lib_a-fstatr.o)
 .ARM.attributes
                0x00000576       0x29 /work/tools/arm-2012.09/bin/../arm-none-eabi/lib/thumb2/libc.a(lib_a-isattyr.o)
 .ARM.attributes
                0x0000059f       0x29 /work/tools/arm-2012.09/bin/../arm-none-eabi/lib/thumb2/libc.a(lib_a-lseekr.o)
 .ARM.attributes
                0x000005c8       0x29 /work/tools/arm-2012.09/bin/../arm-none-eabi/lib/thumb2/libc.a(lib_a-readr.o)
 .ARM.attributes
                0x000005f1       0x29 /work/tools/arm-2012.09/bin/../arm-none-eabi/lib/thumb2/libc.a(lib_a-reent.o)
 .ARM.attributes
                0x0000061a       0x33 ../../../../libraries/libchip_sam3s/lib/libchip_sam3s4_gcc_dbg.a(pio_it.o)
 .ARM.attributes
                0x0000064d       0x31 ../../../../libraries/libchip_sam3s/lib/libchip_sam3s4_gcc_dbg.a(pio.o)
 .ARM.attributes
                0x0000067e       0x31 ../../../../libraries/libchip_sam3s/lib/libchip_sam3s4_gcc_dbg.a(pmc.o)
 .ARM.attributes
                0x000006af       0x31 ../../../../libraries/libchip_sam3s/lib/libchip_sam3s4_gcc_dbg.a(tc.o)
 .ARM.attributes
                0x000006e0       0x31 ../../../../libraries/libchip_sam3s/lib/libchip_sam3s4_gcc_dbg.a(wdt.o)
 .ARM.attributes
                0x00000711       0x31 ../../../../libraries/libchip_sam3s/lib/libchip_sam3s4_gcc_dbg.a(pio_capture.o)
 .ARM.attributes